demand_pipeline/sales.csv
Sales,Price,Region,Product,Year,Month,Source
210.0,3.54011075578,NE,ORA,2005,Sep,MomPop
252.0,3.08664903831,NE,ORA,2005,Oct,MomPop
798.0,2.04257455795,NE,ORA,2005,Nov,MomPop
1623.0,1.50978026161,NE,ORA,2005,Dec,MomPop
625.0,2.2544977,NE,ORA,2005,Jan,MomPop
755.0,2.07209500088,NE,ORA,2005,Feb,MomPop
665.0,2.28172409127,NE,ORA,2005,Mar,MomPop
1594.0,1.49893428047,NE,ORA,2005,Apr,MomPop
1430.0,1.58056136639,NE,ORA,2005,May,MomPop
770.0,2.21641965261,NE,ORA,2005,Jun,MomPop
351.0,3.22612093276,NE,ORA,2005,Jul,MomPop
445.0,2.56615902823,NE,ORA,2005,Aug,MomPop
272.0,1.6413602579,NE,ORA,2006,Sep,MomPop
0.0,2.93096697009,NE,ORA,2006,Oct,MomPop
0.0,1.81324035809,NE,ORA,2006,Nov,MomPop
0.0,2.33724084979,NE,ORA,2006,Dec,MomPop
0.0,1.28452257914,NE,ORA,2006,Jan,MomPop
0.0,2.97940945567,NE,ORA,2006,Feb,MomPop
0.0,2.70440187117,NE,ORA,2006,Mar,MomPop
0.0,1.29109842275,NE,ORA,2006,Apr,MomPop
0.0,2.62423046829,NE,ORA,2006,May,MomPop
0.0,1.62086991519,NE,ORA,2006,Jun,MomPop
0.0,3.18991390693,NE,ORA,2006,Jul,MomPop
0.0,1.78546606928,NE,ORA,2006,Aug,MomPop
0.0,1.31721448577,NE,ORA,2007,Sep,MomPop
0.0,2.20894228317,NE,ORA,2007,Oct,MomPop
0.0,1.06574199858,NE,ORA,2007,Nov,MomPop
0.0,2.82052744028,NE,ORA,2007,Dec,MomPop
0.0,2.61481425105,NE,ORA,2007,Jan,MomPop
0.0,3.11023842126,NE,ORA,2007,Feb,MomPop
29.0986130991,3.27769125719,NE,ORA,2007,Mar,MomPop
1159.64534087,1.10642034434,NE,ORA,2007,Apr,MomPop
0.0,2.48444803406,NE,ORA,2007,May,MomPop
0.0,2.80212612234,NE,ORA,2007,Jun,MomPop
103.151713809,2.6118094574,NE,ORA,2007,Jul,MomPop
316.744504004,3.06424005918,NE,ORA,2007,Aug,MomPop
380.0,2.52358672628,NE,ORA,2008,Sep,MomPop
26.9594032497,2.52358672628,NE,ORA,2008,Oct,MomPop
0.0,2.52358672628,NE,ORA,2008,Nov,MomPop
0.0,2.52358672628,NE,ORA,2008,Dec,MomPop
0.0,2.52358672628,NE,ORA,2008,Jan,MomPop
0.0,2.52358672628,NE,ORA,2008,Feb,MomPop
0.0,2.52358672628,NE,ORA,2008,Mar,MomPop
0.0,2.52358672628,NE,ORA,2008,Apr,MomPop
0.0,2.52358672628,NE,ORA,2008,May,MomPop
0.0,2.52358672628,NE,ORA,2008,Jun,MomPop
0.0,2.52358672628,NE,ORA,2008,Jul,MomPop
0.0,2.52358672628,NE,ORA,2008,Aug,MomPop
471.0,2.52358672628,NE,ORA,2009,Sep,MomPop
472.0,2.52358672628,NE,ORA,2009,Oct,MomPop
438.0,2.52358672628,NE,ORA,2009,Nov,MomPop
492.0,2.52358672628,NE,ORA,2009,Dec,MomPop
532.0,2.52358672628,NE,ORA,2009,Jan,MomPop
473.0,2.52358672628,NE,ORA,2009,Feb,MomPop
432.0,2.52358672628,NE,ORA,2009,Mar,MomPop
486.0,2.52358672628,NE,ORA,2009,Apr,MomPop
470.0,2.52358672628,NE,ORA,2009,May,MomPop
566.0,2.52358672628,NE,ORA,2009,Jun,MomPop
552.0,2.52358672628,NE,ORA,2009,Jul,MomPop
515.0,2.52358672628,NE,ORA,2009,Aug,MomPop
775.0,1.81725198036,NE,ORA,2010,Sep,MomPop
927.0,1.81725198036,NE,ORA,2010,Oct,MomPop
264.0,1.81725198036,NE,ORA,2010,Nov,MomPop
0.0,1.81725198036,NE,ORA,2010,Dec,MomPop
0.0,1.81725198036,NE,ORA,2010,Jan,MomPop
0.0,1.81725198036,NE,ORA,2010,Feb,MomPop
0.0,1.81725198036,NE,ORA,2010,Mar,MomPop
0.0,1.81725198036,NE,ORA,2010,Apr,MomPop
0.0,1.81725198036,NE,ORA,2010,May,MomPop
0.0,1.81725198036,NE,ORA,2010,Jun,MomPop
0.0,1.81725198036,NE,ORA,2010,Jul,MomPop
0.0,1.81725198036,NE,ORA,2010,Aug,MomPop
776.071558105,1.805,NE,ORA,2011,Sep,MomPop
1004.0,1.805,NE,ORA,2011,Oct,MomPop
1025.0,1.805,NE,ORA,2011,Nov,MomPop
847.0,1.805,NE,ORA,2011,Dec,MomPop
853.0,1.805,NE,ORA,2011,Jan,MomPop
968.0,1.805,NE,ORA,2011,Feb,MomPop
1061.0,1.805,NE,ORA,2011,Mar,MomPop
1153.0,1.805,NE,ORA,2011,Apr,MomPop
1218.0,1.805,NE,ORA,2011,May,MomPop
1023.0,1.805,NE,ORA,2011,Jun,MomPop
915.0,1.805,NE,ORA,2011,Jul,MomPop
1262.0,1.805,NE,ORA,2011,Aug,MomPop
1193.0,1.62846432495,NE,ORA,2012,Sep,MomPop
390.0,2.72422478149,NE,ORA,2012,Oct,MomPop
1116.0,1.68069559673,NE,ORA,2012,Nov,MomPop
937.0,1.85974502651,NE,ORA,2012,Dec,MomPop
263.0,3.15489489599,NE,ORA,2012,Jan,MomPop
2727.0,1.2409342504,NE,ORA,2012,Feb,MomPop
952.0,2.03098381952,NE,ORA,2012,Mar,MomPop
229.0,3.38708020404,NE,ORA,2012,Apr,MomPop
346.0,2.95085551545,NE,ORA,2012,May,MomPop
729.0,2.02925608424,NE,ORA,2012,Jun,MomPop
474.0,2.76335116169,NE,ORA,2012,Jul,MomPop
611.0,2.42268507821,NE,ORA,2012,Aug,MomPop
310.0,2.90448340785,NE,ORA,2013,Sep,MomPop
56.2244572724,2.90448340785,NE,ORA,2013,Oct,MomPop
0.0,2.90448340785,NE,ORA,2013,Nov,MomPop
0.0,2.90448340785,NE,ORA,2013,Dec,MomPop
0.0,2.90448340785,NE,ORA,2013,Jan,MomPop
0.0,2.90448340785,NE,ORA,2013,Feb,MomPop
0.0,2.90448340785,NE,ORA,2013,Mar,MomPop
0.0,2.90448340785,NE,ORA,2013,Apr,MomPop
0.0,2.90448340785,NE,ORA,2013,May,MomPop
0.0,2.90448340785,NE,ORA,2013,Jun,MomPop
0.0,2.90448340785,NE,ORA,2013,Jul,MomPop
0.0,2.90448340785,NE,ORA,2013,Aug,MomPop
225.0,3.48538008942,NE,ORA,2014,Sep,MomPop
217.0,3.48538008942,NE,ORA,2014,Oct,MomPop
174.0,3.48538008942,NE,ORA,2014,Nov,MomPop
285.0,3.48538008942,NE,ORA,2014,Dec,MomPop
242.0,3.48538008942,NE,ORA,2014,Jan,MomPop
234.0,3.48538008942,NE,ORA,2014,Feb,MomPop
198.0,3.48538008942,NE,ORA,2014,Mar,MomPop
238.0,3.48538008942,NE,ORA,2014,Apr,MomPop
259.0,3.48538008942,NE,ORA,2014,May,MomPop
233.0,3.48538008942,NE,ORA,2014,Jun,MomPop
225.0,3.48538008942,NE,ORA,2014,Jul,MomPop
275.0,3.48538008942,NE,ORA,2014,Aug,MomPop
3588.0,1.0,NE,ORA,2015p1,Sep,NotGrapefruit
1832.0,1.27272727273,NE,ORA,2015p1,Oct,NotGrapefruit
1181.0,1.54545454545,NE,ORA,2015p1,Nov,NotGrapefruit
941.0,1.81818181818,NE,ORA,2015p1,Dec,NotGrapefruit
719.0,2.09090909091,NE,ORA,2015p1,Jan,NotGrapefruit
685.0,2.36363636364,NE,ORA,2015p1,Feb,NotGrapefruit
435.0,2.63636363636,NE,ORA,2015p1,Mar,NotGrapefruit
336.0,2.90909090909,NE,ORA,2015p1,Apr,NotGrapefruit
303.0,3.18181818182,NE,ORA,2015p1,May,NotGrapefruit
232.0,3.45454545455,NE,ORA,2015p1,Jun,NotGrapefruit
245.0,3.72727272727,NE,ORA,2015p1,Jul,NotGrapefruit
188.0,4.0,NE,ORA,2015p1,Aug,NotGrapefruit
0.0,4.0,NE,ORA,2015p2,Sep,NotGrapefruit
0.0,3.72727272727,NE,ORA,2015p2,Oct,NotGrapefruit
0.0,3.45454545455,NE,ORA,2015p2,Nov,NotGrapefruit
0.0,3.18181818182,NE,ORA,2015p2,Dec,NotGrapefruit
0.0,2.90909090909,NE,ORA,2015p2,Jan,NotGrapefruit
0.0,2.63636363636,NE,ORA,2015p2,Feb,NotGrapefruit
0.0,2.36363636364,NE,ORA,2015p2,Mar,NotGrapefruit
0.0,2.09090909091,NE,ORA,2015p2,Apr,NotGrapefruit
0.0,1.81818181818,NE,ORA,2015p2,May,NotGrapefruit
0.0,1.54545454545,NE,ORA,2015p2,Jun,NotGrapefruit
0.0,1.27272727273,NE,ORA,2015p2,Jul,NotGrapefruit
0.0,1.0,NE,ORA,2015p2,Aug,NotGrapefruit
3588.0,1.0,NE,ORA,2015,Sep,NotGrapefruit
3119.0,1.0,NE,ORA,2015,Oct,NotGrapefruit
3090.0,1.0,NE,ORA,2015,Nov,NotGrapefruit
3556.0,1.0,NE,ORA,2015,Dec,NotGrapefruit
3708.0,1.0,NE,ORA,2015,Jan,NotGrapefruit
4645.0,1.0,NE,ORA,2015,Feb,NotGrapefruit
3797.0,1.0,NE,ORA,2015,Mar,NotGrapefruit
3605.0,1.0,NE,ORA,2015,Apr,NotGrapefruit
4007.0,1.0,NE,ORA,2015,May,NotGrapefruit
2448.0,1.2,NE,ORA,2015,Jun,NotGrapefruit
3084.0,1.2,NE,ORA,2015,Jul,NotGrapefruit
4031.0,1.0,NE,ORA,2015,Aug,NotGrapefruit
759.0,2.1,NE,ORA,2016,Sep,NotGrapefruit
689.0,2.1,NE,ORA,2016,Oct,NotGrapefruit
649.0,2.1,NE,ORA,2016,Nov,NotGrapefruit
655.0,2.1,NE,ORA,2016,Dec,NotGrapefruit
707.0,2.1,NE,ORA,2016,Jan,NotGrapefruit
824.0,2.1,NE,ORA,2016,Feb,NotGrapefruit
787.0,2.1,NE,ORA,2016,Mar,NotGrapefruit
754.0,2.1,NE,ORA,2016,Apr,NotGrapefruit
731.0,2.1,NE,ORA,2016,May,NotGrapefruit
785.0,2.1,NE,ORA,2016,Jun,NotGrapefruit
884.0,2.1,NE,ORA,2016,Jul,NotGrapefruit
700.0,2.1,NE,ORA,2016,Aug,NotGrapefruit
0.0,2.05,NE,ORA,2017,Sep,NotGrapefruit
0.0,2.05,NE,ORA,2017,Oct,NotGrapefruit
0.0,2.05,NE,ORA,2017,Nov,NotGrapefruit
242.879234888,2.05,NE,ORA,2017,Dec,NotGrapefruit
0.0,2.05,NE,ORA,2017,Jan,NotGrapefruit
72.3785326376,2.05,NE,ORA,2017,Feb,NotGrapefruit
0.0,2.05,NE,ORA,2017,Mar,NotGrapefruit
0.0,2.05,NE,ORA,2017,Apr,NotGrapefruit
1.16819306082,2.05,NE,ORA,2017,May,NotGrapefruit
0.0,2.05,NE,ORA,2017,Jun,NotGrapefruit
0.0,2.05,NE,ORA,2017,Jul,NotGrapefruit
0.0,2.05,NE,ORA,2017,Aug,NotGrapefruit
0.0,3.2,NE,ORA,2018,Sep,NotGrapefruit
897.742520068,1.9,NE,ORA,2018,Oct,NotGrapefruit
740.442474367,1.9,NE,ORA,2018,Nov,NotGrapefruit
895.00270186,1.9,NE,ORA,2018,Dec,NotGrapefruit
700.605600911,1.9,NE,ORA,2018,Jan,NotGrapefruit
733.035114045,1.9,NE,ORA,2018,Feb,NotGrapefruit
783.758130775,1.9,NE,ORA,2018,Mar,NotGrapefruit
713.31182119,1.9,NE,ORA,2018,Apr,NotGrapefruit
820.436868616,1.9,NE,ORA,2018,May,NotGrapefruit
885.042143491,1.9,NE,ORA,2018,Jun,NotGrapefruit
686.599112432,1.9,NE,ORA,2018,Jul,NotGrapefruit
897.466014669,1.9,NE,ORA,2018,Aug,NotGrapefruit
616.0,3.01604190473,MA,ORA,2005,Sep,MomPop
851.0,2.57732961819,MA,ORA,2005,Oct,MomPop
6822.0,1.06697000355,MA,ORA,2005,Nov,MomPop
936.0,2.52830767232,MA,ORA,2005,Dec,MomPop
932.0,2.41484654586,MA,ORA,2005,Jan,MomPop
582.0,2.9149669233,MA,ORA,2005,Feb,MomPop
744.0,2.96697806446,MA,ORA,2005,Mar,MomPop
496.0,3.22437622063,MA,ORA,2005,Apr,MomPop
1007.0,2.47301951174,MA,ORA,2005,May,MomPop
7591.0,1.03969901633,MA,ORA,2005,Jun,MomPop
4991.0,1.20549831444,MA,ORA,2005,Jul,MomPop
764.0,2.68704624305,MA,ORA,2005,Aug,MomPop
466.0,1.92806289731,MA,ORA,2006,Sep,MomPop
0.0,2.41394394262,MA,ORA,2006,Oct,MomPop
0.0,2.1021270552,MA,ORA,2006,Nov,MomPop
0.0,3.31303033797,MA,ORA,2006,Dec,MomPop
0.0,1.89571026558,MA,ORA,2006,Jan,MomPop
0.0,2.90916371575,MA,ORA,2006,Feb,MomPop
0.0,2.20461424067,MA,ORA,2006,Mar,MomPop
0.0,2.7282320858,MA,ORA,2006,Apr,MomPop
0.0,2.04167011337,MA,ORA,2006,May,MomPop
0.0,1.5447431808,MA,ORA,2006,Jun,MomPop
0.0,1.02348051632,MA,ORA,2006,Jul,MomPop
0.0,3.4486565314,MA,ORA,2006,Aug,MomPop
0.0,1.61093970774,MA,ORA,2007,Sep,MomPop
0.0,2.72102954865,MA,ORA,2007,Oct,MomPop
0.0,1.72635677041,MA,ORA,2007,Nov,MomPop
0.0,2.41378006655,MA,ORA,2007,Dec,MomPop
0.0,2.34329255843,MA,ORA,2007,Jan,MomPop
0.0,1.58167370518,MA,ORA,2007,Feb,MomPop
152.210233427,2.11130168252,MA,ORA,2007,Mar,MomPop
521.428149817,2.29424188562,MA,ORA,2007,Apr,MomPop
0.0,2.4029450031,MA,ORA,2007,May,MomPop
0.0,1.96765662122,MA,ORA,2007,Jun,MomPop
121.16339816,2.76345342393,MA,ORA,2007,Jul,MomPop
690.442963317,2.85288464428,MA,ORA,2007,Aug,MomPop
1276.0,2.13412407768,MA,ORA,2008,Sep,MomPop
74.2759069125,2.13412407768,MA,ORA,2008,Oct,MomPop
0.0,2.13412407768,MA,ORA,2008,Nov,MomPop
0.0,2.13412407768,MA,ORA,2008,Dec,MomPop
0.0,2.13412407768,MA,ORA,2008,Jan,MomPop
0.0,2.13412407768,MA,ORA,2008,Feb,MomPop
0.0,2.13412407768,MA,ORA,2008,Mar,MomPop
0.0,2.13412407768,MA,ORA,2008,Apr,MomPop
0.0,2.13412407768,MA,ORA,2008,May,MomPop
0.0,2.13412407768,MA,ORA,2008,Jun,MomPop
0.0,2.13412407768,MA,ORA,2008,Jul,MomPop
0.0,2.13412407768,MA,ORA,2008,Aug,MomPop
1292.0,2.13412407768,MA,ORA,2009,Sep,MomPop
1033.0,2.13412407768,MA,ORA,2009,Oct,MomPop
1163.0,2.13412407768,MA,ORA,2009,Nov,MomPop
1348.0,2.13412407768,MA,ORA,2009,Dec,MomPop
1317.0,2.13412407768,MA,ORA,2009,Jan,MomPop
1158.0,2.13412407768,MA,ORA,2009,Feb,MomPop
1597.0,2.13412407768,MA,ORA,2009,Mar,MomPop
1462.0,2.13412407768,MA,ORA,2009,Apr,MomPop
1473.0,2.13412407768,MA,ORA,2009,May,MomPop
1343.0,2.13412407768,MA,ORA,2009,Jun,MomPop
1037.0,2.13412407768,MA,ORA,2009,Jul,MomPop
1109.0,2.13412407768,MA,ORA,2009,Aug,MomPop
1559.0,1.9627019,MA,ORA,2010,Sep,MomPop
1482.0,1.9627019,MA,ORA,2010,Oct,MomPop
371.0,1.9627019,MA,ORA,2010,Nov,MomPop
0.0,1.9627019,MA,ORA,2010,Dec,MomPop
0.0,1.9627019,MA,ORA,2010,Jan,MomPop
0.0,1.9627019,MA,ORA,2010,Feb,MomPop
0.0,1.9627019,MA,ORA,2010,Mar,MomPop
0.0,1.9627019,MA,ORA,2010,Apr,MomPop
0.0,1.9627019,MA,ORA,2010,May,MomPop
0.0,1.9627019,MA,ORA,2010,Jun,MomPop
0.0,1.9627019,MA,ORA,2010,Jul,MomPop
0.0,1.9627019,MA,ORA,2010,Aug,MomPop
1372.75016684,1.805,MA,ORA,2011,Sep,MomPop
1736.0,1.805,MA,ORA,2011,Oct,MomPop
1859.0,1.805,MA,ORA,2011,Nov,MomPop
1977.0,1.805,MA,ORA,2011,Dec,MomPop
2097.0,1.805,MA,ORA,2011,Jan,MomPop
1892.0,1.805,MA,ORA,2011,Feb,MomPop
1804.0,1.805,MA,ORA,2011,Mar,MomPop
2129.0,1.805,MA,ORA,2011,Apr,MomPop
1515.0,1.805,MA,ORA,2011,May,MomPop
1932.0,1.805,MA,ORA,2011,Jun,MomPop
1942.0,1.805,MA,ORA,2011,Jul,MomPop
2044.0,1.805,MA,ORA,2011,Aug,MomPop
2205.0,1.7931521434,MA,ORA,2012,Sep,MomPop
695.0,2.80561882984,MA,ORA,2012,Oct,MomPop
1763.0,1.78920403365,MA,ORA,2012,Nov,MomPop
514.0,3.09402868351,MA,ORA,2012,Dec,MomPop
1515.0,1.90400238883,MA,ORA,2012,Jan,MomPop
1266.0,2.05377306256,MA,ORA,2012,Feb,MomPop
417.0,3.37561639644,MA,ORA,2012,Mar,MomPop
5008.0,1.18684498443,MA,ORA,2012,Apr,MomPop
1917.0,1.78252357707,MA,ORA,2012,May,MomPop
710.0,2.91663175526,MA,ORA,2012,Jun,MomPop
1425.0,2.04231860525,MA,ORA,2012,Jul,MomPop
691.0,2.79951427852,MA,ORA,2012,Aug,MomPop
963.0,2.4176550971,MA,ORA,2013,Sep,MomPop
271.305317632,2.4176550971,MA,ORA,2013,Oct,MomPop
0.0,2.4176550971,MA,ORA,2013,Nov,MomPop
0.0,2.4176550971,MA,ORA,2013,Dec,MomPop
0.0,2.4176550971,MA,ORA,2013,Jan,MomPop
0.0,2.4176550971,MA,ORA,2013,Feb,MomPop
0.0,2.4176550971,MA,ORA,2013,Mar,MomPop
0.0,2.4176550971,MA,ORA,2013,Apr,MomPop
0.0,2.4176550971,MA,ORA,2013,May,MomPop
0.0,2.4176550971,MA,ORA,2013,Jun,MomPop
0.0,2.4176550971,MA,ORA,2013,Jul,MomPop
0.0,2.4176550971,MA,ORA,2013,Aug,MomPop
697.0,2.90118611652,MA,ORA,2014,Sep,MomPop
543.0,2.90118611652,MA,ORA,2014,Oct,MomPop
538.0,2.90118611652,MA,ORA,2014,Nov,MomPop
569.0,2.90118611652,MA,ORA,2014,Dec,MomPop
690.0,2.90118611652,MA,ORA,2014,Jan,MomPop
693.0,2.90118611652,MA,ORA,2014,Feb,MomPop
697.0,2.90118611652,MA,ORA,2014,Mar,MomPop
747.0,2.90118611652,MA,ORA,2014,Apr,MomPop
675.0,2.90118611652,MA,ORA,2014,May,MomPop
689.0,2.90118611652,MA,ORA,2014,Jun,MomPop
607.0,2.90118611652,MA,ORA,2014,Jul,MomPop
791.0,2.90118611652,MA,ORA,2014,Aug,MomPop
6265.0,1.0,MA,ORA,2015p1,Sep,NotGrapefruit
3667.0,1.27272727273,MA,ORA,2015p1,Oct,NotGrapefruit
3147.0,1.54545454545,MA,ORA,2015p1,Nov,NotGrapefruit
1994.0,1.81818181818,MA,ORA,2015p1,Dec,NotGrapefruit
1309.0,2.09090909091,MA,ORA,2015p1,Jan,NotGrapefruit
1166.0,2.36363636364,MA,ORA,2015p1,Feb,NotGrapefruit
673.0,2.63636363636,MA,ORA,2015p1,Mar,NotGrapefruit
744.0,2.90909090909,MA,ORA,2015p1,Apr,NotGrapefruit
595.0,3.18181818182,MA,ORA,2015p1,May,NotGrapefruit
507.0,3.45454545455,MA,ORA,2015p1,Jun,NotGrapefruit
413.0,3.72727272727,MA,ORA,2015p1,Jul,NotGrapefruit
303.0,4.0,MA,ORA,2015p1,Aug,NotGrapefruit
0.0,4.0,MA,ORA,2015p2,Sep,NotGrapefruit
0.0,3.72727272727,MA,ORA,2015p2,Oct,NotGrapefruit
0.0,3.45454545455,MA,ORA,2015p2,Nov,NotGrapefruit
0.0,3.18181818182,MA,ORA,2015p2,Dec,NotGrapefruit
0.0,2.90909090909,MA,ORA,2015p2,Jan,NotGrapefruit
0.0,2.63636363636,MA,ORA,2015p2,Feb,NotGrapefruit
0.0,2.36363636364,MA,ORA,2015p2,Mar,NotGrapefruit
0.0,2.09090909091,MA,ORA,2015p2,Apr,NotGrapefruit
0.0,1.81818181818,MA,ORA,2015p2,May,NotGrapefruit
0.0,1.54545454545,MA,ORA,2015p2,Jun,NotGrapefruit
0.0,1.27272727273,MA,ORA,2015p2,Jul,NotGrapefruit
0.0,1.0,MA,ORA,2015p2,Aug,NotGrapefruit
6265.0,1.0,MA,ORA,2015,Sep,NotGrapefruit
6262.0,1.0,MA,ORA,2015,Oct,NotGrapefruit
8289.0,1.0,MA,ORA,2015,Nov,NotGrapefruit
7548.0,1.0,MA,ORA,2015,Dec,NotGrapefruit
6799.0,1.0,MA,ORA,2015,Jan,NotGrapefruit
7963.0,1.0,MA,ORA,2015,Feb,NotGrapefruit
5864.0,1.0,MA,ORA,2015,Mar,NotGrapefruit
8115.0,1.0,MA,ORA,2015,Apr,NotGrapefruit
7984.0,1.0,MA,ORA,2015,May,NotGrapefruit
5501.0,1.2,MA,ORA,2015,Jun,NotGrapefruit
5273.0,1.2,MA,ORA,2015,Jul,NotGrapefruit
6795.0,1.0,MA,ORA,2015,Aug,NotGrapefruit
1233.0,2.0,MA,ORA,2016,Sep,NotGrapefruit
1545.0,2.0,MA,ORA,2016,Oct,NotGrapefruit
1450.0,2.0,MA,ORA,2016,Nov,NotGrapefruit
1526.0,2.0,MA,ORA,2016,Dec,NotGrapefruit
1451.0,2.0,MA,ORA,2016,Jan,NotGrapefruit
1480.0,2.0,MA,ORA,2016,Feb,NotGrapefruit
1533.0,2.0,MA,ORA,2016,Mar,NotGrapefruit
1790.0,2.0,MA,ORA,2016,Apr,NotGrapefruit
1561.0,2.0,MA,ORA,2016,May,NotGrapefruit
1741.0,2.0,MA,ORA,2016,Jun,NotGrapefruit
1451.25836447,2.0,MA,ORA,2016,Jul,NotGrapefruit
1157.27241334,2.0,MA,ORA,2016,Aug,NotGrapefruit
0.0,1.95,MA,ORA,2017,Sep,NotGrapefruit
132.439846535,1.95,MA,ORA,2017,Oct,NotGrapefruit
225.809951284,1.95,MA,ORA,2017,Nov,NotGrapefruit
609.73510754,1.95,MA,ORA,2017,Dec,NotGrapefruit
230.877821544,1.95,MA,ORA,2017,Jan,NotGrapefruit
402.25171162,1.95,MA,ORA,2017,Feb,NotGrapefruit
271.989588642,1.95,MA,ORA,2017,Mar,NotGrapefruit
283.0,1.95,MA,ORA,2017,Apr,NotGrapefruit
252.477309438,1.95,MA,ORA,2017,May,NotGrapefruit
287.325505703,1.95,MA,ORA,2017,Jun,NotGrapefruit
216.004175921,1.95,MA,ORA,2017,Jul,NotGrapefruit
257.597055123,1.95,MA,ORA,2017,Aug,NotGrapefruit
0.0,2.8,MA,ORA,2018,Sep,NotGrapefruit
928.938720258,2.3,MA,ORA,2018,Oct,NotGrapefruit
831.20712721,2.3,MA,ORA,2018,Nov,NotGrapefruit
1086.8322627,2.3,MA,ORA,2018,Dec,NotGrapefruit
1068.75095561,2.3,MA,ORA,2018,Jan,NotGrapefruit
1010.00538174,2.3,MA,ORA,2018,Feb,NotGrapefruit
1079.33452476,2.3,MA,ORA,2018,Mar,NotGrapefruit
918.020370657,2.3,MA,ORA,2018,Apr,NotGrapefruit
1033.11475329,2.3,MA,ORA,2018,May,NotGrapefruit
994.064733576,2.3,MA,ORA,2018,Jun,NotGrapefruit
979.828482608,2.3,MA,ORA,2018,Jul,NotGrapefruit
909.376146774,2.3,MA,ORA,2018,Aug,NotGrapefruit
