demand_pipeline/sales.csv
Sales,Price,Region,Product,Year,Month,Source
292.0,3.27205008136,SE,ORA,2005,Sep,MomPop
833.0,2.03582938435,SE,ORA,2005,Oct,MomPop
1029.0,1.83252248382,SE,ORA,2005,Nov,MomPop
1181.0,1.68410950694,SE,ORA,2005,Dec,MomPop
462.0,2.64012182236,SE,ORA,2005,Jan,MomPop
2202.0,1.39048027562,SE,ORA,2005,Feb,MomPop
494.0,2.52294726156,SE,ORA,2005,Mar,MomPop
774.0,2.102823046,SE,ORA,2005,Apr,MomPop
507.0,2.44153370789,SE,ORA,2005,May,MomPop
293.0,3.33948613613,SE,ORA,2005,Jun,MomPop
1375.0,1.68378922408,SE,ORA,2005,Jul,MomPop
904.0,1.8067546413,SE,ORA,2005,Aug,MomPop
63.0,3.11937581508,SE,ORA,2006,Sep,MomPop
0.0,1.2123159145,SE,ORA,2006,Oct,MomPop
0.0,3.24654432705,SE,ORA,2006,Nov,MomPop
0.0,3.54556915114,SE,ORA,2006,Dec,MomPop
0.0,1.88296789586,SE,ORA,2006,Jan,MomPop
0.0,3.36756694416,SE,ORA,2006,Feb,MomPop
0.0,1.77611237821,SE,ORA,2006,Mar,MomPop
0.0,1.02595319429,SE,ORA,2006,Apr,MomPop
0.0,2.0131318062,SE,ORA,2006,May,MomPop
0.0,2.49208439595,SE,ORA,2006,Jun,MomPop
0.0,1.96078992931,SE,ORA,2006,Jul,MomPop
0.0,3.0695089256,SE,ORA,2006,Aug,MomPop
0.0,2.54079885276,SE,ORA,2007,Sep,MomPop
0.0,2.65876259661,SE,ORA,2007,Oct,MomPop
0.0,1.4024242692,SE,ORA,2007,Nov,MomPop
0.0,2.22194015026,SE,ORA,2007,Dec,MomPop
0.0,1.23089040389,SE,ORA,2007,Jan,MomPop
0.0,2.49724030538,SE,ORA,2007,Feb,MomPop
31.0168795609,3.14377616954,SE,ORA,2007,Mar,MomPop
143.234806153,2.79684208816,SE,ORA,2007,Apr,MomPop
0.0,2.51850021344,SE,ORA,2007,May,MomPop
0.0,1.23591351767,SE,ORA,2007,Jun,MomPop
50.049420279,3.00047003478,SE,ORA,2007,Jul,MomPop
2049.20460398,1.25765268604,SE,ORA,2007,Aug,MomPop
750.0,1.97384121764,SE,ORA,2008,Sep,MomPop
76.7517704762,1.97384121764,SE,ORA,2008,Oct,MomPop
0.0,1.97384121764,SE,ORA,2008,Nov,MomPop
0.0,1.97384121764,SE,ORA,2008,Dec,MomPop
0.0,1.97384121764,SE,ORA,2008,Jan,MomPop
0.0,1.97384121764,SE,ORA,2008,Feb,MomPop
0.0,1.97384121764,SE,ORA,2008,Mar,MomPop
0.0,1.97384121764,SE,ORA,2008,Apr,MomPop
0.0,1.97384121764,SE,ORA,2008,May,MomPop
0.0,1.97384121764,SE,ORA,2008,Jun,MomPop
0.0,1.97384121764,SE,ORA,2008,Jul,MomPop
0.0,1.97384121764,SE,ORA,2008,Aug,MomPop
857.0,1.97384121764,SE,ORA,2009,Sep,MomPop
851.0,1.97384121764,SE,ORA,2009,Oct,MomPop
752.0,1.97384121764,SE,ORA,2009,Nov,MomPop
716.0,1.97384121764,SE,ORA,2009,Dec,MomPop
776.0,1.97384121764,SE,ORA,2009,Jan,MomPop
880.0,1.97384121764,SE,ORA,2009,Feb,MomPop
940.0,1.97384121764,SE,ORA,2009,Mar,MomPop
819.0,1.97384121764,SE,ORA,2009,Apr,MomPop
760.0,1.97384121764,SE,ORA,2009,May,MomPop
737.0,1.97384121764,SE,ORA,2009,Jun,MomPop
760.0,1.97384121764,SE,ORA,2009,Jul,MomPop
856.0,1.97384121764,SE,ORA,2009,Aug,MomPop
815.0,1.85840041042,SE,ORA,2010,Sep,MomPop
780.0,1.85840041042,SE,ORA,2010,Oct,MomPop
320.0,1.85840041042,SE,ORA,2010,Nov,MomPop
0.0,1.85840041042,SE,ORA,2010,Dec,MomPop
0.0,1.85840041042,SE,ORA,2010,Jan,MomPop
0.0,1.85840041042,SE,ORA,2010,Feb,MomPop
0.0,1.85840041042,SE,ORA,2010,Mar,MomPop
0.0,1.85840041042,SE,ORA,2010,Apr,MomPop
0.0,1.85840041042,SE,ORA,2010,May,MomPop
0.0,1.85840041042,SE,ORA,2010,Jun,MomPop
0.0,1.85840041042,SE,ORA,2010,Jul,MomPop
0.0,1.85840041042,SE,ORA,2010,Aug,MomPop
556.532148558,2.0425,SE,ORA,2011,Sep,MomPop
814.0,2.0425,SE,ORA,2011,Oct,MomPop
870.0,2.0425,SE,ORA,2011,Nov,MomPop
945.0,2.0425,SE,ORA,2011,Dec,MomPop
820.0,2.0425,SE,ORA,2011,Jan,MomPop
779.0,2.0425,SE,ORA,2011,Feb,MomPop
873.0,2.0425,SE,ORA,2011,Mar,MomPop
884.0,2.0425,SE,ORA,2011,Apr,MomPop
920.0,2.0425,SE,ORA,2011,May,MomPop
707.0,2.0425,SE,ORA,2011,Jun,MomPop
855.0,2.0425,SE,ORA,2011,Jul,MomPop
845.0,2.0425,SE,ORA,2011,Aug,MomPop
262.0,3.58747299718,SE,ORA,2012,Sep,MomPop
3239.0,1.03420203299,SE,ORA,2012,Oct,MomPop
2624.0,1.11276039192,SE,ORA,2012,Nov,MomPop
405.0,2.82107229097,SE,ORA,2012,Dec,MomPop
863.0,2.05732420175,SE,ORA,2012,Jan,MomPop
1405.0,1.65913007841,SE,ORA,2012,Feb,MomPop
274.0,3.14120325435,SE,ORA,2012,Mar,MomPop
333.0,2.99608263726,SE,ORA,2012,Apr,MomPop
520.0,2.63012670075,SE,ORA,2012,May,MomPop
407.0,2.92457174622,SE,ORA,2012,Jun,MomPop
1416.0,1.60566621106,SE,ORA,2012,Jul,MomPop
377.0,2.9834222326,SE,ORA,2012,Aug,MomPop
651.0,2.21730152205,SE,ORA,2013,Sep,MomPop
154.394144573,2.21730152205,SE,ORA,2013,Oct,MomPop
0.0,2.21730152205,SE,ORA,2013,Nov,MomPop
0.0,2.21730152205,SE,ORA,2013,Dec,MomPop
0.0,2.21730152205,SE,ORA,2013,Jan,MomPop
0.0,2.21730152205,SE,ORA,2013,Feb,MomPop
0.0,2.21730152205,SE,ORA,2013,Mar,MomPop
0.0,2.21730152205,SE,ORA,2013,Apr,MomPop
0.0,2.21730152205,SE,ORA,2013,May,MomPop
0.0,2.21730152205,SE,ORA,2013,Jun,MomPop
0.0,2.21730152205,SE,ORA,2013,Jul,MomPop
0.0,2.21730152205,SE,ORA,2013,Aug,MomPop
476.0,2.66076182646,SE,ORA,2014,Sep,MomPop
444.0,2.66076182646,SE,ORA,2014,Oct,MomPop
432.0,2.66076182646,SE,ORA,2014,Nov,MomPop
421.0,2.66076182646,SE,ORA,2014,Dec,MomPop
453.0,2.66076182646,SE,ORA,2014,Jan,MomPop
407.0,2.66076182646,SE,ORA,2014,Feb,MomPop
448.0,2.66076182646,SE,ORA,2014,Mar,MomPop
446.0,2.66076182646,SE,ORA,2014,Apr,MomPop
555.0,2.66076182646,SE,ORA,2014,May,MomPop
440.0,2.66076182646,SE,ORA,2014,Jun,MomPop
472.0,2.66076182646,SE,ORA,2014,Jul,MomPop
456.0,2.66076182646,SE,ORA,2014,Aug,MomPop
3904.0,1.0,SE,ORA,2015p1,Sep,NotGrapefruit
2581.0,1.27272727273,SE,ORA,2015p1,Oct,NotGrapefruit
1453.0,1.54545454545,SE,ORA,2015p1,Nov,NotGrapefruit
1213.0,1.81818181818,SE,ORA,2015p1,Dec,NotGrapefruit
846.0,2.09090909091,SE,ORA,2015p1,Jan,NotGrapefruit
538.0,2.36363636364,SE,ORA,2015p1,Feb,NotGrapefruit
399.0,2.63636363636,SE,ORA,2015p1,Mar,NotGrapefruit
367.0,2.90909090909,SE,ORA,2015p1,Apr,NotGrapefruit
323.0,3.18181818182,SE,ORA,2015p1,May,NotGrapefruit
274.0,3.45454545455,SE,ORA,2015p1,Jun,NotGrapefruit
216.0,3.72727272727,SE,ORA,2015p1,Jul,NotGrapefruit
201.0,4.0,SE,ORA,2015p1,Aug,NotGrapefruit
0.0,4.0,SE,ORA,2015p2,Sep,NotGrapefruit
0.0,3.72727272727,SE,ORA,2015p2,Oct,NotGrapefruit
0.0,3.45454545455,SE,ORA,2015p2,Nov,NotGrapefruit
0.0,3.18181818182,SE,ORA,2015p2,Dec,NotGrapefruit
0.0,2.90909090909,SE,ORA,2015p2,Jan,NotGrapefruit
0.0,2.63636363636,SE,ORA,2015p2,Feb,NotGrapefruit
0.0,2.36363636364,SE,ORA,2015p2,Mar,NotGrapefruit
0.0,2.09090909091,SE,ORA,2015p2,Apr,NotGrapefruit
0.0,1.81818181818,SE,ORA,2015p2,May,NotGrapefruit
0.0,1.54545454545,SE,ORA,2015p2,Jun,NotGrapefruit
0.0,1.27272727273,SE,ORA,2015p2,Jul,NotGrapefruit
0.0,1.0,SE,ORA,2015p2,Aug,NotGrapefruit
3904.0,1.0,SE,ORA,2015,Sep,NotGrapefruit
4287.0,1.0,SE,ORA,2015,Oct,NotGrapefruit
3655.0,1.0,SE,ORA,2015,Nov,NotGrapefruit
4331.0,1.0,SE,ORA,2015,Dec,NotGrapefruit
4107.0,1.0,SE,ORA,2015,Jan,NotGrapefruit
3423.0,1.0,SE,ORA,2015,Feb,NotGrapefruit
3191.0,1.0,SE,ORA,2015,Mar,NotGrapefruit
3725.0,1.0,SE,ORA,2015,Apr,NotGrapefruit
3939.0,1.0,SE,ORA,2015,May,NotGrapefruit
2787.0,1.2,SE,ORA,2015,Jun,NotGrapefruit
2544.0,1.2,SE,ORA,2015,Jul,NotGrapefruit
4123.0,1.0,SE,ORA,2015,Aug,NotGrapefruit
612.0,2.3,SE,ORA,2016,Sep,NotGrapefruit
618.0,2.3,SE,ORA,2016,Oct,NotGrapefruit
550.0,2.3,SE,ORA,2016,Nov,NotGrapefruit
604.0,2.3,SE,ORA,2016,Dec,NotGrapefruit
752.0,2.3,SE,ORA,2016,Jan,NotGrapefruit
631.0,2.3,SE,ORA,2016,Feb,NotGrapefruit
626.0,2.3,SE,ORA,2016,Mar,NotGrapefruit
698.0,2.3,SE,ORA,2016,Apr,NotGrapefruit
619.0,2.3,SE,ORA,2016,May,NotGrapefruit
610.0,2.3,SE,ORA,2016,Jun,NotGrapefruit
598.0,2.3,SE,ORA,2016,Jul,NotGrapefruit
633.0,2.3,SE,ORA,2016,Aug,NotGrapefruit
0.0,1.85,SE,ORA,2017,Sep,NotGrapefruit
0.0,1.85,SE,ORA,2017,Oct,NotGrapefruit
0.0,1.85,SE,ORA,2017,Nov,NotGrapefruit
256.775118695,1.85,SE,ORA,2017,Dec,NotGrapefruit
0.0,1.85,SE,ORA,2017,Jan,NotGrapefruit
86.935109034,1.85,SE,ORA,2017,Feb,NotGrapefruit
0.0,1.85,SE,ORA,2017,Mar,NotGrapefruit
0.0,1.85,SE,ORA,2017,Apr,NotGrapefruit
1.02108726798,1.85,SE,ORA,2017,May,NotGrapefruit
0.0,1.85,SE,ORA,2017,Jun,NotGrapefruit
0.0,1.85,SE,ORA,2017,Jul,NotGrapefruit
0.0,1.85,SE,ORA,2017,Aug,NotGrapefruit
0.0,2.8,SE,ORA,2018,Sep,NotGrapefruit
563.745435836,2.4,SE,ORA,2018,Oct,NotGrapefruit
472.730663634,2.4,SE,ORA,2018,Nov,NotGrapefruit
488.823544045,2.4,SE,ORA,2018,Dec,NotGrapefruit
555.41619341,2.4,SE,ORA,2018,Jan,NotGrapefruit
488.235757733,2.4,SE,ORA,2018,Feb,NotGrapefruit
399.997199581,2.4,SE,ORA,2018,Mar,NotGrapefruit
467.056849677,2.4,SE,ORA,2018,Apr,NotGrapefruit
457.760952655,2.4,SE,ORA,2018,May,NotGrapefruit
427.582615367,2.4,SE,ORA,2018,Jun,NotGrapefruit
425.203474006,2.4,SE,ORA,2018,Jul,NotGrapefruit
502.853445814,2.4,SE,ORA,2018,Aug,NotGrapefruit
455.0,3.34818148431,MW,ORA,2005,Sep,MomPop
466.0,3.36169930821,MW,ORA,2005,Oct,MomPop
4409.0,1.16116910033,MW,ORA,2005,Nov,MomPop
1000.0,2.35856743655,MW,ORA,2005,Dec,MomPop
1295.0,1.94575575772,MW,ORA,2005,Jan,MomPop
338.0,3.59494420943,MW,ORA,2005,Feb,MomPop
530.0,3.30350950033,MW,ORA,2005,Mar,MomPop
547.0,3.02770231596,MW,ORA,2005,Apr,MomPop
1132.0,2.27769048248,MW,ORA,2005,May,MomPop
340.0,3.59284428549,MW,ORA,2005,Jun,MomPop
5797.0,1.11211686547,MW,ORA,2005,Jul,MomPop
729.0,2.61212898373,MW,ORA,2005,Aug,MomPop
516.0,1.79398609506,MW,ORA,2006,Sep,MomPop
484.0,1.27072518371,MW,ORA,2006,Oct,MomPop
40.0,3.14083583479,MW,ORA,2006,Nov,MomPop
0.0,2.6627154982,MW,ORA,2006,Dec,MomPop
0.0,3.58729909398,MW,ORA,2006,Jan,MomPop
0.0,3.55938235852,MW,ORA,2006,Feb,MomPop
0.0,2.77704231384,MW,ORA,2006,Mar,MomPop
0.0,1.99312725101,MW,ORA,2006,Apr,MomPop
0.0,1.861134945,MW,ORA,2006,May,MomPop
0.0,1.32803747583,MW,ORA,2006,Jun,MomPop
0.0,1.82807593888,MW,ORA,2006,Jul,MomPop
0.0,3.36382942947,MW,ORA,2006,Aug,MomPop
252.93599478,1.52215389467,MW,ORA,2007,Sep,MomPop
228.0,1.94010550302,MW,ORA,2007,Oct,MomPop
216.0,1.96837806564,MW,ORA,2007,Nov,MomPop
398.0,1.42079136932,MW,ORA,2007,Dec,MomPop
193.0,2.06038952623,MW,ORA,2007,Jan,MomPop
70.0,2.89037867692,MW,ORA,2007,Feb,MomPop
90.065193704,3.46722665547,MW,ORA,2007,Mar,MomPop
580.950981676,2.11706775591,MW,ORA,2007,Apr,MomPop
137.0,2.30032399138,MW,ORA,2007,May,MomPop
130.0,2.23705840832,MW,ORA,2007,Jun,MomPop
892.87734046,1.25219915061,MW,ORA,2007,Jul,MomPop
1247.49350839,1.98487979,MW,ORA,2007,Aug,MomPop
1646.0,1.94913795848,MW,ORA,2008,Sep,MomPop
315.514244175,1.94913795848,MW,ORA,2008,Oct,MomPop
203.0,1.94913795848,MW,ORA,2008,Nov,MomPop
203.0,1.94913795848,MW,ORA,2008,Dec,MomPop
208.0,1.94913795848,MW,ORA,2008,Jan,MomPop
210.0,1.94913795848,MW,ORA,2008,Feb,MomPop
196.0,1.94913795848,MW,ORA,2008,Mar,MomPop
220.0,1.94913795848,MW,ORA,2008,Apr,MomPop
192.0,1.94913795848,MW,ORA,2008,May,MomPop
209.0,1.94913795848,MW,ORA,2008,Jun,MomPop
186.0,1.94913795848,MW,ORA,2008,Jul,MomPop
221.0,1.94913795848,MW,ORA,2008,Aug,MomPop
1484.0,1.94913795848,MW,ORA,2009,Sep,MomPop
1336.0,1.94913795848,MW,ORA,2009,Oct,MomPop
1234.0,1.94913795848,MW,ORA,2009,Nov,MomPop
1125.0,1.94913795848,MW,ORA,2009,Dec,MomPop
1288.0,1.94913795848,MW,ORA,2009,Jan,MomPop
1059.0,1.94913795848,MW,ORA,2009,Feb,MomPop
1078.0,1.94913795848,MW,ORA,2009,Mar,MomPop
1443.0,1.94913795848,MW,ORA,2009,Apr,MomPop
1400.0,1.94913795848,MW,ORA,2009,May,MomPop
1364.0,1.94913795848,MW,ORA,2009,Jun,MomPop
1375.0,1.94913795848,MW,ORA,2009,Jul,MomPop
1453.0,1.94913795848,MW,ORA,2009,Aug,MomPop
1068.21715609,2.14058151932,MW,ORA,2010,Sep,MomPop
1349.0,2.14058151932,MW,ORA,2010,Oct,MomPop
357.0,2.14058151932,MW,ORA,2010,Nov,MomPop
171.0,2.14058151932,MW,ORA,2010,Dec,MomPop
160.0,2.14058151932,MW,ORA,2010,Jan,MomPop
141.0,2.14058151932,MW,ORA,2010,Feb,MomPop
164.0,2.14058151932,MW,ORA,2010,Mar,MomPop
159.0,2.14058151932,MW,ORA,2010,Apr,MomPop
148.0,2.14058151932,MW,ORA,2010,May,MomPop
147.0,2.14058151932,MW,ORA,2010,Jun,MomPop
153.0,2.14058151932,MW,ORA,2010,Jul,MomPop
160.0,2.14058151932,MW,ORA,2010,Aug,MomPop
809.899397943,2.09,MW,ORA,2011,Sep,MomPop
1286.0,2.09,MW,ORA,2011,Oct,MomPop
1433.0,2.09,MW,ORA,2011,Nov,MomPop
1292.0,2.09,MW,ORA,2011,Dec,MomPop
1210.0,2.09,MW,ORA,2011,Jan,MomPop
1382.0,2.09,MW,ORA,2011,Feb,MomPop
1321.0,2.09,MW,ORA,2011,Mar,MomPop
1287.0,2.09,MW,ORA,2011,Apr,MomPop
1591.0,2.09,MW,ORA,2011,May,MomPop
1312.0,2.09,MW,ORA,2011,Jun,MomPop
1352.0,2.09,MW,ORA,2011,Jul,MomPop
1425.0,2.09,MW,ORA,2011,Aug,MomPop
1678.0,1.82434496547,MW,ORA,2012,Sep,MomPop
875.0,2.41514049956,MW,ORA,2012,Oct,MomPop
2057.0,1.76879811981,MW,ORA,2012,Nov,MomPop
1594.0,1.92194102852,MW,ORA,2012,Dec,MomPop
3197.0,1.44762292891,MW,ORA,2012,Jan,MomPop
1638.0,1.84039325902,MW,ORA,2012,Feb,MomPop
483.0,3.24484634452,MW,ORA,2012,Mar,MomPop
947.0,2.53374406973,MW,ORA,2012,Apr,MomPop
723.0,2.61416381525,MW,ORA,2012,May,MomPop
1669.0,1.8284969519,MW,ORA,2012,Jun,MomPop
2567.0,1.5683561002,MW,ORA,2012,Jul,MomPop
2752.0,1.37196697939,MW,ORA,2012,Aug,MomPop
1195.0,2.18642244809,MW,ORA,2013,Sep,MomPop
415.316669955,2.18642244809,MW,ORA,2013,Oct,MomPop
131.0,2.18642244809,MW,ORA,2013,Nov,MomPop
165.0,2.18642244809,MW,ORA,2013,Dec,MomPop
166.0,2.18642244809,MW,ORA,2013,Jan,MomPop
140.0,2.18642244809,MW,ORA,2013,Feb,MomPop
147.0,2.18642244809,MW,ORA,2013,Mar,MomPop
154.0,2.18642244809,MW,ORA,2013,Apr,MomPop
137.0,2.18642244809,MW,ORA,2013,May,MomPop
168.0,2.18642244809,MW,ORA,2013,Jun,MomPop
176.0,2.18642244809,MW,ORA,2013,Jul,MomPop
157.0,2.18642244809,MW,ORA,2013,Aug,MomPop
874.0,2.62370693771,MW,ORA,2014,Sep,MomPop
724.0,2.62370693771,MW,ORA,2014,Oct,MomPop
755.0,2.62370693771,MW,ORA,2014,Nov,MomPop
669.513963632,2.62370693771,MW,ORA,2014,Dec,MomPop
665.375351178,2.62370693771,MW,ORA,2014,Jan,MomPop
714.616559242,2.62370693771,MW,ORA,2014,Feb,MomPop
830.0,2.62370693771,MW,ORA,2014,Mar,MomPop
760.280141794,2.62370693771,MW,ORA,2014,Apr,MomPop
691.407544425,2.62370693771,MW,ORA,2014,May,MomPop
706.949720974,2.62370693771,MW,ORA,2014,Jun,MomPop
706.972860065,2.62370693771,MW,ORA,2014,Jul,MomPop
816.163802551,2.62370693771,MW,ORA,2014,Aug,MomPop
5124.0,1.0,MW,ORA,2015p1,Sep,NotGrapefruit
4110.0,1.27272727273,MW,ORA,2015p1,Oct,NotGrapefruit
2386.0,1.54545454545,MW,ORA,2015p1,Nov,NotGrapefruit
1918.0,1.81818181818,MW,ORA,2015p1,Dec,NotGrapefruit
1027.0,2.09090909091,MW,ORA,2015p1,Jan,NotGrapefruit
900.0,2.36363636364,MW,ORA,2015p1,Feb,NotGrapefruit
861.0,2.63636363636,MW,ORA,2015p1,Mar,NotGrapefruit
689.0,2.90909090909,MW,ORA,2015p1,Apr,NotGrapefruit
602.0,3.18181818182,MW,ORA,2015p1,May,NotGrapefruit
499.0,3.45454545455,MW,ORA,2015p1,Jun,NotGrapefruit
396.0,3.72727272727,MW,ORA,2015p1,Jul,NotGrapefruit
293.0,4.0,MW,ORA,2015p1,Aug,NotGrapefruit
0.0,4.0,MW,ORA,2015p2,Sep,NotGrapefruit
0.0,3.72727272727,MW,ORA,2015p2,Oct,NotGrapefruit
0.0,3.45454545455,MW,ORA,2015p2,Nov,NotGrapefruit
0.0,3.18181818182,MW,ORA,2015p2,Dec,NotGrapefruit
0.0,2.90909090909,MW,ORA,2015p2,Jan,NotGrapefruit
0.0,2.63636363636,MW,ORA,2015p2,Feb,NotGrapefruit
0.0,2.36363636364,MW,ORA,2015p2,Mar,NotGrapefruit
0.0,2.09090909091,MW,ORA,2015p2,Apr,NotGrapefruit
0.0,1.81818181818,MW,ORA,2015p2,May,NotGrapefruit
0.0,1.54545454545,MW,ORA,2015p2,Jun,NotGrapefruit
0.0,1.27272727273,MW,ORA,2015p2,Jul,NotGrapefruit
0.0,1.0,MW,ORA,2015p2,Aug,NotGrapefruit
3177.0,1.25,MW,ORA,2015,Sep,NotGrapefruit
4207.70956355,1.25,MW,ORA,2015,Oct,NotGrapefruit
3701.14040617,1.25,MW,ORA,2015,Nov,NotGrapefruit
4228.61473705,1.25,MW,ORA,2015,Dec,NotGrapefruit
3152.87037759,1.25,MW,ORA,2015,Jan,NotGrapefruit
3613.62339056,1.25,MW,ORA,2015,Feb,NotGrapefruit
4369.03893936,1.25,MW,ORA,2015,Mar,NotGrapefruit
4299.35404242,1.25,MW,ORA,2015,Apr,NotGrapefruit
4560.73211456,1.25,MW,ORA,2015,May,NotGrapefruit
3152.43069307,1.5,MW,ORA,2015,Jun,NotGrapefruit
2934.0,1.5,MW,ORA,2015,Jul,NotGrapefruit
3834.09621993,1.25,MW,ORA,2015,Aug,NotGrapefruit
1053.0,2.35,MW,ORA,2016,Sep,NotGrapefruit
999.108278631,2.35,MW,ORA,2016,Oct,NotGrapefruit
938.754592501,2.35,MW,ORA,2016,Nov,NotGrapefruit
1108.0,2.35,MW,ORA,2016,Dec,NotGrapefruit
1051.0,2.35,MW,ORA,2016,Jan,NotGrapefruit
954.0,2.35,MW,ORA,2016,Feb,NotGrapefruit
855.0,2.35,MW,ORA,2016,Mar,NotGrapefruit
902.0,2.35,MW,ORA,2016,Apr,NotGrapefruit
953.0,2.35,MW,ORA,2016,May,NotGrapefruit
1002.56023381,2.35,MW,ORA,2016,Jun,NotGrapefruit
919.261471306,2.35,MW,ORA,2016,Jul,NotGrapefruit
387.84559368,2.35,MW,ORA,2016,Aug,NotGrapefruit
190.702996681,2.12,MW,ORA,2017,Sep,NotGrapefruit
645.419474771,2.12,MW,ORA,2017,Oct,NotGrapefruit
1128.6608832,2.12,MW,ORA,2017,Nov,NotGrapefruit
1088.79637517,2.12,MW,ORA,2017,Dec,NotGrapefruit
1103.25281418,2.12,MW,ORA,2017,Jan,NotGrapefruit
1252.00790475,2.12,MW,ORA,2017,Feb,NotGrapefruit
1085.72341782,2.12,MW,ORA,2017,Mar,NotGrapefruit
926.786432481,2.12,MW,ORA,2017,Apr,NotGrapefruit
1014.95710345,2.12,MW,ORA,2017,May,NotGrapefruit
1008.25143959,2.12,MW,ORA,2017,Jun,NotGrapefruit
892.881995169,2.12,MW,ORA,2017,Jul,NotGrapefruit
884.154251336,2.12,MW,ORA,2017,Aug,NotGrapefruit
5.6170212766,3.1,MW,ORA,2018,Sep,NotGrapefruit
1003.40253364,2.2,MW,ORA,2018,Oct,NotGrapefruit
1086.27158273,2.2,MW,ORA,2018,Nov,NotGrapefruit
846.609883464,2.2,MW,ORA,2018,Dec,NotGrapefruit
1054.23797903,2.2,MW,ORA,2018,Jan,NotGrapefruit
1016.51065757,2.2,MW,ORA,2018,Feb,NotGrapefruit
935.21956689,2.2,MW,ORA,2018,Mar,NotGrapefruit
982.337018057,2.2,MW,ORA,2018,Apr,NotGrapefruit
1028.1099222,2.2,MW,ORA,2018,May,NotGrapefruit
1033.50226047,2.2,MW,ORA,2018,Jun,NotGrapefruit
958.137227613,2.2,MW,ORA,2018,Jul,NotGrapefruit
991.169277042,2.2,MW,ORA,2018,Aug,NotGrapefruit
