demand_pipeline/sales.csv
Sales,Price,Region,Product,Year,Month,Source
1844.0,1.34169934227,DS,ORA,2005,Sep,MomPop
1805.0,1.33525062077,DS,ORA,2005,Oct,MomPop
978.0,1.75390087241,DS,ORA,2005,Nov,MomPop
833.0,1.93268987,DS,ORA,2005,Dec,MomPop
1409.0,1.40865458886,DS,ORA,2005,Jan,MomPop
2080.0,1.21792559339,DS,ORA,2005,Feb,MomPop
257.0,3.28741899444,DS,ORA,2005,Mar,MomPop
283.0,3.49611249829,DS,ORA,2005,Apr,MomPop
313.0,3.08396525349,DS,ORA,2005,May,MomPop
1481.0,1.47091379422,DS,ORA,2005,Jun,MomPop
225.0,3.55527751757,DS,ORA,2005,Jul,MomPop
377.0,2.83916159574,DS,ORA,2005,Aug,MomPop
184.0,3.58238374716,DS,ORA,2006,Sep,MomPop
322.0,2.88871380395,DS,ORA,2006,Oct,MomPop
219.0,3.07127989429,DS,ORA,2006,Nov,MomPop
0.0,3.49915447955,DS,ORA,2006,Dec,MomPop
0.0,3.42042075199,DS,ORA,2006,Jan,MomPop
0.0,3.3906213075,DS,ORA,2006,Feb,MomPop
0.0,1.37411487872,DS,ORA,2006,Mar,MomPop
0.0,2.79997567686,DS,ORA,2006,Apr,MomPop
0.0,3.20632775662,DS,ORA,2006,May,MomPop
0.0,1.76834580986,DS,ORA,2006,Jun,MomPop
0.0,1.40499041528,DS,ORA,2006,Jul,MomPop
0.0,1.39580705671,DS,ORA,2006,Aug,MomPop
263.064827719,2.7714283665,DS,ORA,2007,Sep,MomPop
254.0,3.51621889974,DS,ORA,2007,Oct,MomPop
472.0,2.32393539976,DS,ORA,2007,Nov,MomPop
315.0,3.12800325329,DS,ORA,2007,Dec,MomPop
2126.0,1.3078909326,DS,ORA,2007,Jan,MomPop
503.0,2.39044667414,DS,ORA,2007,Feb,MomPop
382.0,2.87046731573,DS,ORA,2007,Mar,MomPop
1590.0,1.53452736938,DS,ORA,2007,Apr,MomPop
685.0,2.24360105124,DS,ORA,2007,May,MomPop
275.0,3.36988284526,DS,ORA,2007,Jun,MomPop
352.0,2.93399712336,DS,ORA,2007,Jul,MomPop
682.0,2.18301833609,DS,ORA,2007,Aug,MomPop
867.0,1.80668891894,DS,ORA,2008,Sep,MomPop
752.0,1.80668891894,DS,ORA,2008,Oct,MomPop
982.0,1.80668891894,DS,ORA,2008,Nov,MomPop
1026.0,1.80668891894,DS,ORA,2008,Dec,MomPop
998.0,1.80668891894,DS,ORA,2008,Jan,MomPop
956.0,1.80668891894,DS,ORA,2008,Feb,MomPop
1038.0,1.80668891894,DS,ORA,2008,Mar,MomPop
1014.0,1.80668891894,DS,ORA,2008,Apr,MomPop
950.0,1.80668891894,DS,ORA,2008,May,MomPop
958.0,1.80668891894,DS,ORA,2008,Jun,MomPop
910.0,1.80668891894,DS,ORA,2008,Jul,MomPop
1156.0,1.80668891894,DS,ORA,2008,Aug,MomPop
842.0,1.80668891894,DS,ORA,2009,Sep,MomPop
727.0,1.80668891894,DS,ORA,2009,Oct,MomPop
0.0,1.80668891894,DS,ORA,2009,Nov,MomPop
0.0,1.80668891894,DS,ORA,2009,Dec,MomPop
0.0,1.80668891894,DS,ORA,2009,Jan,MomPop
0.0,1.80668891894,DS,ORA,2009,Feb,MomPop
0.0,1.80668891894,DS,ORA,2009,Mar,MomPop
0.0,1.80668891894,DS,ORA,2009,Apr,MomPop
0.0,1.80668891894,DS,ORA,2009,May,MomPop
0.0,1.80668891894,DS,ORA,2009,Jun,MomPop
0.0,1.80668891894,DS,ORA,2009,Jul,MomPop
0.0,1.80668891894,DS,ORA,2009,Aug,MomPop
259.622784869,1.78974074375,DS,ORA,2010,Sep,MomPop
904.0,1.78974074375,DS,ORA,2010,Oct,MomPop
1061.0,1.78974074375,DS,ORA,2010,Nov,MomPop
1092.0,1.78974074375,DS,ORA,2010,Dec,MomPop
956.0,1.78974074375,DS,ORA,2010,Jan,MomPop
1059.0,1.78974074375,DS,ORA,2010,Feb,MomPop
960.0,1.78974074375,DS,ORA,2010,Mar,MomPop
928.0,1.78974074375,DS,ORA,2010,Apr,MomPop
1089.0,1.78974074375,DS,ORA,2010,May,MomPop
1044.0,1.78974074375,DS,ORA,2010,Jun,MomPop
1122.0,1.78974074375,DS,ORA,2010,Jul,MomPop
951.0,1.78974074375,DS,ORA,2010,Aug,MomPop
677.0,2.09,DS,ORA,2011,Sep,MomPop
627.0,2.09,DS,ORA,2011,Oct,MomPop
714.0,2.09,DS,ORA,2011,Nov,MomPop
795.0,2.09,DS,ORA,2011,Dec,MomPop
784.0,2.09,DS,ORA,2011,Jan,MomPop
752.0,2.09,DS,ORA,2011,Feb,MomPop
644.0,2.09,DS,ORA,2011,Mar,MomPop
816.0,2.09,DS,ORA,2011,Apr,MomPop
722.0,2.09,DS,ORA,2011,May,MomPop
718.0,2.09,DS,ORA,2011,Jun,MomPop
659.0,2.09,DS,ORA,2011,Jul,MomPop
734.0,2.09,DS,ORA,2011,Aug,MomPop
202.0,3.48084253692,DS,ORA,2012,Sep,MomPop
525.0,2.46092969367,DS,ORA,2012,Oct,MomPop
1736.0,1.44108946513,DS,ORA,2012,Nov,MomPop
1421.0,1.59175508209,DS,ORA,2012,Dec,MomPop
1094.0,1.5796573508,DS,ORA,2012,Jan,MomPop
3637.0,1.01064890106,DS,ORA,2012,Feb,MomPop
807.0,1.99226708063,DS,ORA,2012,Mar,MomPop
295.0,3.07448876292,DS,ORA,2012,Apr,MomPop
668.0,2.33743878809,DS,ORA,2012,May,MomPop
955.0,1.87694221858,DS,ORA,2012,Jun,MomPop
333.0,3.13751837133,DS,ORA,2012,Jul,MomPop
391.0,3.03358809641,DS,ORA,2012,Aug,MomPop
733.0,2.00836114867,DS,ORA,2013,Sep,MomPop
847.0,2.00836114867,DS,ORA,2013,Oct,MomPop
766.0,2.00836114867,DS,ORA,2013,Nov,MomPop
820.0,2.00836114867,DS,ORA,2013,Dec,MomPop
889.0,2.00836114867,DS,ORA,2013,Jan,MomPop
886.0,2.00836114867,DS,ORA,2013,Feb,MomPop
792.0,2.00836114867,DS,ORA,2013,Mar,MomPop
906.0,2.00836114867,DS,ORA,2013,Apr,MomPop
828.0,2.00836114867,DS,ORA,2013,May,MomPop
888.0,2.00836114867,DS,ORA,2013,Jun,MomPop
907.0,2.00836114867,DS,ORA,2013,Jul,MomPop
802.0,2.00836114867,DS,ORA,2013,Aug,MomPop
569.0,2.4100333784,DS,ORA,2014,Sep,MomPop
472.0,2.4100333784,DS,ORA,2014,Oct,MomPop
447.0,2.4100333784,DS,ORA,2014,Nov,MomPop
500.75739578,2.4100333784,DS,ORA,2014,Dec,MomPop
432.725094383,2.4100333784,DS,ORA,2014,Jan,MomPop
411.074153919,2.4100333784,DS,ORA,2014,Feb,MomPop
447.0,2.4100333784,DS,ORA,2014,Mar,MomPop
516.6341796,2.4100333784,DS,ORA,2014,Apr,MomPop
357.84055811,2.4100333784,DS,ORA,2014,May,MomPop
446.809193352,2.4100333784,DS,ORA,2014,Jun,MomPop
516.421379029,2.4100333784,DS,ORA,2014,Jul,MomPop
436.299401456,2.4100333784,DS,ORA,2014,Aug,MomPop
3164.0,1.0,DS,ORA,2015p1,Sep,NotGrapefruit
2133.0,1.27272727273,DS,ORA,2015p1,Oct,NotGrapefruit
1536.0,1.54545454545,DS,ORA,2015p1,Nov,NotGrapefruit
1112.0,1.81818181818,DS,ORA,2015p1,Dec,NotGrapefruit
575.0,2.09090909091,DS,ORA,2015p1,Jan,NotGrapefruit
509.0,2.36363636364,DS,ORA,2015p1,Feb,NotGrapefruit
417.0,2.63636363636,DS,ORA,2015p1,Mar,NotGrapefruit
356.0,2.90909090909,DS,ORA,2015p1,Apr,NotGrapefruit
312.0,3.18181818182,DS,ORA,2015p1,May,NotGrapefruit
254.0,3.45454545455,DS,ORA,2015p1,Jun,NotGrapefruit
216.0,3.72727272727,DS,ORA,2015p1,Jul,NotGrapefruit
180.0,4.0,DS,ORA,2015p1,Aug,NotGrapefruit
0.0,4.0,DS,ORA,2015p2,Sep,NotGrapefruit
0.0,3.72727272727,DS,ORA,2015p2,Oct,NotGrapefruit
0.0,3.45454545455,DS,ORA,2015p2,Nov,NotGrapefruit
0.0,3.18181818182,DS,ORA,2015p2,Dec,NotGrapefruit
0.0,2.90909090909,DS,ORA,2015p2,Jan,NotGrapefruit
0.0,2.63636363636,DS,ORA,2015p2,Feb,NotGrapefruit
0.0,2.36363636364,DS,ORA,2015p2,Mar,NotGrapefruit
0.0,2.09090909091,DS,ORA,2015p2,Apr,NotGrapefruit
0.0,1.81818181818,DS,ORA,2015p2,May,NotGrapefruit
0.0,1.54545454545,DS,ORA,2015p2,Jun,NotGrapefruit
0.0,1.27272727273,DS,ORA,2015p2,Jul,NotGrapefruit
0.0,1.0,DS,ORA,2015p2,Aug,NotGrapefruit
3164.0,1.0,DS,ORA,2015,Sep,NotGrapefruit
3162.91749284,1.0,DS,ORA,2015,Oct,NotGrapefruit
3248.79187686,1.0,DS,ORA,2015,Nov,NotGrapefruit
3308.01829601,1.0,DS,ORA,2015,Dec,NotGrapefruit
2825.92521799,1.0,DS,ORA,2015,Jan,NotGrapefruit
3236.50321888,1.0,DS,ORA,2015,Feb,NotGrapefruit
3047.56179671,1.0,DS,ORA,2015,Mar,NotGrapefruit
3030.4190692,1.0,DS,ORA,2015,Apr,NotGrapefruit
3049.00592924,1.0,DS,ORA,2015,May,NotGrapefruit
2672.05940594,1.2,DS,ORA,2015,Jun,NotGrapefruit
2709.0,1.2,DS,ORA,2015,Jul,NotGrapefruit
3930.25871379,1.0,DS,ORA,2015,Aug,NotGrapefruit
557.0,2.2,DS,ORA,2016,Sep,NotGrapefruit
636.727295902,2.2,DS,ORA,2016,Oct,NotGrapefruit
634.636106319,2.2,DS,ORA,2016,Nov,NotGrapefruit
616.0,2.2,DS,ORA,2016,Dec,NotGrapefruit
616.0,2.2,DS,ORA,2016,Jan,NotGrapefruit
608.0,2.2,DS,ORA,2016,Feb,NotGrapefruit
695.0,2.2,DS,ORA,2016,Mar,NotGrapefruit
494.0,2.2,DS,ORA,2016,Apr,NotGrapefruit
673.0,2.2,DS,ORA,2016,May,NotGrapefruit
638.755847598,2.2,DS,ORA,2016,Jun,NotGrapefruit
542.007659337,2.2,DS,ORA,2016,Jul,NotGrapefruit
611.46559636,2.2,DS,ORA,2016,Aug,NotGrapefruit
550.727444286,2.3,DS,ORA,2017,Sep,NotGrapefruit
574.370903955,2.3,DS,ORA,2017,Oct,NotGrapefruit
569.790134529,2.3,DS,ORA,2017,Nov,NotGrapefruit
623.0,2.3,DS,ORA,2017,Dec,NotGrapefruit
563.0,2.3,DS,ORA,2017,Jan,NotGrapefruit
538.0,2.3,DS,ORA,2017,Feb,NotGrapefruit
629.421888959,2.3,DS,ORA,2017,Mar,NotGrapefruit
521.903797039,2.3,DS,ORA,2017,Apr,NotGrapefruit
644.870967742,2.3,DS,ORA,2017,May,NotGrapefruit
537.367088608,2.3,DS,ORA,2017,Jun,NotGrapefruit
627.608342159,2.3,DS,ORA,2017,Jul,NotGrapefruit
565.696954119,2.3,DS,ORA,2017,Aug,NotGrapefruit
14.9787234043,3.1,DS,ORA,2018,Sep,NotGrapefruit
467.701888225,2.55,DS,ORA,2018,Oct,NotGrapefruit
340.163731459,2.55,DS,ORA,2018,Nov,NotGrapefruit
365.740201058,2.55,DS,ORA,2018,Dec,NotGrapefruit
332.273976017,2.55,DS,ORA,2018,Jan,NotGrapefruit
379.701260388,2.55,DS,ORA,2018,Feb,NotGrapefruit
361.124074752,2.55,DS,ORA,2018,Mar,NotGrapefruit
366.533995041,2.55,DS,ORA,2018,Apr,NotGrapefruit
347.247856778,2.55,DS,ORA,2018,May,NotGrapefruit
354.947294904,2.55,DS,ORA,2018,Jun,NotGrapefruit
374.318219277,2.55,DS,ORA,2018,Jul,NotGrapefruit
364.166440606,2.55,DS,ORA,2018,Aug,NotGrapefruit
177.0,3.22354122419,NW,ORA,2005,Sep,MomPop
235.0,2.50886399149,NW,ORA,2005,Oct,MomPop
260.0,2.49333140649,NW,ORA,2005,Nov,MomPop
442.0,1.965308863,NW,ORA,2005,Dec,MomPop
360.0,2.15357391452,NW,ORA,2005,Jan,MomPop
743.0,1.60840833763,NW,ORA,2005,Feb,MomPop
169.0,3.32112341112,NW,ORA,2005,Mar,MomPop
357.0,2.25403190408,NW,ORA,2005,Apr,MomPop
592.0,1.70448946118,NW,ORA,2005,May,MomPop
352.0,2.40364053726,NW,ORA,2005,Jun,MomPop
152.0,3.17010774173,NW,ORA,2005,Jul,MomPop
117.0,3.59697942046,NW,ORA,2005,Aug,MomPop
744.0,1.56341261624,NW,ORA,2006,Sep,MomPop
226.0,2.82549272422,NW,ORA,2006,Oct,MomPop
236.0,2.42610774981,NW,ORA,2006,Nov,MomPop
0.0,1.47881461611,NW,ORA,2006,Dec,MomPop
0.0,1.63123195368,NW,ORA,2006,Jan,MomPop
0.0,2.67535182065,NW,ORA,2006,Feb,MomPop
0.0,2.74670541619,NW,ORA,2006,Mar,MomPop
0.0,1.0058235318,NW,ORA,2006,Apr,MomPop
0.0,2.11593673764,NW,ORA,2006,May,MomPop
0.0,2.3818816201,NW,ORA,2006,Jun,MomPop
0.0,2.94547460547,NW,ORA,2006,Jul,MomPop
0.0,1.69013325707,NW,ORA,2006,Aug,MomPop
159.690265307,2.88327934971,NW,ORA,2007,Sep,MomPop
146.0,3.48024918958,NW,ORA,2007,Oct,MomPop
171.0,3.23367830382,NW,ORA,2007,Nov,MomPop
126.0,3.57684684288,NW,ORA,2007,Dec,MomPop
471.0,1.96310208798,NW,ORA,2007,Jan,MomPop
172.0,3.07457300876,NW,ORA,2007,Feb,MomPop
363.0,2.37162436622,NW,ORA,2007,Mar,MomPop
217.0,3.17382305047,NW,ORA,2007,Apr,MomPop
157.0,3.07978267963,NW,ORA,2007,May,MomPop
163.0,3.50464581784,NW,ORA,2007,Jun,MomPop
206.0,2.92722720333,NW,ORA,2007,Jul,MomPop
314.0,2.67327632842,NW,ORA,2007,Aug,MomPop
475.0,1.83666084155,NW,ORA,2008,Sep,MomPop
493.0,1.83666084155,NW,ORA,2008,Oct,MomPop
566.0,1.83666084155,NW,ORA,2008,Nov,MomPop
505.0,1.83666084155,NW,ORA,2008,Dec,MomPop
590.0,1.83666084155,NW,ORA,2008,Jan,MomPop
593.0,1.83666084155,NW,ORA,2008,Feb,MomPop
574.0,1.83666084155,NW,ORA,2008,Mar,MomPop
636.0,1.83666084155,NW,ORA,2008,Apr,MomPop
626.0,1.83666084155,NW,ORA,2008,May,MomPop
597.0,1.83666084155,NW,ORA,2008,Jun,MomPop
618.0,1.83666084155,NW,ORA,2008,Jul,MomPop
588.0,1.83666084155,NW,ORA,2008,Aug,MomPop
444.0,1.83666084155,NW,ORA,2009,Sep,MomPop
326.0,1.83666084155,NW,ORA,2009,Oct,MomPop
0.0,1.83666084155,NW,ORA,2009,Nov,MomPop
0.0,1.83666084155,NW,ORA,2009,Dec,MomPop
0.0,1.83666084155,NW,ORA,2009,Jan,MomPop
0.0,1.83666084155,NW,ORA,2009,Feb,MomPop
0.0,1.83666084155,NW,ORA,2009,Mar,MomPop
0.0,1.83666084155,NW,ORA,2009,Apr,MomPop
0.0,1.83666084155,NW,ORA,2009,May,MomPop
0.0,1.83666084155,NW,ORA,2009,Jun,MomPop
0.0,1.83666084155,NW,ORA,2009,Jul,MomPop
0.0,1.83666084155,NW,ORA,2009,Aug,MomPop
174.88296605,1.94971094688,NW,ORA,2010,Sep,MomPop
415.0,1.94971094688,NW,ORA,2010,Oct,MomPop
442.0,1.94971094688,NW,ORA,2010,Nov,MomPop
487.0,1.94971094688,NW,ORA,2010,Dec,MomPop
404.0,1.94971094688,NW,ORA,2010,Jan,MomPop
584.0,1.94971094688,NW,ORA,2010,Feb,MomPop
526.0,1.94971094688,NW,ORA,2010,Mar,MomPop
444.0,1.94971094688,NW,ORA,2010,Apr,MomPop
524.0,1.94971094688,NW,ORA,2010,May,MomPop
607.0,1.94971094688,NW,ORA,2010,Jun,MomPop
516.0,1.94971094688,NW,ORA,2010,Jul,MomPop
577.0,1.94971094688,NW,ORA,2010,Aug,MomPop
348.0,2.38613491157,NW,ORA,2011,Sep,MomPop
266.0,2.38613491157,NW,ORA,2011,Oct,MomPop
341.0,2.38613491157,NW,ORA,2011,Nov,MomPop
340.0,2.38613491157,NW,ORA,2011,Dec,MomPop
362.0,2.38613491157,NW,ORA,2011,Jan,MomPop
300.0,2.38613491157,NW,ORA,2011,Feb,MomPop
313.0,2.38613491157,NW,ORA,2011,Mar,MomPop
319.0,2.38613491157,NW,ORA,2011,Apr,MomPop
306.0,2.38613491157,NW,ORA,2011,May,MomPop
390.0,2.38613491157,NW,ORA,2011,Jun,MomPop
313.0,2.38613491157,NW,ORA,2011,Jul,MomPop
326.0,2.38613491157,NW,ORA,2011,Aug,MomPop
546.0,1.66435852123,NW,ORA,2012,Sep,MomPop
132.0,3.54823388368,NW,ORA,2012,Oct,MomPop
306.0,2.50688715177,NW,ORA,2012,Nov,MomPop
414.0,1.90657897538,NW,ORA,2012,Dec,MomPop
440.0,1.98554715549,NW,ORA,2012,Jan,MomPop
260.0,2.6336232215,NW,ORA,2012,Feb,MomPop
200.0,3.0248124407,NW,ORA,2012,Mar,MomPop
222.0,2.83448164024,NW,ORA,2012,Apr,MomPop
1328.0,1.25113681446,NW,ORA,2012,May,MomPop
163.0,3.34668548737,NW,ORA,2012,Jun,MomPop
171.0,3.33834974529,NW,ORA,2012,Jul,MomPop
212.0,3.06360508638,NW,ORA,2012,Aug,MomPop
329.0,2.25,NW,ORA,2013,Sep,MomPop
349.0,2.25,NW,ORA,2013,Oct,MomPop
341.0,2.25,NW,ORA,2013,Nov,MomPop
379.0,2.25,NW,ORA,2013,Dec,MomPop
387.0,2.25,NW,ORA,2013,Jan,MomPop
363.0,2.25,NW,ORA,2013,Feb,MomPop
359.0,2.25,NW,ORA,2013,Mar,MomPop
382.0,2.25,NW,ORA,2013,Apr,MomPop
410.0,2.25,NW,ORA,2013,May,MomPop
455.0,2.25,NW,ORA,2013,Jun,MomPop
337.0,2.25,NW,ORA,2013,Jul,MomPop
375.0,2.25,NW,ORA,2013,Aug,MomPop
226.0,2.7,NW,ORA,2014,Sep,MomPop
168.0,2.7,NW,ORA,2014,Oct,MomPop
235.0,2.7,NW,ORA,2014,Nov,MomPop
235.027927265,2.7,NW,ORA,2014,Dec,MomPop
216.522269912,2.7,NW,ORA,2014,Jan,MomPop
196.309348535,2.7,NW,ORA,2014,Feb,MomPop
256.0,2.7,NW,ORA,2014,Mar,MomPop
255.813200536,2.7,NW,ORA,2014,Apr,MomPop
224.042391582,2.7,NW,ORA,2014,May,MomPop
175.070610406,2.7,NW,ORA,2014,Jun,MomPop
208.162686476,2.7,NW,ORA,2014,Jul,MomPop
176.080113021,2.7,NW,ORA,2014,Aug,MomPop
1512.0,1.0,NW,ORA,2015p1,Sep,NotGrapefruit
1158.0,1.27272727273,NW,ORA,2015p1,Oct,NotGrapefruit
639.0,1.54545454545,NW,ORA,2015p1,Nov,NotGrapefruit
541.0,1.81818181818,NW,ORA,2015p1,Dec,NotGrapefruit
464.0,2.09090909091,NW,ORA,2015p1,Jan,NotGrapefruit
330.0,2.36363636364,NW,ORA,2015p1,Feb,NotGrapefruit
259.0,2.63636363636,NW,ORA,2015p1,Mar,NotGrapefruit
216.0,2.90909090909,NW,ORA,2015p1,Apr,NotGrapefruit
188.0,3.18181818182,NW,ORA,2015p1,May,NotGrapefruit
152.0,3.45454545455,NW,ORA,2015p1,Jun,NotGrapefruit
129.0,3.72727272727,NW,ORA,2015p1,Jul,NotGrapefruit
117.0,4.0,NW,ORA,2015p1,Aug,NotGrapefruit
0.0,4.0,NW,ORA,2015p2,Sep,NotGrapefruit
0.0,3.72727272727,NW,ORA,2015p2,Oct,NotGrapefruit
0.0,3.45454545455,NW,ORA,2015p2,Nov,NotGrapefruit
0.0,3.18181818182,NW,ORA,2015p2,Dec,NotGrapefruit
0.0,2.90909090909,NW,ORA,2015p2,Jan,NotGrapefruit
0.0,2.63636363636,NW,ORA,2015p2,Feb,NotGrapefruit
0.0,2.36363636364,NW,ORA,2015p2,Mar,NotGrapefruit
0.0,2.09090909091,NW,ORA,2015p2,Apr,NotGrapefruit
0.0,1.81818181818,NW,ORA,2015p2,May,NotGrapefruit
0.0,1.54545454545,NW,ORA,2015p2,Jun,NotGrapefruit
0.0,1.27272727273,NW,ORA,2015p2,Jul,NotGrapefruit
0.0,1.0,NW,ORA,2015p2,Aug,NotGrapefruit
978.0,1.25,NW,ORA,2015,Sep,NotGrapefruit
1042.27694897,1.25,NW,ORA,2015,Oct,NotGrapefruit
812.153707635,1.25,NW,ORA,2015,Nov,NotGrapefruit
922.430447883,1.25,NW,ORA,2015,Dec,NotGrapefruit
1279.89778597,1.25,NW,ORA,2015,Jan,NotGrapefruit
1152.37392704,1.25,NW,ORA,2015,Feb,NotGrapefruit
1023.852868,1.25,NW,ORA,2015,Mar,NotGrapefruit
970.010741294,1.25,NW,ORA,2015,Apr,NotGrapefruit
999.806015961,1.25,NW,ORA,2015,May,NotGrapefruit
890.608910891,1.5,NW,ORA,2015,Jun,NotGrapefruit
891.0,1.5,NW,ORA,2015,Jul,NotGrapefruit
1331.14285714,1.25,NW,ORA,2015,Aug,NotGrapefruit
101.0,4.0,NW,ORA,2016,Sep,NotGrapefruit
109.0,4.0,NW,ORA,2016,Oct,NotGrapefruit
98.0,4.0,NW,ORA,2016,Nov,NotGrapefruit
96.0,4.0,NW,ORA,2016,Dec,NotGrapefruit
114.0,4.0,NW,ORA,2016,Jan,NotGrapefruit
145.0,4.0,NW,ORA,2016,Feb,NotGrapefruit
122.0,4.0,NW,ORA,2016,Mar,NotGrapefruit
137.0,4.0,NW,ORA,2016,Apr,NotGrapefruit
122.0,4.0,NW,ORA,2016,May,NotGrapefruit
103.0,4.0,NW,ORA,2016,Jun,NotGrapefruit
123.0,4.0,NW,ORA,2016,Jul,NotGrapefruit
122.0,4.0,NW,ORA,2016,Aug,NotGrapefruit
0.0,2.63,NW,ORA,2017,Sep,NotGrapefruit
0.0,2.63,NW,ORA,2017,Oct,NotGrapefruit
0.0,2.63,NW,ORA,2017,Nov,NotGrapefruit
0.0,2.63,NW,ORA,2017,Dec,NotGrapefruit
0.0,2.63,NW,ORA,2017,Jan,NotGrapefruit
0.0,2.63,NW,ORA,2017,Feb,NotGrapefruit
48.4412538746,2.63,NW,ORA,2017,Mar,NotGrapefruit
0.0,2.63,NW,ORA,2017,Apr,NotGrapefruit
0.0,2.63,NW,ORA,2017,May,NotGrapefruit
0.0,2.63,NW,ORA,2017,Jun,NotGrapefruit
0.0,2.63,NW,ORA,2017,Jul,NotGrapefruit
0.0,2.63,NW,ORA,2017,Aug,NotGrapefruit
0.0,4.0,NW,ORA,2018,Sep,NotGrapefruit
321.087759687,1.91,NW,ORA,2018,Oct,NotGrapefruit
371.640405776,1.91,NW,ORA,2018,Nov,NotGrapefruit
306.157255079,1.91,NW,ORA,2018,Dec,NotGrapefruit
313.135131504,1.91,NW,ORA,2018,Jan,NotGrapefruit
391.758976987,1.91,NW,ORA,2018,Feb,NotGrapefruit
344.230651393,1.91,NW,ORA,2018,Mar,NotGrapefruit
376.778017779,1.91,NW,ORA,2018,Apr,NotGrapefruit
373.771156004,1.91,NW,ORA,2018,May,NotGrapefruit
345.100790851,1.91,NW,ORA,2018,Jun,NotGrapefruit
393.255037288,1.91,NW,ORA,2018,Jul,NotGrapefruit
363.56114044,1.91,NW,ORA,2018,Aug,NotGrapefruit
