demand_pipeline/sales.csv
Sales,Price,Region,Product,Year,Month,Source
714.0,1.93065371403,SW,ORA,2005,Sep,MomPop
1400.0,1.34114830749,SW,ORA,2005,Oct,MomPop
637.0,1.84280001184,SW,ORA,2005,Nov,MomPop
351.0,2.69807860154,SW,ORA,2005,Dec,MomPop
413.0,2.43024178006,SW,ORA,2005,Jan,MomPop
181.0,3.43754136643,SW,ORA,2005,Feb,MomPop
427.0,2.43668157621,SW,ORA,2005,Mar,MomPop
504.0,2.37544395322,SW,ORA,2005,Apr,MomPop
198.0,3.34488774207,SW,ORA,2005,May,MomPop
507.0,2.3044296745,SW,ORA,2005,Jun,MomPop
275.0,2.97934123669,SW,ORA,2005,Jul,MomPop
421.0,2.37177265956,SW,ORA,2005,Aug,MomPop
326.0,2.57671224472,SW,ORA,2006,Sep,MomPop
1808.0,1.20468003579,SW,ORA,2006,Oct,MomPop
609.0,1.79340682766,SW,ORA,2006,Nov,MomPop
0.0,1.40358096216,SW,ORA,2006,Dec,MomPop
0.0,3.30352080507,SW,ORA,2006,Jan,MomPop
0.0,1.39275657003,SW,ORA,2006,Feb,MomPop
0.0,2.46813795681,SW,ORA,2006,Mar,MomPop
0.0,3.42851795794,SW,ORA,2006,Apr,MomPop
0.0,2.90470623263,SW,ORA,2006,May,MomPop
0.0,2.56187801936,SW,ORA,2006,Jun,MomPop
0.0,1.24273150443,SW,ORA,2006,Jul,MomPop
0.0,1.60390438714,SW,ORA,2006,Aug,MomPop
147.011936403,3.37997413077,SW,ORA,2007,Sep,MomPop
457.0,1.98376898205,SW,ORA,2007,Oct,MomPop
223.0,3.26370964647,SW,ORA,2007,Nov,MomPop
927.0,1.70953849898,SW,ORA,2007,Dec,MomPop
202.0,3.30085393046,SW,ORA,2007,Jan,MomPop
1106.0,1.38995272807,SW,ORA,2007,Feb,MomPop
790.0,1.62949955975,SW,ORA,2007,Mar,MomPop
1343.0,1.39870748623,SW,ORA,2007,Apr,MomPop
229.0,3.18291227777,SW,ORA,2007,May,MomPop
1833.0,1.24386051165,SW,ORA,2007,Jun,MomPop
477.0,2.24332465095,SW,ORA,2007,Jul,MomPop
199.0,3.59766120543,SW,ORA,2007,Aug,MomPop
491.0,2.24167043407,SW,ORA,2008,Sep,MomPop
494.0,2.24167043407,SW,ORA,2008,Oct,MomPop
518.0,2.24167043407,SW,ORA,2008,Nov,MomPop
575.0,2.24167043407,SW,ORA,2008,Dec,MomPop
456.0,2.24167043407,SW,ORA,2008,Jan,MomPop
571.0,2.24167043407,SW,ORA,2008,Feb,MomPop
464.0,2.24167043407,SW,ORA,2008,Mar,MomPop
535.0,2.24167043407,SW,ORA,2008,Apr,MomPop
494.0,2.24167043407,SW,ORA,2008,May,MomPop
563.0,2.24167043407,SW,ORA,2008,Jun,MomPop
496.0,2.24167043407,SW,ORA,2008,Jul,MomPop
561.0,2.24167043407,SW,ORA,2008,Aug,MomPop
576.0,2.24167043407,SW,ORA,2009,Sep,MomPop
330.0,2.24167043407,SW,ORA,2009,Oct,MomPop
0.0,2.24167043407,SW,ORA,2009,Nov,MomPop
0.0,2.24167043407,SW,ORA,2009,Dec,MomPop
0.0,2.24167043407,SW,ORA,2009,Jan,MomPop
0.0,2.24167043407,SW,ORA,2009,Feb,MomPop
0.0,2.24167043407,SW,ORA,2009,Mar,MomPop
0.0,2.24167043407,SW,ORA,2009,Apr,MomPop
0.0,2.24167043407,SW,ORA,2009,May,MomPop
0.0,2.24167043407,SW,ORA,2009,Jun,MomPop
0.0,2.24167043407,SW,ORA,2009,Jul,MomPop
0.0,2.24167043407,SW,ORA,2009,Aug,MomPop
190.816128043,1.98758719427,SW,ORA,2010,Sep,MomPop
687.0,1.98758719427,SW,ORA,2010,Oct,MomPop
711.0,1.98758719427,SW,ORA,2010,Nov,MomPop
598.0,1.98758719427,SW,ORA,2010,Dec,MomPop
658.0,1.98758719427,SW,ORA,2010,Jan,MomPop
603.0,1.98758719427,SW,ORA,2010,Feb,MomPop
686.0,1.98758719427,SW,ORA,2010,Mar,MomPop
587.0,1.98758719427,SW,ORA,2010,Apr,MomPop
732.0,1.98758719427,SW,ORA,2010,May,MomPop
587.0,1.98758719427,SW,ORA,2010,Jun,MomPop
671.0,1.98758719427,SW,ORA,2010,Jul,MomPop
710.0,1.98758719427,SW,ORA,2010,Aug,MomPop
577.0,2.0,SW,ORA,2011,Sep,MomPop
638.0,2.0,SW,ORA,2011,Oct,MomPop
626.0,2.0,SW,ORA,2011,Nov,MomPop
570.0,2.0,SW,ORA,2011,Dec,MomPop
632.0,2.0,SW,ORA,2011,Jan,MomPop
686.0,2.0,SW,ORA,2011,Feb,MomPop
609.0,2.0,SW,ORA,2011,Mar,MomPop
622.0,2.0,SW,ORA,2011,Apr,MomPop
705.0,2.0,SW,ORA,2011,May,MomPop
598.0,2.0,SW,ORA,2011,Jun,MomPop
690.0,2.0,SW,ORA,2011,Jul,MomPop
773.0,2.0,SW,ORA,2011,Aug,MomPop
724.0,1.94540577835,SW,ORA,2012,Sep,MomPop
216.0,3.20504956479,SW,ORA,2012,Oct,MomPop
254.0,2.86575538014,SW,ORA,2012,Nov,MomPop
2394.0,1.10969249512,SW,ORA,2012,Dec,MomPop
303.0,2.89516404096,SW,ORA,2012,Jan,MomPop
1268.0,1.53909711682,SW,ORA,2012,Feb,MomPop
915.0,1.69753086346,SW,ORA,2012,Mar,MomPop
240.0,3.12795051077,SW,ORA,2012,Apr,MomPop
690.0,1.91487484434,SW,ORA,2012,May,MomPop
343.0,2.75402875552,SW,ORA,2012,Jun,MomPop
2068.0,1.15606326769,SW,ORA,2012,Jul,MomPop
380.0,2.67799900682,SW,ORA,2012,Aug,MomPop
354.0,2.55208804259,SW,ORA,2013,Sep,MomPop
354.0,2.55208804259,SW,ORA,2013,Oct,MomPop
389.0,2.55208804259,SW,ORA,2013,Nov,MomPop
410.0,2.55208804259,SW,ORA,2013,Dec,MomPop
432.0,2.55208804259,SW,ORA,2013,Jan,MomPop
417.0,2.55208804259,SW,ORA,2013,Feb,MomPop
375.0,2.55208804259,SW,ORA,2013,Mar,MomPop
349.0,2.55208804259,SW,ORA,2013,Apr,MomPop
343.0,2.55208804259,SW,ORA,2013,May,MomPop
386.0,2.55208804259,SW,ORA,2013,Jun,MomPop
439.0,2.55208804259,SW,ORA,2013,Jul,MomPop
317.0,2.55208804259,SW,ORA,2013,Aug,MomPop
280.0,3.06250565111,SW,ORA,2014,Sep,MomPop
277.0,3.06250565111,SW,ORA,2014,Oct,MomPop
262.0,3.06250565111,SW,ORA,2014,Nov,MomPop
216.743225166,3.06250565111,SW,ORA,2014,Dec,MomPop
225.588648474,3.06250565111,SW,ORA,2014,Jan,MomPop
221.679786226,3.06250565111,SW,ORA,2014,Feb,MomPop
265.0,3.06250565111,SW,ORA,2014,Mar,MomPop
222.583619171,3.06250565111,SW,ORA,2014,Apr,MomPop
212.089025968,3.06250565111,SW,ORA,2014,May,MomPop
245.40525976,3.06250565111,SW,ORA,2014,Jun,MomPop
224.002082547,3.06250565111,SW,ORA,2014,Jul,MomPop
217.336484,3.06250565111,SW,ORA,2014,Aug,MomPop
2277.0,1.0,SW,ORA,2015p1,Sep,NotGrapefruit
1510.0,1.27272727273,SW,ORA,2015p1,Oct,NotGrapefruit
1302.0,1.54545454545,SW,ORA,2015p1,Nov,NotGrapefruit
760.0,1.81818181818,SW,ORA,2015p1,Dec,NotGrapefruit
489.0,2.09090909091,SW,ORA,2015p1,Jan,NotGrapefruit
370.0,2.36363636364,SW,ORA,2015p1,Feb,NotGrapefruit
355.0,2.63636363636,SW,ORA,2015p1,Mar,NotGrapefruit
362.0,2.90909090909,SW,ORA,2015p1,Apr,NotGrapefruit
293.0,3.18181818182,SW,ORA,2015p1,May,NotGrapefruit
212.0,3.45454545455,SW,ORA,2015p1,Jun,NotGrapefruit
169.0,3.72727272727,SW,ORA,2015p1,Jul,NotGrapefruit
165.0,4.0,SW,ORA,2015p1,Aug,NotGrapefruit
0.0,4.0,SW,ORA,2015p2,Sep,NotGrapefruit
0.0,3.72727272727,SW,ORA,2015p2,Oct,NotGrapefruit
0.0,3.45454545455,SW,ORA,2015p2,Nov,NotGrapefruit
0.0,3.18181818182,SW,ORA,2015p2,Dec,NotGrapefruit
0.0,2.90909090909,SW,ORA,2015p2,Jan,NotGrapefruit
0.0,2.63636363636,SW,ORA,2015p2,Feb,NotGrapefruit
0.0,2.36363636364,SW,ORA,2015p2,Mar,NotGrapefruit
0.0,2.09090909091,SW,ORA,2015p2,Apr,NotGrapefruit
0.0,1.81818181818,SW,ORA,2015p2,May,NotGrapefruit
0.0,1.54545454545,SW,ORA,2015p2,Jun,NotGrapefruit
0.0,1.27272727273,SW,ORA,2015p2,Jul,NotGrapefruit
0.0,1.0,SW,ORA,2015p2,Aug,NotGrapefruit
1009.0,1.5,SW,ORA,2015,Sep,NotGrapefruit
927.09599464,1.5,SW,ORA,2015,Oct,NotGrapefruit
1135.91400934,1.5,SW,ORA,2015,Nov,NotGrapefruit
895.936519058,1.5,SW,ORA,2015,Dec,NotGrapefruit
945.306618438,1.5,SW,ORA,2015,Jan,NotGrapefruit
918.499463519,1.5,SW,ORA,2015,Feb,NotGrapefruit
1024.54639593,1.5,SW,ORA,2015,Mar,NotGrapefruit
1139.21614709,1.5,SW,ORA,2015,Apr,NotGrapefruit
1083.45594024,1.5,SW,ORA,2015,May,NotGrapefruit
914.900990099,1.75,SW,ORA,2015,Jun,NotGrapefruit
831.0,1.75,SW,ORA,2015,Jul,NotGrapefruit
1308.50220913,1.5,SW,ORA,2015,Aug,NotGrapefruit
364.0,2.75,SW,ORA,2016,Sep,NotGrapefruit
311.164425467,2.75,SW,ORA,2016,Oct,NotGrapefruit
369.409301179,2.75,SW,ORA,2016,Nov,NotGrapefruit
369.0,2.75,SW,ORA,2016,Dec,NotGrapefruit
410.0,2.75,SW,ORA,2016,Jan,NotGrapefruit
434.0,2.75,SW,ORA,2016,Feb,NotGrapefruit
380.0,2.75,SW,ORA,2016,Mar,NotGrapefruit
349.0,2.75,SW,ORA,2016,Apr,NotGrapefruit
444.0,2.75,SW,ORA,2016,May,NotGrapefruit
328.083918597,2.75,SW,ORA,2016,Jun,NotGrapefruit
365.535656977,2.75,SW,ORA,2016,Jul,NotGrapefruit
387.9483664,2.75,SW,ORA,2016,Aug,NotGrapefruit
42.5695590327,3.15,SW,ORA,2017,Sep,NotGrapefruit
39.0516949153,3.15,SW,ORA,2017,Oct,NotGrapefruit
43.535426009,3.15,SW,ORA,2017,Nov,NotGrapefruit
48.0,3.15,SW,ORA,2017,Dec,NotGrapefruit
49.0,3.15,SW,ORA,2017,Jan,NotGrapefruit
52.0,3.15,SW,ORA,2017,Feb,NotGrapefruit
96.7362586598,3.15,SW,ORA,2017,Mar,NotGrapefruit
46.9097704807,3.15,SW,ORA,2017,Apr,NotGrapefruit
47.1709677419,3.15,SW,ORA,2017,May,NotGrapefruit
54.2151898734,3.15,SW,ORA,2017,Jun,NotGrapefruit
40.3437077817,3.15,SW,ORA,2017,Jul,NotGrapefruit
45.9377971983,3.15,SW,ORA,2017,Aug,NotGrapefruit
1.40425531915,4.0,SW,ORA,2018,Sep,NotGrapefruit
727.94075357,1.78,SW,ORA,2018,Oct,NotGrapefruit
641.228402847,1.78,SW,ORA,2018,Nov,NotGrapefruit
735.860930879,1.78,SW,ORA,2018,Dec,NotGrapefruit
724.013058005,1.78,SW,ORA,2018,Jan,NotGrapefruit
609.640543237,1.78,SW,ORA,2018,Feb,NotGrapefruit
682.927625196,1.78,SW,ORA,2018,Mar,NotGrapefruit
646.961246918,1.78,SW,ORA,2018,Apr,NotGrapefruit
635.338690815,1.78,SW,ORA,2018,May,NotGrapefruit
676.600065965,1.78,SW,ORA,2018,Jun,NotGrapefruit
622.028410149,1.78,SW,ORA,2018,Jul,NotGrapefruit
660.483757985,1.78,SW,ORA,2018,Aug,NotGrapefruit
404.112442569,2.14239226641,NE,POJ,2005,Sep,MomPop
2961.0,1.29597370816,NE,POJ,2005,Oct,MomPop
350.0,3.50932057552,NE,POJ,2005,Nov,MomPop
1362.0,1.88932852968,NE,POJ,2005,Dec,MomPop
441.0,3.18007187604,NE,POJ,2005,Jan,MomPop
2080.0,1.52767800157,NE,POJ,2005,Feb,MomPop
650.0,2.93093295652,NE,POJ,2005,Mar,MomPop
3106.0,1.27020745994,NE,POJ,2005,Apr,MomPop
4503.0,1.14162896547,NE,POJ,2005,May,MomPop
752.0,2.50200056017,NE,POJ,2005,Jun,MomPop
1045.0,2.24334526901,NE,POJ,2005,Jul,MomPop
770.0,2.48062443442,NE,POJ,2005,Aug,MomPop
1163.0,1.49120981299,NE,POJ,2006,Sep,MomPop
0.0,3.26180133319,NE,POJ,2006,Oct,MomPop
0.0,3.0237106415,NE,POJ,2006,Nov,MomPop
0.0,2.7381838752,NE,POJ,2006,Dec,MomPop
0.0,3.02979864258,NE,POJ,2006,Jan,MomPop
0.0,1.20934280051,NE,POJ,2006,Feb,MomPop
0.0,2.42549058913,NE,POJ,2006,Mar,MomPop
0.0,1.52506734939,NE,POJ,2006,Apr,MomPop
0.0,1.99992694472,NE,POJ,2006,May,MomPop
0.0,1.89939127725,NE,POJ,2006,Jun,MomPop
0.0,1.0359344376,NE,POJ,2006,Jul,MomPop
0.0,1.88200055791,NE,POJ,2006,Aug,MomPop
0.0,2.45939215554,NE,POJ,2007,Sep,MomPop
25.398476699,3.55309468809,NE,POJ,2007,Oct,MomPop
232.606909458,3.41484662341,NE,POJ,2007,Nov,MomPop
207.263867272,1.74914445183,NE,POJ,2007,Dec,MomPop
196.578466519,3.39232096624,NE,POJ,2007,Jan,MomPop
1143.58547847,1.27545867821,NE,POJ,2007,Feb,MomPop
541.929234018,1.18616351674,NE,POJ,2007,Mar,MomPop
64.3646775811,2.61819089809,NE,POJ,2007,Apr,MomPop
174.035510942,3.14545936851,NE,POJ,2007,May,MomPop
306.816771942,3.34578639954,NE,POJ,2007,Jun,MomPop
93.4024535846,3.10281278699,NE,POJ,2007,Jul,MomPop
754.749240442,1.27728202823,NE,POJ,2007,Aug,MomPop
281.070418497,2.9,NE,POJ,2008,Sep,MomPop
403.915746717,3.03870948555,NE,POJ,2008,Oct,MomPop
452.478512304,3.03870948555,NE,POJ,2008,Nov,MomPop
448.092137943,3.03870948555,NE,POJ,2008,Dec,MomPop
457.332695037,3.03870948555,NE,POJ,2008,Jan,MomPop
468.458940502,3.03870948555,NE,POJ,2008,Feb,MomPop
497.129284851,3.03870948555,NE,POJ,2008,Mar,MomPop
404.687635337,3.03870948555,NE,POJ,2008,Apr,MomPop
432.878867567,3.03870948555,NE,POJ,2008,May,MomPop
560.779439397,3.03870948555,NE,POJ,2008,Jun,MomPop
480.489258735,3.03870948555,NE,POJ,2008,Jul,MomPop
398.843860943,3.03870948555,NE,POJ,2008,Aug,MomPop
152.561833458,3.03870948555,NE,POJ,2009,Sep,MomPop
0.0,3.03870948555,NE,POJ,2009,Oct,MomPop
0.0,3.03870948555,NE,POJ,2009,Nov,MomPop
0.0,3.03870948555,NE,POJ,2009,Dec,MomPop
0.0,3.03870948555,NE,POJ,2009,Jan,MomPop
0.0,3.03870948555,NE,POJ,2009,Feb,MomPop
0.0,3.03870948555,NE,POJ,2009,Mar,MomPop
0.0,3.03870948555,NE,POJ,2009,Apr,MomPop
0.0,3.03870948555,NE,POJ,2009,May,MomPop
0.0,3.03870948555,NE,POJ,2009,Jun,MomPop
0.0,3.03870948555,NE,POJ,2009,Jul,MomPop
0.0,3.03870948555,NE,POJ,2009,Aug,MomPop
306.829359797,2.52358672628,NE,POJ,2010,Sep,MomPop
749.0,2.52358672628,NE,POJ,2010,Oct,MomPop
617.0,2.52358672628,NE,POJ,2010,Nov,MomPop
693.038841338,2.52358672628,NE,POJ,2010,Dec,MomPop
721.0,2.52358672628,NE,POJ,2010,Jan,MomPop
677.0,2.52358672628,NE,POJ,2010,Feb,MomPop
679.0,2.52358672628,NE,POJ,2010,Mar,MomPop
653.057292936,2.52358672628,NE,POJ,2010,Apr,MomPop
799.850832402,2.52358672628,NE,POJ,2010,May,MomPop
602.59067062,2.52358672628,NE,POJ,2010,Jun,MomPop
373.122741822,2.52358672628,NE,POJ,2010,Jul,MomPop
734.0,2.52358672628,NE,POJ,2010,Aug,MomPop
1096.0,1.81725198036,NE,POJ,2011,Sep,MomPop
1272.0,1.81725198036,NE,POJ,2011,Oct,MomPop
1494.0,1.81725198036,NE,POJ,2011,Nov,MomPop
1421.0,1.81725198036,NE,POJ,2011,Dec,MomPop
1411.0,1.81725198036,NE,POJ,2011,Jan,MomPop
1366.0,1.81725198036,NE,POJ,2011,Feb,MomPop
1571.0,1.81725198036,NE,POJ,2011,Mar,MomPop
1457.0,1.81725198036,NE,POJ,2011,Apr,MomPop
1670.0,1.81725198036,NE,POJ,2011,May,MomPop
1673.0,1.81725198036,NE,POJ,2011,Jun,MomPop
1623.0,1.81725198036,NE,POJ,2011,Jul,MomPop
1738.0,1.81725198036,NE,POJ,2011,Aug,MomPop
501.0,2.87589862771,NE,POJ,2012,Sep,MomPop
956.0,2.14858720904,NE,POJ,2012,Oct,MomPop
1446.0,1.85903107883,NE,POJ,2012,Nov,MomPop
424.0,3.42032361263,NE,POJ,2012,Dec,MomPop
463.0,2.98411755095,NE,POJ,2012,Jan,MomPop
804.0,2.55559174417,NE,POJ,2012,Feb,MomPop
1944.0,1.70232902696,NE,POJ,2012,Mar,MomPop
402.0,3.35393329565,NE,POJ,2012,Apr,MomPop
508.0,3.06213485944,NE,POJ,2012,May,MomPop
1452.0,1.83612789725,NE,POJ,2012,Jun,MomPop
2712.0,1.51766866975,NE,POJ,2012,Jul,MomPop
539.0,3.34298111822,NE,POJ,2012,Aug,MomPop
327.0,3.54838685694,NE,POJ,2013,Sep,MomPop
283.0,3.54838685694,NE,POJ,2013,Oct,MomPop
403.0,3.54838685694,NE,POJ,2013,Nov,MomPop
370.0,3.54838685694,NE,POJ,2013,Dec,MomPop
360.0,3.54838685694,NE,POJ,2013,Jan,MomPop
404.0,3.54838685694,NE,POJ,2013,Feb,MomPop
394.0,3.54838685694,NE,POJ,2013,Mar,MomPop
366.0,3.54838685694,NE,POJ,2013,Apr,MomPop
435.0,3.54838685694,NE,POJ,2013,May,MomPop
291.0,3.54838685694,NE,POJ,2013,Jun,MomPop
347.0,3.54838685694,NE,POJ,2013,Jul,MomPop
430.0,3.54838685694,NE,POJ,2013,Aug,MomPop
268.0,3.95,NE,POJ,2014,Sep,MomPop
82.9585719094,3.95,NE,POJ,2014,Oct,MomPop
71.8372521781,3.95,NE,POJ,2014,Nov,MomPop
54.0217874288,3.95,NE,POJ,2014,Dec,MomPop
96.2310286117,3.95,NE,POJ,2014,Jan,MomPop
63.8173839394,3.95,NE,POJ,2014,Feb,MomPop
68.9983128244,3.95,NE,POJ,2014,Mar,MomPop
54.5975625199,3.95,NE,POJ,2014,Apr,MomPop
102.208142867,3.95,NE,POJ,2014,May,MomPop
83.6602283456,3.95,NE,POJ,2014,Jun,MomPop
49.8265977348,3.95,NE,POJ,2014,Jul,MomPop
112.858824888,3.95,NE,POJ,2014,Aug,MomPop
353.938612427,1.0,NE,POJ,2015p1,Sep,NotGrapefruit
1530.18721201,1.27272727273,NE,POJ,2015p1,Oct,NotGrapefruit
1206.13523841,1.54545454545,NE,POJ,2015p1,Nov,NotGrapefruit
1214.11889126,1.81818181818,NE,POJ,2015p1,Dec,NotGrapefruit
1152.0,2.09090909091,NE,POJ,2015p1,Jan,NotGrapefruit
873.0,2.36363636364,NE,POJ,2015p1,Feb,NotGrapefruit
692.0,2.63636363636,NE,POJ,2015p1,Mar,NotGrapefruit
611.0,2.90909090909,NE,POJ,2015p1,Apr,NotGrapefruit
521.0,3.18181818182,NE,POJ,2015p1,May,NotGrapefruit
376.0,3.45454545455,NE,POJ,2015p1,Jun,NotGrapefruit
338.0,3.72727272727,NE,POJ,2015p1,Jul,NotGrapefruit
339.0,4.0,NE,POJ,2015p1,Aug,NotGrapefruit
143.0,4.0,NE,POJ,2015p2,Sep,NotGrapefruit
313.0,3.72727272727,NE,POJ,2015p2,Oct,NotGrapefruit
332.0,3.45454545455,NE,POJ,2015p2,Nov,NotGrapefruit
428.0,3.18181818182,NE,POJ,2015p2,Dec,NotGrapefruit
564.0,2.90909090909,NE,POJ,2015p2,Jan,NotGrapefruit
690.0,2.63636363636,NE,POJ,2015p2,Feb,NotGrapefruit
874.0,2.36363636364,NE,POJ,2015p2,Mar,NotGrapefruit
1238.0,2.09090909091,NE,POJ,2015p2,Apr,NotGrapefruit
1751.0,1.81818181818,NE,POJ,2015p2,May,NotGrapefruit
1014.845861,1.54545454545,NE,POJ,2015p2,Jun,NotGrapefruit
680.816248914,1.27272727273,NE,POJ,2015p2,Jul,NotGrapefruit
574.158396371,1.0,NE,POJ,2015p2,Aug,NotGrapefruit
490.8241414,1.25,NE,POJ,2015,Sep,NotGrapefruit
1971.08692419,1.25,NE,POJ,2015,Oct,NotGrapefruit
1566.37412554,1.25,NE,POJ,2015,Nov,NotGrapefruit
1762.46446628,1.25,NE,POJ,2015,Dec,NotGrapefruit
1734.87733411,1.25,NE,POJ,2015,Jan,NotGrapefruit
1370.62016925,1.25,NE,POJ,2015,Feb,NotGrapefruit
2083.16834662,1.25,NE,POJ,2015,Mar,NotGrapefruit
1807.65688464,1.25,NE,POJ,2015,Apr,NotGrapefruit
1744.46094512,1.25,NE,POJ,2015,May,NotGrapefruit
1581.51689121,1.5,NE,POJ,2015,Jun,NotGrapefruit
1754.71995297,1.5,NE,POJ,2015,Jul,NotGrapefruit
1510.53989146,1.25,NE,POJ,2015,Aug,NotGrapefruit
212.0,3.43,NE,POJ,2016,Sep,NotGrapefruit
404.0,3.43,NE,POJ,2016,Oct,NotGrapefruit
378.0,3.43,NE,POJ,2016,Nov,NotGrapefruit
324.0,3.43,NE,POJ,2016,Dec,NotGrapefruit
374.0,3.43,NE,POJ,2016,Jan,NotGrapefruit
385.0,3.43,NE,POJ,2016,Feb,NotGrapefruit
374.0,3.43,NE,POJ,2016,Mar,NotGrapefruit
387.0,3.43,NE,POJ,2016,Apr,NotGrapefruit
460.0,3.43,NE,POJ,2016,May,NotGrapefruit
422.0,3.43,NE,POJ,2016,Jun,NotGrapefruit
464.0,3.43,NE,POJ,2016,Jul,NotGrapefruit
490.0,3.43,NE,POJ,2016,Aug,NotGrapefruit
262.715653608,2.5,NE,POJ,2017,Sep,NotGrapefruit
241.713642486,2.5,NE,POJ,2017,Oct,NotGrapefruit
283.96419437,2.5,NE,POJ,2017,Nov,NotGrapefruit
118.418200538,2.5,NE,POJ,2017,Dec,NotGrapefruit
217.164767866,2.5,NE,POJ,2017,Jan,NotGrapefruit
161.436680232,2.5,NE,POJ,2017,Feb,NotGrapefruit
200.740685571,2.5,NE,POJ,2017,Mar,NotGrapefruit
253.73122606,2.5,NE,POJ,2017,Apr,NotGrapefruit
101.378113105,2.5,NE,POJ,2017,May,NotGrapefruit
164.303041101,2.5,NE,POJ,2017,Jun,NotGrapefruit
216.817276668,2.5,NE,POJ,2017,Jul,NotGrapefruit
290.546600624,2.5,NE,POJ,2017,Aug,NotGrapefruit
162.555536756,4.0,NE,POJ,2018,Sep,NotGrapefruit
108.339547166,3.36,NE,POJ,2018,Oct,NotGrapefruit
185.198506424,3.36,NE,POJ,2018,Nov,NotGrapefruit
205.390625912,3.36,NE,POJ,2018,Dec,NotGrapefruit
224.987307305,3.36,NE,POJ,2018,Jan,NotGrapefruit
204.413675196,3.36,NE,POJ,2018,Feb,NotGrapefruit
237.036919684,3.36,NE,POJ,2018,Mar,NotGrapefruit
233.260044136,3.36,NE,POJ,2018,Apr,NotGrapefruit
240.408448024,3.36,NE,POJ,2018,May,NotGrapefruit
202.816108334,3.36,NE,POJ,2018,Jun,NotGrapefruit
171.998956118,3.36,NE,POJ,2018,Jul,NotGrapefruit
246.789326357,3.36,NE,POJ,2018,Aug,NotGrapefruit
