demand_pipeline/sales.csv
Sales,Price,Region,Product,Year,Month,Source
839.813449632,2.2865117066,MA,POJ,2005,Sep,MomPop
1219.0,3.07619101976,MA,POJ,2005,Oct,MomPop
1731.0,2.49608750304,MA,POJ,2005,Nov,MomPop
938.0,3.19910404145,MA,POJ,2005,Dec,MomPop
1294.0,2.88576733552,MA,POJ,2005,Jan,MomPop
1261.0,3.04434642274,MA,POJ,2005,Feb,MomPop
6421.0,1.34562136,MA,POJ,2005,Mar,MomPop
887.0,3.39197248806,MA,POJ,2005,Apr,MomPop
1010.0,3.3790947563,MA,POJ,2005,May,MomPop
781.0,3.58113998478,MA,POJ,2005,Jun,MomPop
9287.0,1.10947947086,MA,POJ,2005,Jul,MomPop
8404.0,1.06927302217,MA,POJ,2005,Aug,MomPop
841.0,2.48541396571,MA,POJ,2006,Sep,MomPop
0.0,1.2827590898,MA,POJ,2006,Oct,MomPop
0.0,1.31283606625,MA,POJ,2006,Nov,MomPop
0.0,2.86763275669,MA,POJ,2006,Dec,MomPop
0.0,2.63246711861,MA,POJ,2006,Jan,MomPop
0.0,2.15118186227,MA,POJ,2006,Feb,MomPop
0.0,2.23777613976,MA,POJ,2006,Mar,MomPop
0.0,3.28689781714,MA,POJ,2006,Apr,MomPop
0.0,2.27607978022,MA,POJ,2006,May,MomPop
0.0,1.58069378693,MA,POJ,2006,Jun,MomPop
0.0,2.07961468332,MA,POJ,2006,Jul,MomPop
0.0,1.93309689643,MA,POJ,2006,Aug,MomPop
0.0,3.32991940265,MA,POJ,2007,Sep,MomPop
529.20741124,1.26352702772,MA,POJ,2007,Oct,MomPop
920.046885028,2.53509055311,MA,POJ,2007,Nov,MomPop
1732.77570894,1.00458035581,MA,POJ,2007,Dec,MomPop
636.208101124,2.89522943178,MA,POJ,2007,Jan,MomPop
285.106161644,3.54041311311,MA,POJ,2007,Feb,MomPop
1528.61462852,1.02343199866,MA,POJ,2007,Mar,MomPop
1242.76399801,1.02623884759,MA,POJ,2007,Apr,MomPop
358.780408889,3.32210683982,MA,POJ,2007,May,MomPop
669.730901851,3.43070475588,MA,POJ,2007,Jun,MomPop
1875.18513884,1.0613840333,MA,POJ,2007,Jul,MomPop
301.377983427,2.83895644098,MA,POJ,2007,Aug,MomPop
1304.2355436,2.4,MA,POJ,2008,Sep,MomPop
1290.11756023,2.75585989919,MA,POJ,2008,Oct,MomPop
1203.00150838,2.75585989919,MA,POJ,2008,Nov,MomPop
1128.5941605,2.75585989919,MA,POJ,2008,Dec,MomPop
1244.83330124,2.75585989919,MA,POJ,2008,Jan,MomPop
1343.40901676,2.75585989919,MA,POJ,2008,Feb,MomPop
1047.74428003,2.75585989919,MA,POJ,2008,Mar,MomPop
995.194404227,2.75585989919,MA,POJ,2008,Apr,MomPop
932.361123249,2.75585989919,MA,POJ,2008,May,MomPop
1068.30584395,2.75585989919,MA,POJ,2008,Jun,MomPop
1120.13547609,2.75585989919,MA,POJ,2008,Jul,MomPop
1154.06834092,2.75585989919,MA,POJ,2008,Aug,MomPop
275.172819818,2.75585989919,MA,POJ,2009,Sep,MomPop
0.0,2.75585989919,MA,POJ,2009,Oct,MomPop
0.0,2.75585989919,MA,POJ,2009,Nov,MomPop
0.0,2.75585989919,MA,POJ,2009,Dec,MomPop
0.0,2.75585989919,MA,POJ,2009,Jan,MomPop
0.0,2.75585989919,MA,POJ,2009,Feb,MomPop
0.0,2.75585989919,MA,POJ,2009,Mar,MomPop
0.0,2.75585989919,MA,POJ,2009,Apr,MomPop
0.0,2.75585989919,MA,POJ,2009,May,MomPop
0.0,2.75585989919,MA,POJ,2009,Jun,MomPop
0.0,2.75585989919,MA,POJ,2009,Jul,MomPop
0.0,2.75585989919,MA,POJ,2009,Aug,MomPop
988.68014043,2.13412407768,MA,POJ,2010,Sep,MomPop
2224.0,2.13412407768,MA,POJ,2010,Oct,MomPop
2626.0,2.13412407768,MA,POJ,2010,Nov,MomPop
2672.27641168,2.13412407768,MA,POJ,2010,Dec,MomPop
2335.0,2.13412407768,MA,POJ,2010,Jan,MomPop
2502.0,2.13412407768,MA,POJ,2010,Feb,MomPop
2859.0,2.13412407768,MA,POJ,2010,Mar,MomPop
1939.50531189,2.13412407768,MA,POJ,2010,Apr,MomPop
2374.85160065,2.13412407768,MA,POJ,2010,May,MomPop
2212.54350427,2.13412407768,MA,POJ,2010,Jun,MomPop
1442.73670868,2.13412407768,MA,POJ,2010,Jul,MomPop
2061.0,2.13412407768,MA,POJ,2010,Aug,MomPop
2769.0,1.9627019,MA,POJ,2011,Sep,MomPop
2905.0,1.9627019,MA,POJ,2011,Oct,MomPop
3008.0,1.9627019,MA,POJ,2011,Nov,MomPop
2575.0,1.9627019,MA,POJ,2011,Dec,MomPop
3281.0,1.9627019,MA,POJ,2011,Jan,MomPop
2773.0,1.9627019,MA,POJ,2011,Feb,MomPop
2649.0,1.9627019,MA,POJ,2011,Mar,MomPop
3131.0,1.9627019,MA,POJ,2011,Apr,MomPop
3385.0,1.9627019,MA,POJ,2011,May,MomPop
2536.0,1.9627019,MA,POJ,2011,Jun,MomPop
3287.0,1.9627019,MA,POJ,2011,Jul,MomPop
3309.0,1.9627019,MA,POJ,2011,Aug,MomPop
754.0,3.55830928859,MA,POJ,2012,Sep,MomPop
3170.0,1.89278427017,MA,POJ,2012,Oct,MomPop
1777.0,2.48128508314,MA,POJ,2012,Nov,MomPop
771.0,3.50121600771,MA,POJ,2012,Dec,MomPop
1309.0,2.81930311607,MA,POJ,2012,Jan,MomPop
937.0,3.19505349339,MA,POJ,2012,Feb,MomPop
2568.0,2.17030746986,MA,POJ,2012,Mar,MomPop
991.0,3.2811106775,MA,POJ,2012,Apr,MomPop
4207.0,1.65525981402,MA,POJ,2012,May,MomPop
1196.0,3.0036856701,MA,POJ,2012,Jun,MomPop
1104.0,3.33725448408,MA,POJ,2012,Jul,MomPop
3272.0,1.97376494494,MA,POJ,2012,Aug,MomPop
886.0,3.19482487398,MA,POJ,2013,Sep,MomPop
1056.0,3.19482487398,MA,POJ,2013,Oct,MomPop
931.0,3.19482487398,MA,POJ,2013,Nov,MomPop
973.0,3.19482487398,MA,POJ,2013,Dec,MomPop
971.0,3.19482487398,MA,POJ,2013,Jan,MomPop
872.0,3.19482487398,MA,POJ,2013,Feb,MomPop
948.0,3.19482487398,MA,POJ,2013,Mar,MomPop
1203.0,3.19482487398,MA,POJ,2013,Apr,MomPop
1107.0,3.19482487398,MA,POJ,2013,May,MomPop
903.0,3.19482487398,MA,POJ,2013,Jun,MomPop
1146.0,3.19482487398,MA,POJ,2013,Jul,MomPop
1041.0,3.19482487398,MA,POJ,2013,Aug,MomPop
713.0,3.83378984878,MA,POJ,2014,Sep,MomPop
193.963747891,3.83378984878,MA,POJ,2014,Oct,MomPop
183.810930611,3.83378984878,MA,POJ,2014,Nov,MomPop
132.598242561,3.83378984878,MA,POJ,2014,Dec,MomPop
171.87780386,3.83378984878,MA,POJ,2014,Jan,MomPop
145.003319796,3.83378984878,MA,POJ,2014,Feb,MomPop
169.237268229,3.83378984878,MA,POJ,2014,Mar,MomPop
140.411519893,3.83378984878,MA,POJ,2014,Apr,MomPop
202.435807252,3.83378984878,MA,POJ,2014,May,MomPop
199.926349608,3.83378984878,MA,POJ,2014,Jun,MomPop
150.910913818,3.83378984878,MA,POJ,2014,Jul,MomPop
236.103718353,3.83378984878,MA,POJ,2014,Aug,MomPop
868.205833103,1.0,MA,POJ,2015p1,Sep,NotGrapefruit
3750.74283665,1.27272727273,MA,POJ,2015p1,Oct,NotGrapefruit
3103.23935743,1.54545454545,MA,POJ,2015p1,Nov,NotGrapefruit
2949.07965325,1.81818181818,MA,POJ,2015p1,Dec,NotGrapefruit
2651.0,2.09090909091,MA,POJ,2015p1,Jan,NotGrapefruit
1951.0,2.36363636364,MA,POJ,2015p1,Feb,NotGrapefruit
1460.0,2.63636363636,MA,POJ,2015p1,Mar,NotGrapefruit
1504.0,2.90909090909,MA,POJ,2015p1,Apr,NotGrapefruit
1099.0,3.18181818182,MA,POJ,2015p1,May,NotGrapefruit
1001.0,3.45454545455,MA,POJ,2015p1,Jun,NotGrapefruit
797.0,3.72727272727,MA,POJ,2015p1,Jul,NotGrapefruit
704.0,4.0,MA,POJ,2015p1,Aug,NotGrapefruit
310.0,4.0,MA,POJ,2015p2,Sep,NotGrapefruit
613.0,3.72727272727,MA,POJ,2015p2,Oct,NotGrapefruit
866.0,3.45454545455,MA,POJ,2015p2,Nov,NotGrapefruit
990.0,3.18181818182,MA,POJ,2015p2,Dec,NotGrapefruit
1296.0,2.90909090909,MA,POJ,2015p2,Jan,NotGrapefruit
1537.0,2.63636363636,MA,POJ,2015p2,Feb,NotGrapefruit
1845.0,2.36363636364,MA,POJ,2015p2,Mar,NotGrapefruit
3067.0,2.09090909091,MA,POJ,2015p2,Apr,NotGrapefruit
3678.0,1.81818181818,MA,POJ,2015p2,May,NotGrapefruit
2723.12474119,1.54545454545,MA,POJ,2015p2,Jun,NotGrapefruit
1468.31502356,1.27272727273,MA,POJ,2015p2,Jul,NotGrapefruit
1202.61857277,1.0,MA,POJ,2015p2,Aug,NotGrapefruit
1172.268158,1.25,MA,POJ,2015,Sep,NotGrapefruit
4390.87549825,1.25,MA,POJ,2015,Oct,NotGrapefruit
3984.48536966,1.25,MA,POJ,2015,Nov,NotGrapefruit
3909.42534019,1.25,MA,POJ,2015,Dec,NotGrapefruit
4046.29023073,1.25,MA,POJ,2015,Jan,NotGrapefruit
3527.60816166,1.25,MA,POJ,2015,Feb,NotGrapefruit
4496.59230899,1.25,MA,POJ,2015,Mar,NotGrapefruit
4456.62259937,1.25,MA,POJ,2015,Apr,NotGrapefruit
3457.70957678,1.25,MA,POJ,2015,May,NotGrapefruit
4561.60054333,1.5,MA,POJ,2015,Jun,NotGrapefruit
4083.24032926,1.5,MA,POJ,2015,Jul,NotGrapefruit
3250.11730507,1.25,MA,POJ,2015,Aug,NotGrapefruit
358.0,3.38,MA,POJ,2016,Sep,NotGrapefruit
936.0,3.38,MA,POJ,2016,Oct,NotGrapefruit
732.042811425,3.38,MA,POJ,2016,Nov,NotGrapefruit
855.0,3.38,MA,POJ,2016,Dec,NotGrapefruit
840.0,3.38,MA,POJ,2016,Jan,NotGrapefruit
896.0,3.38,MA,POJ,2016,Feb,NotGrapefruit
920.996623401,3.38,MA,POJ,2016,Mar,NotGrapefruit
961.0,3.38,MA,POJ,2016,Apr,NotGrapefruit
923.0,3.38,MA,POJ,2016,May,NotGrapefruit
1069.0,3.38,MA,POJ,2016,Jun,NotGrapefruit
790.210426459,3.38,MA,POJ,2016,Jul,NotGrapefruit
831.0,3.38,MA,POJ,2016,Aug,NotGrapefruit
530.852085708,2.45,MA,POJ,2017,Sep,NotGrapefruit
758.404736854,2.45,MA,POJ,2017,Oct,NotGrapefruit
658.164476495,2.45,MA,POJ,2017,Nov,NotGrapefruit
500.970157821,2.45,MA,POJ,2017,Dec,NotGrapefruit
487.327007664,2.45,MA,POJ,2017,Jan,NotGrapefruit
511.130258299,2.45,MA,POJ,2017,Feb,NotGrapefruit
639.068829464,2.45,MA,POJ,2017,Mar,NotGrapefruit
774.829343435,2.45,MA,POJ,2017,Apr,NotGrapefruit
391.076536372,2.45,MA,POJ,2017,May,NotGrapefruit
417.050864358,2.45,MA,POJ,2017,Jun,NotGrapefruit
634.138872004,2.45,MA,POJ,2017,Jul,NotGrapefruit
768.591669758,2.45,MA,POJ,2017,Aug,NotGrapefruit
479.583955587,4.0,MA,POJ,2018,Sep,NotGrapefruit
217.436361076,3.64,MA,POJ,2018,Oct,NotGrapefruit
432.173178612,3.64,MA,POJ,2018,Nov,NotGrapefruit
390.572793206,3.64,MA,POJ,2018,Dec,NotGrapefruit
381.214712526,3.64,MA,POJ,2018,Jan,NotGrapefruit
412.92729284,3.64,MA,POJ,2018,Feb,NotGrapefruit
397.718638861,3.64,MA,POJ,2018,Mar,NotGrapefruit
410.032044164,3.64,MA,POJ,2018,Apr,NotGrapefruit
392.596590911,3.64,MA,POJ,2018,May,NotGrapefruit
410.576616104,3.64,MA,POJ,2018,Jun,NotGrapefruit
424.583262526,3.64,MA,POJ,2018,Jul,NotGrapefruit
345.810917257,3.64,MA,POJ,2018,Aug,NotGrapefruit
