demand_pipeline/sales.csv
Sales,Price,Region,Product,Year,Month,Source
1906.73830528,1.07887866252,SE,POJ,2005,Sep,MomPop
858.0,2.27217311189,SE,POJ,2005,Oct,MomPop
468.0,3.05747983577,SE,POJ,2005,Nov,MomPop
939.0,2.29583653694,SE,POJ,2005,Dec,MomPop
654.0,2.75709128239,SE,POJ,2005,Jan,MomPop
4975.0,1.06688478525,SE,POJ,2005,Feb,MomPop
1111.0,2.26016034942,SE,POJ,2005,Mar,MomPop
764.0,2.66958619894,SE,POJ,2005,Apr,MomPop
1137.0,2.14501363036,SE,POJ,2005,May,MomPop
950.0,2.47933911924,SE,POJ,2005,Jun,MomPop
2730.0,1.42042403432,SE,POJ,2005,Jul,MomPop
700.0,2.71264370703,SE,POJ,2005,Aug,MomPop
932.0,1.52386355226,SE,POJ,2006,Sep,MomPop
0.0,1.84210013914,SE,POJ,2006,Oct,MomPop
0.0,2.89840250542,SE,POJ,2006,Nov,MomPop
0.0,2.93849366965,SE,POJ,2006,Dec,MomPop
0.0,1.10752140535,SE,POJ,2006,Jan,MomPop
0.0,3.11327000094,SE,POJ,2006,Feb,MomPop
0.0,1.81386811614,SE,POJ,2006,Mar,MomPop
0.0,1.54382913343,SE,POJ,2006,Apr,MomPop
0.0,2.66886209345,SE,POJ,2006,May,MomPop
0.0,1.12279806055,SE,POJ,2006,Jun,MomPop
0.0,1.2440141161,SE,POJ,2006,Jul,MomPop
0.0,2.30727358575,SE,POJ,2006,Aug,MomPop
0.0,2.93305804035,SE,POJ,2007,Sep,MomPop
47.1529498395,2.89131119803,SE,POJ,2007,Oct,MomPop
641.707617471,2.0390993702,SE,POJ,2007,Nov,MomPop
186.194800417,2.09498819239,SE,POJ,2007,Dec,MomPop
254.697362966,3.33008168291,SE,POJ,2007,Jan,MomPop
218.937647595,3.11454877457,SE,POJ,2007,Feb,MomPop
51.1942672808,3.19541509816,SE,POJ,2007,Mar,MomPop
44.9319012916,3.17301041003,SE,POJ,2007,Apr,MomPop
1193.76596265,1.28777501346,SE,POJ,2007,May,MomPop
593.184964518,2.31283130105,SE,POJ,2007,Jun,MomPop
101.05164413,2.92594004171,SE,POJ,2007,Jul,MomPop
500.470367469,1.66273428725,SE,POJ,2007,Aug,MomPop
712.896993698,2.0,SE,POJ,2008,Sep,MomPop
930.121692616,2.20150698524,SE,POJ,2008,Oct,MomPop
892.607187971,2.20150698524,SE,POJ,2008,Nov,MomPop
1080.96586711,2.20150698524,SE,POJ,2008,Dec,MomPop
1030.07396749,2.20150698524,SE,POJ,2008,Jan,MomPop
987.240214432,2.20150698524,SE,POJ,2008,Feb,MomPop
897.249661117,2.20150698524,SE,POJ,2008,Mar,MomPop
814.678489567,2.20150698524,SE,POJ,2008,Apr,MomPop
748.97012509,2.20150698524,SE,POJ,2008,May,MomPop
1137.19096351,2.20150698524,SE,POJ,2008,Jun,MomPop
823.44033456,2.20150698524,SE,POJ,2008,Jul,MomPop
751.536194432,2.20150698524,SE,POJ,2008,Aug,MomPop
346.305100796,2.20150698524,SE,POJ,2009,Sep,MomPop
0.0,2.20150698524,SE,POJ,2009,Oct,MomPop
0.0,2.20150698524,SE,POJ,2009,Nov,MomPop
0.0,2.20150698524,SE,POJ,2009,Dec,MomPop
0.0,2.20150698524,SE,POJ,2009,Jan,MomPop
0.0,2.20150698524,SE,POJ,2009,Feb,MomPop
0.0,2.20150698524,SE,POJ,2009,Mar,MomPop
0.0,2.20150698524,SE,POJ,2009,Apr,MomPop
0.0,2.20150698524,SE,POJ,2009,May,MomPop
0.0,2.20150698524,SE,POJ,2009,Jun,MomPop
0.0,2.20150698524,SE,POJ,2009,Jul,MomPop
0.0,2.20150698524,SE,POJ,2009,Aug,MomPop
669.787018593,1.97384121764,SE,POJ,2010,Sep,MomPop
1356.0,1.97384121764,SE,POJ,2010,Oct,MomPop
1513.0,1.97384121764,SE,POJ,2010,Nov,MomPop
1182.5249779,1.97384121764,SE,POJ,2010,Dec,MomPop
1189.0,1.97384121764,SE,POJ,2010,Jan,MomPop
1332.0,1.97384121764,SE,POJ,2010,Feb,MomPop
1443.0,1.97384121764,SE,POJ,2010,Mar,MomPop
1246.61316438,1.97384121764,SE,POJ,2010,Apr,MomPop
1419.20866023,1.97384121764,SE,POJ,2010,May,MomPop
1035.35184047,1.97384121764,SE,POJ,2010,Jun,MomPop
642.470607334,1.97384121764,SE,POJ,2010,Jul,MomPop
1357.0,1.97384121764,SE,POJ,2010,Aug,MomPop
1365.0,1.85840041042,SE,POJ,2011,Sep,MomPop
1648.0,1.85840041042,SE,POJ,2011,Oct,MomPop
1499.0,1.85840041042,SE,POJ,2011,Nov,MomPop
1471.0,1.85840041042,SE,POJ,2011,Dec,MomPop
1600.0,1.85840041042,SE,POJ,2011,Jan,MomPop
1625.0,1.85840041042,SE,POJ,2011,Feb,MomPop
1721.0,1.85840041042,SE,POJ,2011,Mar,MomPop
1419.0,1.85840041042,SE,POJ,2011,Apr,MomPop
1739.0,1.85840041042,SE,POJ,2011,May,MomPop
1617.0,1.85840041042,SE,POJ,2011,Jun,MomPop
1522.0,1.85840041042,SE,POJ,2011,Jul,MomPop
1528.0,1.85840041042,SE,POJ,2011,Aug,MomPop
5107.0,1.08862822259,SE,POJ,2012,Sep,MomPop
3362.0,1.16007120645,SE,POJ,2012,Oct,MomPop
440.0,3.35336596355,SE,POJ,2012,Nov,MomPop
1249.0,1.8555177351,SE,POJ,2012,Dec,MomPop
3923.0,1.22007751042,SE,POJ,2012,Jan,MomPop
2955.0,1.39646921216,SE,POJ,2012,Feb,MomPop
3677.0,1.25208634156,SE,POJ,2012,Mar,MomPop
2544.0,1.36939468774,SE,POJ,2012,Apr,MomPop
1038.0,2.19691996617,SE,POJ,2012,May,MomPop
2740.0,1.50831020357,SE,POJ,2012,Jun,MomPop
1110.0,2.1806488556,SE,POJ,2012,Jul,MomPop
371.0,3.51885089617,SE,POJ,2012,Aug,MomPop
763.0,2.50188373154,SE,POJ,2013,Sep,MomPop
951.0,2.50188373154,SE,POJ,2013,Oct,MomPop
753.0,2.50188373154,SE,POJ,2013,Nov,MomPop
803.0,2.50188373154,SE,POJ,2013,Dec,MomPop
683.0,2.50188373154,SE,POJ,2013,Jan,MomPop
855.0,2.50188373154,SE,POJ,2013,Feb,MomPop
883.0,2.50188373154,SE,POJ,2013,Mar,MomPop
826.0,2.50188373154,SE,POJ,2013,Apr,MomPop
850.0,2.50188373154,SE,POJ,2013,May,MomPop
690.0,2.50188373154,SE,POJ,2013,Jun,MomPop
920.0,2.50188373154,SE,POJ,2013,Jul,MomPop
920.0,2.50188373154,SE,POJ,2013,Aug,MomPop
598.0,3.00226047785,SE,POJ,2014,Sep,MomPop
165.766782791,3.00226047785,SE,POJ,2014,Oct,MomPop
109.961944238,3.00226047785,SE,POJ,2014,Nov,MomPop
97.9642635911,3.00226047785,SE,POJ,2014,Dec,MomPop
204.300982187,3.00226047785,SE,POJ,2014,Jan,MomPop
162.186243772,3.00226047785,SE,POJ,2014,Feb,MomPop
128.687880988,3.00226047785,SE,POJ,2014,Mar,MomPop
98.5115206745,3.00226047785,SE,POJ,2014,Apr,MomPop
176.718706234,3.00226047785,SE,POJ,2014,May,MomPop
105.815598476,3.00226047785,SE,POJ,2014,Jun,MomPop
106.019660264,3.00226047785,SE,POJ,2014,Jul,MomPop
140.68885077,3.00226047785,SE,POJ,2014,Aug,MomPop
328.238097342,1.0,SE,POJ,2015p1,Sep,NotGrapefruit
1895.0253133,1.27272727273,SE,POJ,2015p1,Oct,NotGrapefruit
1424.44096367,1.54545454545,SE,POJ,2015p1,Nov,NotGrapefruit
1545.82500298,1.81818181818,SE,POJ,2015p1,Dec,NotGrapefruit
1170.0,2.09090909091,SE,POJ,2015p1,Jan,NotGrapefruit
742.0,2.36363636364,SE,POJ,2015p1,Feb,NotGrapefruit
725.0,2.63636363636,SE,POJ,2015p1,Mar,NotGrapefruit
542.0,2.90909090909,SE,POJ,2015p1,Apr,NotGrapefruit
434.0,3.18181818182,SE,POJ,2015p1,May,NotGrapefruit
412.0,3.45454545455,SE,POJ,2015p1,Jun,NotGrapefruit
332.0,3.72727272727,SE,POJ,2015p1,Jul,NotGrapefruit
323.0,4.0,SE,POJ,2015p1,Aug,NotGrapefruit
138.0,4.0,SE,POJ,2015p2,Sep,NotGrapefruit
356.0,3.72727272727,SE,POJ,2015p2,Oct,NotGrapefruit
412.0,3.45454545455,SE,POJ,2015p2,Nov,NotGrapefruit
530.0,3.18181818182,SE,POJ,2015p2,Dec,NotGrapefruit
586.0,2.90909090909,SE,POJ,2015p2,Jan,NotGrapefruit
592.0,2.63636363636,SE,POJ,2015p2,Feb,NotGrapefruit
912.0,2.36363636364,SE,POJ,2015p2,Mar,NotGrapefruit
1089.0,2.09090909091,SE,POJ,2015p2,Apr,NotGrapefruit
1421.0,1.81818181818,SE,POJ,2015p2,May,NotGrapefruit
1012.78905206,1.54545454545,SE,POJ,2015p2,Jun,NotGrapefruit
607.177087379,1.27272727273,SE,POJ,2015p2,Jul,NotGrapefruit
486.347543594,1.0,SE,POJ,2015p2,Aug,NotGrapefruit
461.449271793,1.25,SE,POJ,2015,Sep,NotGrapefruit
2233.26223168,1.25,SE,POJ,2015,Oct,NotGrapefruit
1811.10026322,1.25,SE,POJ,2015,Nov,NotGrapefruit
1987.82815631,1.25,SE,POJ,2015,Dec,NotGrapefruit
1712.49007574,1.25,SE,POJ,2015,Jan,NotGrapefruit
1271.71076639,1.25,SE,POJ,2015,Feb,NotGrapefruit
2263.17346542,1.25,SE,POJ,2015,Mar,NotGrapefruit
1525.94594384,1.25,SE,POJ,2015,Apr,NotGrapefruit
1249.71624923,1.25,SE,POJ,2015,May,NotGrapefruit
1600.81508815,1.5,SE,POJ,2015,Jun,NotGrapefruit
1640.33458519,1.5,SE,POJ,2015,Jul,NotGrapefruit
1281.78259304,1.25,SE,POJ,2015,Aug,NotGrapefruit
144.0,4.0,SE,POJ,2016,Sep,NotGrapefruit
328.0,4.0,SE,POJ,2016,Oct,NotGrapefruit
278.0,4.0,SE,POJ,2016,Nov,NotGrapefruit
243.0,4.0,SE,POJ,2016,Dec,NotGrapefruit
298.0,4.0,SE,POJ,2016,Jan,NotGrapefruit
292.0,4.0,SE,POJ,2016,Feb,NotGrapefruit
282.0,4.0,SE,POJ,2016,Mar,NotGrapefruit
308.0,4.0,SE,POJ,2016,Apr,NotGrapefruit
334.0,4.0,SE,POJ,2016,May,NotGrapefruit
290.0,4.0,SE,POJ,2016,Jun,NotGrapefruit
313.0,4.0,SE,POJ,2016,Jul,NotGrapefruit
333.0,4.0,SE,POJ,2016,Aug,NotGrapefruit
226.531296727,2.65,SE,POJ,2017,Sep,NotGrapefruit
292.39199816,2.65,SE,POJ,2017,Oct,NotGrapefruit
273.203276285,2.65,SE,POJ,2017,Nov,NotGrapefruit
175.337310078,2.65,SE,POJ,2017,Dec,NotGrapefruit
212.29771409,2.65,SE,POJ,2017,Jan,NotGrapefruit
104.782606103,2.65,SE,POJ,2017,Feb,NotGrapefruit
213.710484161,2.65,SE,POJ,2017,Mar,NotGrapefruit
290.925176374,2.65,SE,POJ,2017,Apr,NotGrapefruit
102.18717604,2.65,SE,POJ,2017,May,NotGrapefruit
110.922180832,2.65,SE,POJ,2017,Jun,NotGrapefruit
195.714624882,2.65,SE,POJ,2017,Jul,NotGrapefruit
310.501606595,2.65,SE,POJ,2017,Aug,NotGrapefruit
217.276619436,4.0,SE,POJ,2018,Sep,NotGrapefruit
97.0774147706,3.38,SE,POJ,2018,Oct,NotGrapefruit
215.73519835,3.38,SE,POJ,2018,Nov,NotGrapefruit
230.535503736,3.38,SE,POJ,2018,Dec,NotGrapefruit
215.66932369,3.38,SE,POJ,2018,Jan,NotGrapefruit
218.933834143,3.38,SE,POJ,2018,Feb,NotGrapefruit
212.975927529,3.38,SE,POJ,2018,Mar,NotGrapefruit
204.806446551,3.38,SE,POJ,2018,Apr,NotGrapefruit
209.498521575,3.38,SE,POJ,2018,May,NotGrapefruit
224.031547626,3.38,SE,POJ,2018,Jun,NotGrapefruit
245.965548851,3.38,SE,POJ,2018,Jul,NotGrapefruit
234.127187465,3.38,SE,POJ,2018,Aug,NotGrapefruit
