demand_pipeline/sales.csv
Sales,Price,Region,Product,Year,Month,Source
1511.1353624,1.38356725023,MW,POJ,2005,Sep,MomPop
791.587986016,2.70287072613,MW,POJ,2005,Oct,MomPop
512.205466082,3.10004054628,MW,POJ,2005,Nov,MomPop
479.64664475,3.49497073358,MW,POJ,2005,Dec,MomPop
1754.45603575,1.87499625843,MW,POJ,2005,Jan,MomPop
1389.14896174,1.918879986,MW,POJ,2005,Feb,MomPop
952.404057589,2.50197984833,MW,POJ,2005,Mar,MomPop
1395.27830839,2.01516538896,MW,POJ,2005,Apr,MomPop
1375.68189071,2.28462615114,MW,POJ,2005,May,MomPop
2129.03542208,1.71805673666,MW,POJ,2005,Jun,MomPop
1540.57676944,2.0513096014,MW,POJ,2005,Jul,MomPop
1105.50118082,2.50648968456,MW,POJ,2005,Aug,MomPop
4081.83281169,1.0329910184,MW,POJ,2006,Sep,MomPop
592.0,1.32735042381,MW,POJ,2006,Oct,MomPop
250.0,2.00921819593,MW,POJ,2006,Nov,MomPop
111.0,2.9914323424,MW,POJ,2006,Dec,MomPop
285.0,1.76503093631,MW,POJ,2006,Jan,MomPop
120.0,2.81825428096,MW,POJ,2006,Feb,MomPop
67.0,3.57585333599,MW,POJ,2006,Mar,MomPop
94.0,2.94172595583,MW,POJ,2006,Apr,MomPop
304.0,1.80381530162,MW,POJ,2006,May,MomPop
68.0,3.57136396547,MW,POJ,2006,Jun,MomPop
94.0,2.89722393534,MW,POJ,2006,Jul,MomPop
124.0,2.75207029015,MW,POJ,2006,Aug,MomPop
177.0,2.26509985751,MW,POJ,2007,Sep,MomPop
125.517429215,2.84056453892,MW,POJ,2007,Oct,MomPop
403.852623812,2.75689466625,MW,POJ,2007,Nov,MomPop
142.490712321,2.93804075336,MW,POJ,2007,Dec,MomPop
771.813130311,2.16114062688,MW,POJ,2007,Jan,MomPop
628.497227372,2.14803078399,MW,POJ,2007,Feb,MomPop
188.328274242,2.65751513189,MW,POJ,2007,Mar,MomPop
549.297821578,1.23632098838,MW,POJ,2007,Apr,MomPop
1079.95763539,1.52500378617,MW,POJ,2007,May,MomPop
439.406718074,3.00889852159,MW,POJ,2007,Jun,MomPop
96.585500623,3.59749129952,MW,POJ,2007,Jul,MomPop
811.019217128,1.40773301573,MW,POJ,2007,Aug,MomPop
816.737733172,2.1,MW,POJ,2008,Sep,MomPop
1326.14183802,2.27608675921,MW,POJ,2008,Oct,MomPop
1051.8988414,2.27608675921,MW,POJ,2008,Nov,MomPop
1130.19843348,2.27608675921,MW,POJ,2008,Dec,MomPop
962.108808322,2.27608675921,MW,POJ,2008,Jan,MomPop
1106.8317528,2.27608675921,MW,POJ,2008,Feb,MomPop
1066.64900453,2.27608675921,MW,POJ,2008,Mar,MomPop
985.042843398,2.27608675921,MW,POJ,2008,Apr,MomPop
1048.77239954,2.27608675921,MW,POJ,2008,May,MomPop
1025.33382239,2.27608675921,MW,POJ,2008,Jun,MomPop
940.862830802,2.27608675921,MW,POJ,2008,Jul,MomPop
754.677847691,2.27608675921,MW,POJ,2008,Aug,MomPop
407.781817906,2.27608675921,MW,POJ,2009,Sep,MomPop
187.0,2.27608675921,MW,POJ,2009,Oct,MomPop
151.0,2.27608675921,MW,POJ,2009,Nov,MomPop
215.0,2.27608675921,MW,POJ,2009,Dec,MomPop
187.0,2.27608675921,MW,POJ,2009,Jan,MomPop
203.0,2.27608675921,MW,POJ,2009,Feb,MomPop
143.0,2.27608675921,MW,POJ,2009,Mar,MomPop
196.0,2.27608675921,MW,POJ,2009,Apr,MomPop
168.0,2.27608675921,MW,POJ,2009,May,MomPop
205.0,2.27608675921,MW,POJ,2009,Jun,MomPop
170.0,2.27608675921,MW,POJ,2009,Jul,MomPop
201.0,2.27608675921,MW,POJ,2009,Aug,MomPop
921.794907917,1.94913795848,MW,POJ,2010,Sep,MomPop
1913.79014097,1.94913795848,MW,POJ,2010,Oct,MomPop
1635.30303106,1.94913795848,MW,POJ,2010,Nov,MomPop
1533.12431543,1.94913795848,MW,POJ,2010,Dec,MomPop
1708.44266457,1.94913795848,MW,POJ,2010,Jan,MomPop
1409.94211365,1.94913795848,MW,POJ,2010,Feb,MomPop
1773.02361798,1.94913795848,MW,POJ,2010,Mar,MomPop
1451.21459641,1.94913795848,MW,POJ,2010,Apr,MomPop
1577.76531928,1.94913795848,MW,POJ,2010,May,MomPop
994.85820757,1.94913795848,MW,POJ,2010,Jun,MomPop
901.239682203,1.94913795848,MW,POJ,2010,Jul,MomPop
1717.7651103,1.94913795848,MW,POJ,2010,Aug,MomPop
1193.88495966,2.14058151932,MW,POJ,2011,Sep,MomPop
1379.11360566,2.14058151932,MW,POJ,2011,Oct,MomPop
1317.69913917,2.14058151932,MW,POJ,2011,Nov,MomPop
1442.00563323,2.14058151932,MW,POJ,2011,Dec,MomPop
1361.9277249,2.14058151932,MW,POJ,2011,Jan,MomPop
1366.24485435,2.14058151932,MW,POJ,2011,Feb,MomPop
1531.66120294,2.14058151932,MW,POJ,2011,Mar,MomPop
1480.8897204,2.14058151932,MW,POJ,2011,Apr,MomPop
1729.13199491,2.14058151932,MW,POJ,2011,May,MomPop
1364.97766893,2.14058151932,MW,POJ,2011,Jun,MomPop
1402.52781452,2.14058151932,MW,POJ,2011,Jul,MomPop
1378.55716229,2.14058151932,MW,POJ,2011,Aug,MomPop
4231.40776019,1.28796486562,MW,POJ,2012,Sep,MomPop
5015.44158686,1.25483816274,MW,POJ,2012,Oct,MomPop
500.674627721,3.57607261405,MW,POJ,2012,Nov,MomPop
1346.2953111,2.24177003075,MW,POJ,2012,Dec,MomPop
1765.95262644,1.89866934154,MW,POJ,2012,Jan,MomPop
1023.65602269,2.42354963815,MW,POJ,2012,Feb,MomPop
2957.95487369,1.50079343071,MW,POJ,2012,Mar,MomPop
944.322259934,2.51590958674,MW,POJ,2012,Apr,MomPop
1432.14615373,2.08713644831,MW,POJ,2012,May,MomPop
1894.48279737,1.87427365977,MW,POJ,2012,Jun,MomPop
3400.71211071,1.37197081154,MW,POJ,2012,Jul,MomPop
1020.01071338,2.45854618602,MW,POJ,2012,Aug,MomPop
997.667488477,2.59510844901,MW,POJ,2013,Sep,MomPop
877.41388415,2.59510844901,MW,POJ,2013,Oct,MomPop
858.948648649,2.59510844901,MW,POJ,2013,Nov,MomPop
835.469574248,2.59510844901,MW,POJ,2013,Dec,MomPop
1015.12274672,2.59510844901,MW,POJ,2013,Jan,MomPop
1001.29486914,2.59510844901,MW,POJ,2013,Feb,MomPop
859.513274101,2.59510844901,MW,POJ,2013,Mar,MomPop
886.052424006,2.59510844901,MW,POJ,2013,Apr,MomPop
937.927952194,2.59510844901,MW,POJ,2013,May,MomPop
991.861081829,2.59510844901,MW,POJ,2013,Jun,MomPop
930.078558416,2.59510844901,MW,POJ,2013,Jul,MomPop
1102.66760301,2.59510844901,MW,POJ,2013,Aug,MomPop
559.0,3.11413013881,MW,POJ,2014,Sep,MomPop
345.61836578,3.11413013881,MW,POJ,2014,Oct,MomPop
255.31147562,3.11413013881,MW,POJ,2014,Nov,MomPop
205.106908405,3.11413013881,MW,POJ,2014,Dec,MomPop
284.74218865,3.11413013881,MW,POJ,2014,Jan,MomPop
247.91465514,3.11413013881,MW,POJ,2014,Feb,MomPop
265.998140606,3.11413013881,MW,POJ,2014,Mar,MomPop
194.170598898,3.11413013881,MW,POJ,2014,Apr,MomPop
278.789346957,3.11413013881,MW,POJ,2014,May,MomPop
235.519426218,3.11413013881,MW,POJ,2014,Jun,MomPop
168.934030168,3.11413013881,MW,POJ,2014,Jul,MomPop
262.500609299,3.11413013881,MW,POJ,2014,Aug,MomPop
506.925154264,1.0,MW,POJ,2015p1,Sep,NotGrapefruit
2116.51179834,1.27272727273,MW,POJ,2015p1,Oct,NotGrapefruit
1960.0261787,1.54545454545,MW,POJ,2015p1,Nov,NotGrapefruit
1654.53020045,1.81818181818,MW,POJ,2015p1,Dec,NotGrapefruit
1593.9349678,2.09090909091,MW,POJ,2015p1,Jan,NotGrapefruit
1185.03686903,2.36363636364,MW,POJ,2015p1,Feb,NotGrapefruit
910.481846617,2.63636363636,MW,POJ,2015p1,Mar,NotGrapefruit
765.416419267,2.90909090909,MW,POJ,2015p1,Apr,NotGrapefruit
575.141051034,3.18181818182,MW,POJ,2015p1,May,NotGrapefruit
537.555775418,3.45454545455,MW,POJ,2015p1,Jun,NotGrapefruit
472.032297754,3.72727272727,MW,POJ,2015p1,Jul,NotGrapefruit
405.170316915,4.0,MW,POJ,2015p1,Aug,NotGrapefruit
189.0,4.0,MW,POJ,2015p2,Sep,NotGrapefruit
451.0,3.72727272727,MW,POJ,2015p2,Oct,NotGrapefruit
638.0,3.45454545455,MW,POJ,2015p2,Nov,NotGrapefruit
654.0,3.18181818182,MW,POJ,2015p2,Dec,NotGrapefruit
886.0,2.90909090909,MW,POJ,2015p2,Jan,NotGrapefruit
1030.0,2.63636363636,MW,POJ,2015p2,Feb,NotGrapefruit
1268.0,2.36363636364,MW,POJ,2015p2,Mar,NotGrapefruit
1712.0,2.09090909091,MW,POJ,2015p2,Apr,NotGrapefruit
2048.0,1.81818181818,MW,POJ,2015p2,May,NotGrapefruit
1530.80518806,1.54545454545,MW,POJ,2015p2,Jun,NotGrapefruit
1195.29549081,1.27272727273,MW,POJ,2015p2,Jul,NotGrapefruit
745.174327155,1.0,MW,POJ,2015p2,Aug,NotGrapefruit
654.824440005,1.25,MW,POJ,2015,Sep,NotGrapefruit
2521.50779888,1.25,MW,POJ,2015,Oct,NotGrapefruit
2447.08961722,1.25,MW,POJ,2015,Nov,NotGrapefruit
2192.69728051,1.25,MW,POJ,2015,Dec,NotGrapefruit
2337.07466889,1.25,MW,POJ,2015,Jan,NotGrapefruit
1853.11013478,1.25,MW,POJ,2015,Feb,NotGrapefruit
2773.79833198,1.25,MW,POJ,2015,Mar,NotGrapefruit
2040.50688161,1.25,MW,POJ,2015,Apr,NotGrapefruit
1614.52832862,1.25,MW,POJ,2015,May,NotGrapefruit
2007.43334497,1.5,MW,POJ,2015,Jun,NotGrapefruit
2244.12080648,1.5,MW,POJ,2015,Jul,NotGrapefruit
1668.2925199,1.25,MW,POJ,2015,Aug,NotGrapefruit
175.259668508,4.0,MW,POJ,2016,Sep,NotGrapefruit
387.882981366,4.0,MW,POJ,2016,Oct,NotGrapefruit
410.966754925,4.0,MW,POJ,2016,Nov,NotGrapefruit
461.997894737,4.0,MW,POJ,2016,Dec,NotGrapefruit
344.0,4.0,MW,POJ,2016,Jan,NotGrapefruit
431.0,4.0,MW,POJ,2016,Feb,NotGrapefruit
359.383655239,4.0,MW,POJ,2016,Mar,NotGrapefruit
295.66987594,4.0,MW,POJ,2016,Apr,NotGrapefruit
401.348101977,4.0,MW,POJ,2016,May,NotGrapefruit
444.638298471,4.0,MW,POJ,2016,Jun,NotGrapefruit
400.369017626,4.0,MW,POJ,2016,Jul,NotGrapefruit
405.176182493,4.0,MW,POJ,2016,Aug,NotGrapefruit
69.9509862613,3.85,MW,POJ,2017,Sep,NotGrapefruit
224.287743152,3.85,MW,POJ,2017,Oct,NotGrapefruit
287.423104793,3.85,MW,POJ,2017,Nov,NotGrapefruit
284.863443447,3.85,MW,POJ,2017,Dec,NotGrapefruit
318.626094067,3.85,MW,POJ,2017,Jan,NotGrapefruit
264.102735331,3.85,MW,POJ,2017,Feb,NotGrapefruit
280.025936995,3.85,MW,POJ,2017,Mar,NotGrapefruit
277.136913343,3.85,MW,POJ,2017,Apr,NotGrapefruit
203.678406522,3.85,MW,POJ,2017,May,NotGrapefruit
307.944849928,3.85,MW,POJ,2017,Jun,NotGrapefruit
284.662192235,3.85,MW,POJ,2017,Jul,NotGrapefruit
302.584920406,3.85,MW,POJ,2017,Aug,NotGrapefruit
228.14984625,4.0,MW,POJ,2018,Sep,NotGrapefruit
114.879856935,3.83,MW,POJ,2018,Oct,NotGrapefruit
243.076242302,3.83,MW,POJ,2018,Nov,NotGrapefruit
246.717772533,3.83,MW,POJ,2018,Dec,NotGrapefruit
254.373756624,3.83,MW,POJ,2018,Jan,NotGrapefruit
238.630955452,3.83,MW,POJ,2018,Feb,NotGrapefruit
216.206793561,3.83,MW,POJ,2018,Mar,NotGrapefruit
218.97760597,3.83,MW,POJ,2018,Apr,NotGrapefruit
225.133913327,3.83,MW,POJ,2018,May,NotGrapefruit
230.161611197,3.83,MW,POJ,2018,Jun,NotGrapefruit
227.418829355,3.83,MW,POJ,2018,Jul,NotGrapefruit
244.208821469,3.83,MW,POJ,2018,Aug,NotGrapefruit
