demand_pipeline/sales.csv
Sales,Price,Region,Product,Year,Month,Source
170.690536806,2.44813883485,DS,POJ,2005,Sep,MomPop
345.946644168,2.07957062031,DS,POJ,2005,Oct,MomPop
189.55069025,2.56520364319,DS,POJ,2005,Nov,MomPop
391.323815076,2.91583478975,DS,POJ,2005,Dec,MomPop
193.18391571,3.07107185666,DS,POJ,2005,Jan,MomPop
679.083264264,1.20009936732,DS,POJ,2005,Feb,MomPop
306.005478785,3.59223449228,DS,POJ,2005,Mar,MomPop
610.127126777,1.68790116389,DS,POJ,2005,Apr,MomPop
164.264442249,3.40601275338,DS,POJ,2005,May,MomPop
181.126961085,2.7432400487,DS,POJ,2005,Jun,MomPop
186.320822329,3.32724372461,DS,POJ,2005,Jul,MomPop
349.740605882,2.93992251731,DS,POJ,2005,Aug,MomPop
764.979852107,2.39804311047,DS,POJ,2006,Sep,MomPop
2714.0,1.52972612657,DS,POJ,2006,Oct,MomPop
2649.0,1.55728797047,DS,POJ,2006,Nov,MomPop
1141.0,2.43034531152,DS,POJ,2006,Dec,MomPop
4709.0,1.25055800815,DS,POJ,2006,Jan,MomPop
773.0,2.77301623199,DS,POJ,2006,Feb,MomPop
582.0,3.07219523568,DS,POJ,2006,Mar,MomPop
662.0,2.95954346297,DS,POJ,2006,Apr,MomPop
1679.0,2.02257178249,DS,POJ,2006,May,MomPop
2887.0,1.59369816948,DS,POJ,2006,Jun,MomPop
4713.0,1.23539434708,DS,POJ,2006,Jul,MomPop
1213.0,2.28804628613,DS,POJ,2006,Aug,MomPop
1805.0,1.96408997088,DS,POJ,2007,Sep,MomPop
428.169442918,2.94820421053,DS,POJ,2007,Oct,MomPop
310.24228199,2.68814312631,DS,POJ,2007,Nov,MomPop
365.410297123,2.16698625654,DS,POJ,2007,Dec,MomPop
459.282054063,1.37933316998,DS,POJ,2007,Jan,MomPop
333.426713724,2.43038296061,DS,POJ,2007,Feb,MomPop
262.981416101,3.4572890083,DS,POJ,2007,Mar,MomPop
312.839196403,1.43520026982,DS,POJ,2007,Apr,MomPop
354.344619488,1.76962653877,DS,POJ,2007,May,MomPop
213.86597301,3.51574882592,DS,POJ,2007,Jun,MomPop
115.719679937,3.08468509252,DS,POJ,2007,Jul,MomPop
320.180670487,2.04462704995,DS,POJ,2007,Aug,MomPop
177.733351897,2.06723334955,DS,POJ,2008,Sep,MomPop
408.888850339,2.06723334955,DS,POJ,2008,Oct,MomPop
256.197880651,2.06723334955,DS,POJ,2008,Nov,MomPop
258.364316424,2.06723334955,DS,POJ,2008,Dec,MomPop
282.926376779,2.06723334955,DS,POJ,2008,Jan,MomPop
273.30051966,2.06723334955,DS,POJ,2008,Feb,MomPop
275.194781382,2.06723334955,DS,POJ,2008,Mar,MomPop
280.150252234,2.06723334955,DS,POJ,2008,Apr,MomPop
243.858234973,2.06723334955,DS,POJ,2008,May,MomPop
266.048395589,2.06723334955,DS,POJ,2008,Jun,MomPop
251.915343665,2.06723334955,DS,POJ,2008,Jul,MomPop
272.487245097,2.06723334955,DS,POJ,2008,Aug,MomPop
1230.7599979,2.06723334955,DS,POJ,2009,Sep,MomPop
1522.0,2.06723334955,DS,POJ,2009,Oct,MomPop
1768.0,2.06723334955,DS,POJ,2009,Nov,MomPop
1775.0,2.06723334955,DS,POJ,2009,Dec,MomPop
1550.0,2.06723334955,DS,POJ,2009,Jan,MomPop
1618.0,2.06723334955,DS,POJ,2009,Feb,MomPop
1564.0,2.06723334955,DS,POJ,2009,Mar,MomPop
1599.0,2.06723334955,DS,POJ,2009,Apr,MomPop
1469.0,2.06723334955,DS,POJ,2009,May,MomPop
1763.0,2.06723334955,DS,POJ,2009,Jun,MomPop
1353.0,2.06723334955,DS,POJ,2009,Jul,MomPop
1492.0,2.06723334955,DS,POJ,2009,Aug,MomPop
2059.0,1.80668891894,DS,POJ,2010,Sep,MomPop
728.152788885,1.80668891894,DS,POJ,2010,Oct,MomPop
486.603068564,1.80668891894,DS,POJ,2010,Nov,MomPop
454.87773843,1.80668891894,DS,POJ,2010,Dec,MomPop
492.69761401,1.80668891894,DS,POJ,2010,Jan,MomPop
529.063409283,1.80668891894,DS,POJ,2010,Feb,MomPop
461.34311029,1.80668891894,DS,POJ,2010,Mar,MomPop
431.142652486,1.80668891894,DS,POJ,2010,Apr,MomPop
420.593718665,1.80668891894,DS,POJ,2010,May,MomPop
529.81862365,1.80668891894,DS,POJ,2010,Jun,MomPop
398.487799581,1.80668891894,DS,POJ,2010,Jul,MomPop
494.821945647,1.80668891894,DS,POJ,2010,Aug,MomPop
762.124432799,1.78974074375,DS,POJ,2011,Sep,MomPop
1217.78458995,1.78974074375,DS,POJ,2011,Oct,MomPop
1062.32116562,1.78974074375,DS,POJ,2011,Nov,MomPop
1206.61097685,1.78974074375,DS,POJ,2011,Dec,MomPop
987.671892695,1.78974074375,DS,POJ,2011,Jan,MomPop
1099.30991163,1.78974074375,DS,POJ,2011,Feb,MomPop
1236.61048337,1.78974074375,DS,POJ,2011,Mar,MomPop
972.901045228,1.78974074375,DS,POJ,2011,Apr,MomPop
1186.00104831,1.78974074375,DS,POJ,2011,May,MomPop
1297.62675158,1.78974074375,DS,POJ,2011,Jun,MomPop
1261.27742785,1.78974074375,DS,POJ,2011,Jul,MomPop
1060.48914875,1.78974074375,DS,POJ,2011,Aug,MomPop
658.632773041,2.14392616858,DS,POJ,2012,Sep,MomPop
318.344977258,2.53450937811,DS,POJ,2012,Oct,MomPop
1030.7068048,1.95456372153,DS,POJ,2012,Nov,MomPop
1069.97170717,1.73680348582,DS,POJ,2012,Dec,MomPop
461.152947176,3.0037950506,DS,POJ,2012,Jan,MomPop
290.406210554,2.96025328871,DS,POJ,2012,Feb,MomPop
465.641122503,3.17500071935,DS,POJ,2012,Mar,MomPop
746.592569634,2.46405025285,DS,POJ,2012,Apr,MomPop
158.168592888,3.55172159248,DS,POJ,2012,May,MomPop
310.586041175,3.44375168332,DS,POJ,2012,Jun,MomPop
1308.87219096,1.84541077428,DS,POJ,2012,Jul,MomPop
292.847701836,3.58843892762,DS,POJ,2012,Aug,MomPop
827.717705604,2.33404168694,DS,POJ,2013,Sep,MomPop
571.338047912,2.33404168694,DS,POJ,2013,Oct,MomPop
439.011793612,2.33404168694,DS,POJ,2013,Nov,MomPop
588.949461392,2.33404168694,DS,POJ,2013,Dec,MomPop
631.895348266,2.33404168694,DS,POJ,2013,Jan,MomPop
515.986567787,2.33404168694,DS,POJ,2013,Feb,MomPop
544.051074697,2.33404168694,DS,POJ,2013,Mar,MomPop
430.976072812,2.33404168694,DS,POJ,2013,Apr,MomPop
725.865445818,2.33404168694,DS,POJ,2013,May,MomPop
525.210409454,2.33404168694,DS,POJ,2013,Jun,MomPop
578.713411566,2.33404168694,DS,POJ,2013,Jul,MomPop
389.437052104,2.33404168694,DS,POJ,2013,Aug,MomPop
563.0,2.80085002433,DS,POJ,2014,Sep,MomPop
850.0,2.80085002433,DS,POJ,2014,Oct,MomPop
954.0,2.80085002433,DS,POJ,2014,Nov,MomPop
900.0,2.80085002433,DS,POJ,2014,Dec,MomPop
810.0,2.80085002433,DS,POJ,2014,Jan,MomPop
841.0,2.80085002433,DS,POJ,2014,Feb,MomPop
858.0,2.80085002433,DS,POJ,2014,Mar,MomPop
834.0,2.80085002433,DS,POJ,2014,Apr,MomPop
818.0,2.80085002433,DS,POJ,2014,May,MomPop
863.0,2.80085002433,DS,POJ,2014,Jun,MomPop
784.0,2.80085002433,DS,POJ,2014,Jul,MomPop
891.0,2.80085002433,DS,POJ,2014,Aug,MomPop
178.233951483,1.0,DS,POJ,2015p1,Sep,NotGrapefruit
312.959453234,1.27272727273,DS,POJ,2015p1,Oct,NotGrapefruit
282.826053683,1.54545454545,DS,POJ,2015p1,Nov,NotGrapefruit
424.580725433,1.81818181818,DS,POJ,2015p1,Dec,NotGrapefruit
212.696182622,2.09090909091,DS,POJ,2015p1,Jan,NotGrapefruit
404.296343193,2.36363636364,DS,POJ,2015p1,Feb,NotGrapefruit
324.281853425,2.63636363636,DS,POJ,2015p1,Mar,NotGrapefruit
271.925045293,2.90909090909,DS,POJ,2015p1,Apr,NotGrapefruit
358.517338689,3.18181818182,DS,POJ,2015p1,May,NotGrapefruit
340.234883941,3.45454545455,DS,POJ,2015p1,Jun,NotGrapefruit
230.692375489,3.72727272727,DS,POJ,2015p1,Jul,NotGrapefruit
252.544448053,4.0,DS,POJ,2015p1,Aug,NotGrapefruit
217.0,4.0,DS,POJ,2015p2,Sep,NotGrapefruit
381.0,3.72727272727,DS,POJ,2015p2,Oct,NotGrapefruit
635.0,3.45454545455,DS,POJ,2015p2,Nov,NotGrapefruit
715.0,3.18181818182,DS,POJ,2015p2,Dec,NotGrapefruit
697.0,2.90909090909,DS,POJ,2015p2,Jan,NotGrapefruit
1008.0,2.63636363636,DS,POJ,2015p2,Feb,NotGrapefruit
1396.0,2.36363636364,DS,POJ,2015p2,Mar,NotGrapefruit
1870.0,2.09090909091,DS,POJ,2015p2,Apr,NotGrapefruit
2610.0,1.81818181818,DS,POJ,2015p2,May,NotGrapefruit
2286.47603134,1.54545454545,DS,POJ,2015p2,Jun,NotGrapefruit
1393.26018499,1.27272727273,DS,POJ,2015p2,Jul,NotGrapefruit
871.602276406,1.0,DS,POJ,2015p2,Aug,NotGrapefruit
0.0,1.25,DS,POJ,2015,Sep,NotGrapefruit
0.0,1.25,DS,POJ,2015,Oct,NotGrapefruit
0.0,1.25,DS,POJ,2015,Nov,NotGrapefruit
0.0,1.25,DS,POJ,2015,Dec,NotGrapefruit
0.0,1.25,DS,POJ,2015,Jan,NotGrapefruit
0.0,1.25,DS,POJ,2015,Feb,NotGrapefruit
0.0,1.25,DS,POJ,2015,Mar,NotGrapefruit
0.0,1.25,DS,POJ,2015,Apr,NotGrapefruit
0.0,1.25,DS,POJ,2015,May,NotGrapefruit
0.0,1.5,DS,POJ,2015,Jun,NotGrapefruit
0.0,1.5,DS,POJ,2015,Jul,NotGrapefruit
0.0,1.25,DS,POJ,2015,Aug,NotGrapefruit
232.060773481,3.35,DS,POJ,2016,Sep,NotGrapefruit
495.195031056,3.35,DS,POJ,2016,Oct,NotGrapefruit
486.778301887,3.35,DS,POJ,2016,Nov,NotGrapefruit
542.332631579,3.35,DS,POJ,2016,Dec,NotGrapefruit
478.0,3.35,DS,POJ,2016,Jan,NotGrapefruit
519.0,3.35,DS,POJ,2016,Feb,NotGrapefruit
529.0,3.35,DS,POJ,2016,Mar,NotGrapefruit
550.081393994,3.35,DS,POJ,2016,Apr,NotGrapefruit
495.343081761,3.35,DS,POJ,2016,May,NotGrapefruit
506.792208243,3.35,DS,POJ,2016,Jun,NotGrapefruit
474.472182336,3.35,DS,POJ,2016,Jul,NotGrapefruit
477.473381867,3.35,DS,POJ,2016,Aug,NotGrapefruit
418.175208422,3.45,DS,POJ,2017,Sep,NotGrapefruit
425.451887211,3.45,DS,POJ,2017,Oct,NotGrapefruit
452.263450788,3.45,DS,POJ,2017,Nov,NotGrapefruit
467.488380104,3.45,DS,POJ,2017,Dec,NotGrapefruit
420.334737912,3.45,DS,POJ,2017,Jan,NotGrapefruit
247.350968094,3.45,DS,POJ,2017,Feb,NotGrapefruit
457.127605287,3.45,DS,POJ,2017,Mar,NotGrapefruit
402.232825355,3.45,DS,POJ,2017,Apr,NotGrapefruit
425.313466449,3.45,DS,POJ,2017,May,NotGrapefruit
425.885168953,3.45,DS,POJ,2017,Jun,NotGrapefruit
427.488761148,3.45,DS,POJ,2017,Jul,NotGrapefruit
434.087514592,3.45,DS,POJ,2017,Aug,NotGrapefruit
233.710678744,4.0,DS,POJ,2018,Sep,NotGrapefruit
196.418182078,3.4,DS,POJ,2018,Oct,NotGrapefruit
350.517163594,3.4,DS,POJ,2018,Nov,NotGrapefruit
309.35982391,3.4,DS,POJ,2018,Dec,NotGrapefruit
282.279876712,3.4,DS,POJ,2018,Jan,NotGrapefruit
297.471530836,3.4,DS,POJ,2018,Feb,NotGrapefruit
316.387854847,3.4,DS,POJ,2018,Mar,NotGrapefruit
314.333764786,3.4,DS,POJ,2018,Apr,NotGrapefruit
309.709140141,3.4,DS,POJ,2018,May,NotGrapefruit
311.969496287,3.4,DS,POJ,2018,Jun,NotGrapefruit
318.170485342,3.4,DS,POJ,2018,Jul,NotGrapefruit
310.229688545,3.4,DS,POJ,2018,Aug,NotGrapefruit
