demand_pipeline/sales.csv
Sales,Price,Region,Product,Year,Month,Source
48.4765203625,2.52025217497,NW,POJ,2005,Sep,MomPop
286.993858733,1.38084399186,NW,POJ,2005,Oct,MomPop
328.576104373,1.10112299473,NW,POJ,2005,Nov,MomPop
394.772391815,1.95227449551,NW,POJ,2005,Dec,MomPop
474.239147765,1.08290199517,NW,POJ,2005,Jan,MomPop
46.7618495506,2.55340389177,NW,POJ,2005,Feb,MomPop
329.425778703,1.83870532067,NW,POJ,2005,Mar,MomPop
139.966309713,1.97016521169,NW,POJ,2005,Apr,MomPop
379.536903745,1.34327834988,NW,POJ,2005,May,MomPop
100.922293925,2.2832360521,NW,POJ,2005,Jun,MomPop
368.999518257,1.57386279398,NW,POJ,2005,Jul,MomPop
102.859420543,3.0035498619,NW,POJ,2005,Aug,MomPop
203.212322155,2.8484981087,NW,POJ,2006,Sep,MomPop
337.0,2.50107346181,NW,POJ,2006,Oct,MomPop
344.0,2.54489340687,NW,POJ,2006,Nov,MomPop
277.0,2.93607165144,NW,POJ,2006,Dec,MomPop
283.0,2.7994462783,NW,POJ,2006,Jan,MomPop
523.0,2.15768838928,NW,POJ,2006,Feb,MomPop
325.0,2.60559892602,NW,POJ,2006,Mar,MomPop
860.0,1.57285519522,NW,POJ,2006,Apr,MomPop
387.0,2.43309863408,NW,POJ,2006,May,MomPop
307.0,2.50653031558,NW,POJ,2006,Jun,MomPop
418.0,2.34934443964,NW,POJ,2006,Jul,MomPop
870.0,1.75401358565,NW,POJ,2006,Aug,MomPop
279.0,2.69993479542,NW,POJ,2007,Sep,MomPop
128.222096376,2.8439426292,NW,POJ,2007,Oct,MomPop
214.704740896,1.72864751886,NW,POJ,2007,Nov,MomPop
205.311492117,1.52919745287,NW,POJ,2007,Dec,MomPop
138.801307643,1.40487665586,NW,POJ,2007,Jan,MomPop
123.389803504,2.08460745922,NW,POJ,2007,Feb,MomPop
234.983655264,2.04292104624,NW,POJ,2007,Mar,MomPop
28.3477586145,2.75196616896,NW,POJ,2007,Apr,MomPop
59.3594233098,2.36530943173,NW,POJ,2007,May,MomPop
104.826464978,2.94424131532,NW,POJ,2007,Jun,MomPop
60.9095065539,2.48352494566,NW,POJ,2007,Jul,MomPop
219.978048998,1.34423481297,NW,POJ,2007,Aug,MomPop
34.3712736322,2.06637276574,NW,POJ,2008,Sep,MomPop
104.496088416,2.06637276574,NW,POJ,2008,Oct,MomPop
95.5409656948,2.06637276574,NW,POJ,2008,Nov,MomPop
87.9034508968,2.06637276574,NW,POJ,2008,Dec,MomPop
80.7271519694,2.06637276574,NW,POJ,2008,Jan,MomPop
92.7588748419,2.06637276574,NW,POJ,2008,Feb,MomPop
73.8995006277,2.06637276574,NW,POJ,2008,Mar,MomPop
88.4329978392,2.06637276574,NW,POJ,2008,Apr,MomPop
118.026042249,2.06637276574,NW,POJ,2008,May,MomPop
95.4036791757,2.06637276574,NW,POJ,2008,Jun,MomPop
96.3476362499,2.06637276574,NW,POJ,2008,Jul,MomPop
92.3898562311,2.06637276574,NW,POJ,2008,Aug,MomPop
376.327563465,2.06637276574,NW,POJ,2009,Sep,MomPop
451.0,2.06637276574,NW,POJ,2009,Oct,MomPop
499.0,2.06637276574,NW,POJ,2009,Nov,MomPop
447.0,2.06637276574,NW,POJ,2009,Dec,MomPop
582.0,2.06637276574,NW,POJ,2009,Jan,MomPop
465.0,2.06637276574,NW,POJ,2009,Feb,MomPop
445.0,2.06637276574,NW,POJ,2009,Mar,MomPop
611.0,2.06637276574,NW,POJ,2009,Apr,MomPop
563.0,2.06637276574,NW,POJ,2009,May,MomPop
540.0,2.06637276574,NW,POJ,2009,Jun,MomPop
568.0,2.06637276574,NW,POJ,2009,Jul,MomPop
587.0,2.06637276574,NW,POJ,2009,Aug,MomPop
584.0,1.83666084155,NW,POJ,2010,Sep,MomPop
293.141070129,1.83666084155,NW,POJ,2010,Oct,MomPop
152.940160492,1.83666084155,NW,POJ,2010,Nov,MomPop
157.728327197,1.83666084155,NW,POJ,2010,Dec,MomPop
112.524941995,1.83666084155,NW,POJ,2010,Jan,MomPop
138.22517647,1.83666084155,NW,POJ,2010,Feb,MomPop
148.172950723,1.83666084155,NW,POJ,2010,Mar,MomPop
151.839842345,1.83666084155,NW,POJ,2010,Apr,MomPop
153.666742314,1.83666084155,NW,POJ,2010,May,MomPop
157.525232848,1.83666084155,NW,POJ,2010,Jun,MomPop
123.627670465,1.83666084155,NW,POJ,2010,Jul,MomPop
143.104774397,1.83666084155,NW,POJ,2010,Aug,MomPop
284.931444734,1.94971094688,NW,POJ,2011,Sep,MomPop
424.49450022,1.94971094688,NW,POJ,2011,Oct,MomPop
279.940561055,1.94971094688,NW,POJ,2011,Nov,MomPop
413.06348153,1.94971094688,NW,POJ,2011,Dec,MomPop
335.69365095,1.94971094688,NW,POJ,2011,Jan,MomPop
340.792334632,1.94971094688,NW,POJ,2011,Feb,MomPop
354.881731029,1.94971094688,NW,POJ,2011,Mar,MomPop
247.267336769,1.94971094688,NW,POJ,2011,Apr,MomPop
402.839345074,1.94971094688,NW,POJ,2011,May,MomPop
308.322176525,1.94971094688,NW,POJ,2011,Jun,MomPop
267.549178129,1.94971094688,NW,POJ,2011,Jul,MomPop
337.888060806,1.94971094688,NW,POJ,2011,Aug,MomPop
337.241737092,1.83712892688,NW,POJ,2012,Sep,MomPop
132.928149353,2.26711055042,NW,POJ,2012,Oct,MomPop
290.362699457,2.16143183648,NW,POJ,2012,Nov,MomPop
183.087875295,2.28817569738,NW,POJ,2012,Dec,MomPop
591.276794328,1.72587544753,NW,POJ,2012,Jan,MomPop
122.45920627,3.03398890231,NW,POJ,2012,Feb,MomPop
171.78782412,3.12823093566,NW,POJ,2012,Mar,MomPop
569.271416166,1.69790478367,NW,POJ,2012,Apr,MomPop
108.276240967,2.88266317332,NW,POJ,2012,May,MomPop
117.056229022,3.52906938392,NW,POJ,2012,Jun,MomPop
181.227461412,3.04214631918,NW,POJ,2012,Jul,MomPop
335.236935303,2.01441141058,NW,POJ,2012,Aug,MomPop
259.929858049,2.4375,NW,POJ,2013,Sep,MomPop
150.930783208,2.4375,NW,POJ,2013,Oct,MomPop
117.591973792,2.4375,NW,POJ,2013,Nov,MomPop
147.881428263,2.4375,NW,POJ,2013,Dec,MomPop
204.279925192,2.4375,NW,POJ,2013,Jan,MomPop
156.795008787,2.4375,NW,POJ,2013,Feb,MomPop
196.88901894,2.4375,NW,POJ,2013,Mar,MomPop
128.809770653,2.4375,NW,POJ,2013,Apr,MomPop
194.63418927,2.4375,NW,POJ,2013,May,MomPop
159.402582148,2.4375,NW,POJ,2013,Jun,MomPop
153.45555597,2.4375,NW,POJ,2013,Jul,MomPop
102.526017008,2.4375,NW,POJ,2013,Aug,MomPop
211.0,2.925,NW,POJ,2014,Sep,MomPop
252.0,2.925,NW,POJ,2014,Oct,MomPop
277.0,2.925,NW,POJ,2014,Nov,MomPop
235.0,2.925,NW,POJ,2014,Dec,MomPop
257.0,2.925,NW,POJ,2014,Jan,MomPop
246.0,2.925,NW,POJ,2014,Feb,MomPop
240.0,2.925,NW,POJ,2014,Mar,MomPop
278.0,2.925,NW,POJ,2014,Apr,MomPop
292.0,2.925,NW,POJ,2014,May,MomPop
276.0,2.925,NW,POJ,2014,Jun,MomPop
279.0,2.925,NW,POJ,2014,Jul,MomPop
294.0,2.925,NW,POJ,2014,Aug,MomPop
35.634405339,1.0,NW,POJ,2015p1,Sep,NotGrapefruit
92.872125432,1.27272727273,NW,POJ,2015p1,Oct,NotGrapefruit
54.2158002321,1.54545454545,NW,POJ,2015p1,Nov,NotGrapefruit
104.543412694,1.81818181818,NW,POJ,2015p1,Dec,NotGrapefruit
74.9679220353,2.09090909091,NW,POJ,2015p1,Jan,NotGrapefruit
107.886097292,2.36363636364,NW,POJ,2015p1,Feb,NotGrapefruit
120.041760667,2.63636363636,NW,POJ,2015p1,Mar,NotGrapefruit
73.8495511917,2.90909090909,NW,POJ,2015p1,Apr,NotGrapefruit
78.1286910743,3.18181818182,NW,POJ,2015p1,May,NotGrapefruit
106.44451964,3.45454545455,NW,POJ,2015p1,Jun,NotGrapefruit
115.820509875,3.72727272727,NW,POJ,2015p1,Jul,NotGrapefruit
115.559094503,4.0,NW,POJ,2015p1,Aug,NotGrapefruit
55.0,4.0,NW,POJ,2015p2,Sep,NotGrapefruit
146.0,3.72727272727,NW,POJ,2015p2,Oct,NotGrapefruit
172.0,3.45454545455,NW,POJ,2015p2,Nov,NotGrapefruit
188.0,3.18181818182,NW,POJ,2015p2,Dec,NotGrapefruit
266.0,2.90909090909,NW,POJ,2015p2,Jan,NotGrapefruit
278.0,2.63636363636,NW,POJ,2015p2,Feb,NotGrapefruit
509.0,2.36363636364,NW,POJ,2015p2,Mar,NotGrapefruit
500.0,2.09090909091,NW,POJ,2015p2,Apr,NotGrapefruit
579.0,1.81818181818,NW,POJ,2015p2,May,NotGrapefruit
632.029038959,1.54545454545,NW,POJ,2015p2,Jun,NotGrapefruit
569.196247186,1.27272727273,NW,POJ,2015p2,Jul,NotGrapefruit
338.604411237,1.0,NW,POJ,2015p2,Aug,NotGrapefruit
0.0,1.25,NW,POJ,2015,Sep,NotGrapefruit
0.0,1.25,NW,POJ,2015,Oct,NotGrapefruit
0.0,1.25,NW,POJ,2015,Nov,NotGrapefruit
0.0,1.25,NW,POJ,2015,Dec,NotGrapefruit
0.0,1.25,NW,POJ,2015,Jan,NotGrapefruit
0.0,1.25,NW,POJ,2015,Feb,NotGrapefruit
0.0,1.25,NW,POJ,2015,Mar,NotGrapefruit
0.0,1.25,NW,POJ,2015,Apr,NotGrapefruit
0.0,1.25,NW,POJ,2015,May,NotGrapefruit
0.0,1.5,NW,POJ,2015,Jun,NotGrapefruit
0.0,1.5,NW,POJ,2015,Jul,NotGrapefruit
0.0,1.25,NW,POJ,2015,Aug,NotGrapefruit
104.0,4.0,NW,POJ,2016,Sep,NotGrapefruit
160.0,4.0,NW,POJ,2016,Oct,NotGrapefruit
138.0,4.0,NW,POJ,2016,Nov,NotGrapefruit
171.0,4.0,NW,POJ,2016,Dec,NotGrapefruit
145.0,4.0,NW,POJ,2016,Jan,NotGrapefruit
176.0,4.0,NW,POJ,2016,Feb,NotGrapefruit
139.0,4.0,NW,POJ,2016,Mar,NotGrapefruit
163.0,4.0,NW,POJ,2016,Apr,NotGrapefruit
164.0,4.0,NW,POJ,2016,May,NotGrapefruit
182.0,4.0,NW,POJ,2016,Jun,NotGrapefruit
149.0,4.0,NW,POJ,2016,Jul,NotGrapefruit
138.0,4.0,NW,POJ,2016,Aug,NotGrapefruit
30.070248829,2.25,NW,POJ,2017,Sep,NotGrapefruit
43.267751259,2.25,NW,POJ,2017,Oct,NotGrapefruit
39.2054672661,2.25,NW,POJ,2017,Nov,NotGrapefruit
36.404347784,2.25,NW,POJ,2017,Dec,NotGrapefruit
30.5224961784,2.25,NW,POJ,2017,Jan,NotGrapefruit
54.4306133697,2.25,NW,POJ,2017,Feb,NotGrapefruit
36.2051564042,2.25,NW,POJ,2017,Mar,NotGrapefruit
43.2668463939,2.25,NW,POJ,2017,Apr,NotGrapefruit
61.5520026449,2.25,NW,POJ,2017,May,NotGrapefruit
3.73866867029,2.25,NW,POJ,2017,Jun,NotGrapefruit
13.2366272252,2.25,NW,POJ,2017,Jul,NotGrapefruit
53.8335784978,2.25,NW,POJ,2017,Aug,NotGrapefruit
74.3943399245,4.0,NW,POJ,2018,Sep,NotGrapefruit
58.8822130198,2.86,NW,POJ,2018,Oct,NotGrapefruit
117.164899526,2.86,NW,POJ,2018,Nov,NotGrapefruit
123.679426232,2.86,NW,POJ,2018,Dec,NotGrapefruit
130.7652805,2.86,NW,POJ,2018,Jan,NotGrapefruit
144.719970275,2.86,NW,POJ,2018,Feb,NotGrapefruit
133.58452841,2.86,NW,POJ,2018,Mar,NotGrapefruit
149.045214457,2.86,NW,POJ,2018,Apr,NotGrapefruit
108.096718924,2.86,NW,POJ,2018,May,NotGrapefruit
169.970125859,2.86,NW,POJ,2018,Jun,NotGrapefruit
154.578255749,2.86,NW,POJ,2018,Jul,NotGrapefruit
133.959048043,2.86,NW,POJ,2018,Aug,NotGrapefruit
