demand_pipeline/sales.csv
Sales,Price,Region,Product,Year,Month,Source
248.602101862,1.52316194261,SW,POJ,2005,Sep,MomPop
367.629309889,1.57654594326,SW,POJ,2005,Oct,MomPop
442.992726406,1.12555130356,SW,POJ,2005,Nov,MomPop
211.414947164,3.14446666636,SW,POJ,2005,Dec,MomPop
299.278699581,1.78099490611,SW,POJ,2005,Jan,MomPop
216.330911561,1.58240896134,SW,POJ,2005,Feb,MomPop
319.322483728,2.46983127903,SW,POJ,2005,Mar,MomPop
233.786053929,1.99896936624,SW,POJ,2005,Apr,MomPop
368.841750412,1.61707340037,SW,POJ,2005,May,MomPop
677.07312172,1.11109263136,SW,POJ,2005,Jun,MomPop
162.929442005,2.85080519739,SW,POJ,2005,Jul,MomPop
686.555026639,1.60030346739,SW,POJ,2005,Aug,MomPop
2045.30626082,1.16844413651,SW,POJ,2006,Sep,MomPop
658.0,2.43431750248,SW,POJ,2006,Oct,MomPop
716.0,2.24915929751,SW,POJ,2006,Nov,MomPop
971.0,1.90754556503,SW,POJ,2006,Dec,MomPop
473.0,2.77042912283,SW,POJ,2006,Jan,MomPop
470.0,2.91631251426,SW,POJ,2006,Feb,MomPop
902.0,2.18342663273,SW,POJ,2006,Mar,MomPop
393.0,3.04160706849,SW,POJ,2006,Apr,MomPop
2076.0,1.34801875974,SW,POJ,2006,May,MomPop
691.0,2.56350446887,SW,POJ,2006,Jun,MomPop
411.0,2.92401033337,SW,POJ,2006,Jul,MomPop
1082.0,1.87436618266,SW,POJ,2006,Aug,MomPop
1609.0,1.44636938785,SW,POJ,2007,Sep,MomPop
260.200239367,2.93817664143,SW,POJ,2007,Oct,MomPop
126.126242471,3.01178251443,SW,POJ,2007,Nov,MomPop
92.2769620426,2.87116517909,SW,POJ,2007,Dec,MomPop
63.2854683487,2.40143131625,SW,POJ,2007,Jan,MomPop
173.138386708,2.50614403051,SW,POJ,2007,Feb,MomPop
132.634415549,3.48432063565,SW,POJ,2007,Mar,MomPop
106.507137583,1.74820002158,SW,POJ,2007,Apr,MomPop
385.035730225,1.20344835299,SW,POJ,2007,May,MomPop
325.608190324,2.02313804314,SW,POJ,2007,Jun,MomPop
497.638543221,1.01656745503,SW,POJ,2007,Jul,MomPop
69.3903630223,2.90212361152,SW,POJ,2007,Aug,MomPop
57.1558344659,2.45559397869,SW,POJ,2008,Sep,MomPop
166.897346479,2.45559397869,SW,POJ,2008,Oct,MomPop
109.522964126,2.45559397869,SW,POJ,2008,Nov,MomPop
110.478579284,2.45559397869,SW,POJ,2008,Dec,MomPop
100.262445415,2.45559397869,SW,POJ,2008,Jan,MomPop
94.2807409177,2.45559397869,SW,POJ,2008,Feb,MomPop
112.86096245,2.45559397869,SW,POJ,2008,Mar,MomPop
90.7389878551,2.45559397869,SW,POJ,2008,Apr,MomPop
95.6028065783,2.45559397869,SW,POJ,2008,May,MomPop
101.560259067,2.45559397869,SW,POJ,2008,Jun,MomPop
110.740094693,2.45559397869,SW,POJ,2008,Jul,MomPop
100.362255145,2.45559397869,SW,POJ,2008,Aug,MomPop
481.602691441,2.45559397869,SW,POJ,2009,Sep,MomPop
552.0,2.45559397869,SW,POJ,2009,Oct,MomPop
559.0,2.45559397869,SW,POJ,2009,Nov,MomPop
613.0,2.45559397869,SW,POJ,2009,Dec,MomPop
582.0,2.45559397869,SW,POJ,2009,Jan,MomPop
544.0,2.45559397869,SW,POJ,2009,Feb,MomPop
551.0,2.45559397869,SW,POJ,2009,Mar,MomPop
613.0,2.45559397869,SW,POJ,2009,Apr,MomPop
615.0,2.45559397869,SW,POJ,2009,May,MomPop
692.0,2.45559397869,SW,POJ,2009,Jun,MomPop
600.0,2.45559397869,SW,POJ,2009,Jul,MomPop
610.0,2.45559397869,SW,POJ,2009,Aug,MomPop
768.0,2.24167043407,SW,POJ,2010,Sep,MomPop
241.218418516,2.24167043407,SW,POJ,2010,Oct,MomPop
181.332502924,2.24167043407,SW,POJ,2010,Nov,MomPop
202.172088894,2.24167043407,SW,POJ,2010,Dec,MomPop
125.468851708,2.24167043407,SW,POJ,2010,Jan,MomPop
163.948063635,2.24167043407,SW,POJ,2010,Feb,MomPop
207.73231005,2.24167043407,SW,POJ,2010,Mar,MomPop
157.201038427,2.24167043407,SW,POJ,2010,Apr,MomPop
170.479362945,2.24167043407,SW,POJ,2010,May,MomPop
161.494528091,2.24167043407,SW,POJ,2010,Jun,MomPop
159.564520037,2.24167043407,SW,POJ,2010,Jul,MomPop
142.513845872,2.24167043407,SW,POJ,2010,Aug,MomPop
369.143853562,1.98758719427,SW,POJ,2011,Sep,MomPop
659.607304163,1.98758719427,SW,POJ,2011,Oct,MomPop
502.039134151,1.98758719427,SW,POJ,2011,Nov,MomPop
539.319908394,1.98758719427,SW,POJ,2011,Dec,MomPop
499.706731459,1.98758719427,SW,POJ,2011,Jan,MomPop
556.652899394,1.98758719427,SW,POJ,2011,Feb,MomPop
545.846582658,1.98758719427,SW,POJ,2011,Mar,MomPop
463.941897602,1.98758719427,SW,POJ,2011,Apr,MomPop
528.02761171,1.98758719427,SW,POJ,2011,May,MomPop
401.073402969,1.98758719427,SW,POJ,2011,Jun,MomPop
472.645579503,1.98758719427,SW,POJ,2011,Jul,MomPop
580.065628159,1.98758719427,SW,POJ,2011,Aug,MomPop
1038.75291765,1.41306450909,SW,POJ,2012,Sep,MomPop
1086.7459038,1.01617340737,SW,POJ,2012,Oct,MomPop
381.716485291,2.52192601972,SW,POJ,2012,Nov,MomPop
258.010260745,2.34963989825,SW,POJ,2012,Dec,MomPop
546.078249329,1.99123673797,SW,POJ,2012,Jan,MomPop
972.669486392,1.29167669479,SW,POJ,2012,Feb,MomPop
809.076796956,1.75279143863,SW,POJ,2012,Mar,MomPop
777.639525854,1.69831644829,SW,POJ,2012,Apr,MomPop
760.139321055,1.22679691832,SW,POJ,2012,May,MomPop
1357.70070402,1.35097854887,SW,POJ,2012,Jun,MomPop
391.014008503,2.49979236584,SW,POJ,2012,Jul,MomPop
611.000112431,1.80532825645,SW,POJ,2012,Aug,MomPop
400.915256505,2.81949247337,SW,POJ,2013,Sep,MomPop
187.317284729,2.81949247337,SW,POJ,2013,Oct,MomPop
123.947583948,2.81949247337,SW,POJ,2013,Nov,MomPop
178.699536097,2.81949247337,SW,POJ,2013,Dec,MomPop
281.201979821,2.81949247337,SW,POJ,2013,Jan,MomPop
223.923554284,2.81949247337,SW,POJ,2013,Feb,MomPop
169.546632262,2.81949247337,SW,POJ,2013,Mar,MomPop
132.661732529,2.81949247337,SW,POJ,2013,Apr,MomPop
221.072412718,2.81949247337,SW,POJ,2013,May,MomPop
219.525926569,2.81949247337,SW,POJ,2013,Jun,MomPop
176.752474048,2.81949247337,SW,POJ,2013,Jul,MomPop
167.369327876,2.81949247337,SW,POJ,2013,Aug,MomPop
251.0,3.38339096804,SW,POJ,2014,Sep,MomPop
288.0,3.38339096804,SW,POJ,2014,Oct,MomPop
281.0,3.38339096804,SW,POJ,2014,Nov,MomPop
332.0,3.38339096804,SW,POJ,2014,Dec,MomPop
326.0,3.38339096804,SW,POJ,2014,Jan,MomPop
324.0,3.38339096804,SW,POJ,2014,Feb,MomPop
332.0,3.38339096804,SW,POJ,2014,Mar,MomPop
322.0,3.38339096804,SW,POJ,2014,Apr,MomPop
331.0,3.38339096804,SW,POJ,2014,May,MomPop
404.0,3.38339096804,SW,POJ,2014,Jun,MomPop
256.0,3.38339096804,SW,POJ,2014,Jul,MomPop
321.0,3.38339096804,SW,POJ,2014,Aug,MomPop
94.6437098801,1.0,SW,POJ,2015p1,Sep,NotGrapefruit
208.379254706,1.27272727273,SW,POJ,2015p1,Oct,NotGrapefruit
116.199150688,1.54545454545,SW,POJ,2015p1,Nov,NotGrapefruit
231.111062552,1.81818181818,SW,POJ,2015p1,Dec,NotGrapefruit
160.789542662,2.09090909091,SW,POJ,2015p1,Jan,NotGrapefruit
204.297852538,2.36363636364,SW,POJ,2015p1,Feb,NotGrapefruit
161.177965169,2.63636363636,SW,POJ,2015p1,Mar,NotGrapefruit
113.080648503,2.90909090909,SW,POJ,2015p1,Apr,NotGrapefruit
169.050604867,3.18181818182,SW,POJ,2015p1,May,NotGrapefruit
167.798682089,3.45454545455,SW,POJ,2015p1,Jun,NotGrapefruit
126.738791692,3.72727272727,SW,POJ,2015p1,Jul,NotGrapefruit
137.827132609,4.0,SW,POJ,2015p1,Aug,NotGrapefruit
136.0,4.0,SW,POJ,2015p2,Sep,NotGrapefruit
279.0,3.72727272727,SW,POJ,2015p2,Oct,NotGrapefruit
335.0,3.45454545455,SW,POJ,2015p2,Nov,NotGrapefruit
405.0,3.18181818182,SW,POJ,2015p2,Dec,NotGrapefruit
525.0,2.90909090909,SW,POJ,2015p2,Jan,NotGrapefruit
532.0,2.63636363636,SW,POJ,2015p2,Feb,NotGrapefruit
694.0,2.36363636364,SW,POJ,2015p2,Mar,NotGrapefruit
891.0,2.09090909091,SW,POJ,2015p2,Apr,NotGrapefruit
1066.0,1.81818181818,SW,POJ,2015p2,May,NotGrapefruit
1109.66799781,1.54545454545,SW,POJ,2015p2,Jun,NotGrapefruit
670.420556755,1.27272727273,SW,POJ,2015p2,Jul,NotGrapefruit
442.626132882,1.0,SW,POJ,2015p2,Aug,NotGrapefruit
0.0,1.25,SW,POJ,2015,Sep,NotGrapefruit
0.0,1.25,SW,POJ,2015,Oct,NotGrapefruit
0.0,1.25,SW,POJ,2015,Nov,NotGrapefruit
0.0,1.25,SW,POJ,2015,Dec,NotGrapefruit
0.0,1.25,SW,POJ,2015,Jan,NotGrapefruit
0.0,1.25,SW,POJ,2015,Feb,NotGrapefruit
0.0,1.25,SW,POJ,2015,Mar,NotGrapefruit
0.0,1.25,SW,POJ,2015,Apr,NotGrapefruit
0.0,1.25,SW,POJ,2015,May,NotGrapefruit
0.0,1.5,SW,POJ,2015,Jun,NotGrapefruit
0.0,1.5,SW,POJ,2015,Jul,NotGrapefruit
0.0,1.25,SW,POJ,2015,Aug,NotGrapefruit
166.679558011,4.0,SW,POJ,2016,Sep,NotGrapefruit
253.921987578,4.0,SW,POJ,2016,Oct,NotGrapefruit
271.940566038,4.0,SW,POJ,2016,Nov,NotGrapefruit
266.469473684,4.0,SW,POJ,2016,Dec,NotGrapefruit
244.0,4.0,SW,POJ,2016,Jan,NotGrapefruit
192.0,4.0,SW,POJ,2016,Feb,NotGrapefruit
287.0,4.0,SW,POJ,2016,Mar,NotGrapefruit
247.048730066,4.0,SW,POJ,2016,Apr,NotGrapefruit
235.308816262,4.0,SW,POJ,2016,May,NotGrapefruit
228.569493286,4.0,SW,POJ,2016,Jun,NotGrapefruit
223.299950854,4.0,SW,POJ,2016,Jul,NotGrapefruit
255.15043564,4.0,SW,POJ,2016,Aug,NotGrapefruit
156.041922257,2.26,SW,POJ,2017,Sep,NotGrapefruit
166.257189128,2.26,SW,POJ,2017,Oct,NotGrapefruit
164.907029256,2.26,SW,POJ,2017,Nov,NotGrapefruit
167.542887029,2.26,SW,POJ,2017,Dec,NotGrapefruit
160.090851323,2.26,SW,POJ,2017,Jan,NotGrapefruit
133.874621214,2.26,SW,POJ,2017,Feb,NotGrapefruit
171.706900598,2.26,SW,POJ,2017,Mar,NotGrapefruit
164.627726155,2.26,SW,POJ,2017,Apr,NotGrapefruit
190.8085645,2.26,SW,POJ,2017,May,NotGrapefruit
136.369864085,2.26,SW,POJ,2017,Jun,NotGrapefruit
129.945479068,2.26,SW,POJ,2017,Jul,NotGrapefruit
170.348010439,2.26,SW,POJ,2017,Aug,NotGrapefruit
145.574898851,4.0,SW,POJ,2018,Sep,NotGrapefruit
135.333153243,2.86,SW,POJ,2018,Oct,NotGrapefruit
227.305867987,2.86,SW,POJ,2018,Nov,NotGrapefruit
215.597991958,2.86,SW,POJ,2018,Dec,NotGrapefruit
253.384683362,2.86,SW,POJ,2018,Jan,NotGrapefruit
241.001959216,2.86,SW,POJ,2018,Feb,NotGrapefruit
244.188555065,2.86,SW,POJ,2018,Mar,NotGrapefruit
227.644097894,2.86,SW,POJ,2018,Apr,NotGrapefruit
190.339794821,2.86,SW,POJ,2018,May,NotGrapefruit
254.644522316,2.86,SW,POJ,2018,Jun,NotGrapefruit
215.383880016,2.86,SW,POJ,2018,Jul,NotGrapefruit
242.974228821,2.86,SW,POJ,2018,Aug,NotGrapefruit
0.0,1.22065163576,NE,ROJ,2005,Sep,MomPop
0.0,1.37145446679,NE,ROJ,2005,Oct,MomPop
0.0,2.75523472492,NE,ROJ,2005,Nov,MomPop
0.0,2.78858568382,NE,ROJ,2005,Dec,MomPop
0.0,3.46719337075,NE,ROJ,2005,Jan,MomPop
0.0,3.22835191028,NE,ROJ,2005,Feb,MomPop
0.0,1.43112111757,NE,ROJ,2005,Mar,MomPop
0.0,1.61806861867,NE,ROJ,2005,Apr,MomPop
0.0,3.14560532483,NE,ROJ,2005,May,MomPop
0.0,1.13069789065,NE,ROJ,2005,Jun,MomPop
0.0,2.29264761352,NE,ROJ,2005,Jul,MomPop
0.0,2.96311876359,NE,ROJ,2005,Aug,MomPop
1501.84887903,1.04422985736,NE,ROJ,2006,Sep,MomPop
0.0,1.12120534146,NE,ROJ,2006,Oct,MomPop
0.0,3.17445701697,NE,ROJ,2006,Nov,MomPop
0.0,3.04244758008,NE,ROJ,2006,Dec,MomPop
0.0,3.17704145705,NE,ROJ,2006,Jan,MomPop
0.0,1.36464714726,NE,ROJ,2006,Feb,MomPop
0.0,3.2343510379,NE,ROJ,2006,Mar,MomPop
0.0,2.61284100553,NE,ROJ,2006,Apr,MomPop
0.0,1.55235470263,NE,ROJ,2006,May,MomPop
0.0,1.73204405009,NE,ROJ,2006,Jun,MomPop
0.0,1.86328433119,NE,ROJ,2006,Jul,MomPop
0.0,1.30827129038,NE,ROJ,2006,Aug,MomPop
1522.0,1.6298967641,NE,ROJ,2007,Sep,MomPop
308.0,3.47002765386,NE,ROJ,2007,Oct,MomPop
1090.0,1.99653939533,NE,ROJ,2007,Nov,MomPop
834.0,2.34672580968,NE,ROJ,2007,Dec,MomPop
589.0,2.70631385196,NE,ROJ,2007,Jan,MomPop
1284.0,1.82295376138,NE,ROJ,2007,Feb,MomPop
946.0,2.2094593939,NE,ROJ,2007,Mar,MomPop
1169.57364164,2.0542809472,NE,ROJ,2007,Apr,MomPop
364.0,3.52876456622,NE,ROJ,2007,May,MomPop
2213.0,1.66262740262,NE,ROJ,2007,Jun,MomPop
423.799333586,3.40545403626,NE,ROJ,2007,Jul,MomPop
406.73346973,3.53554863079,NE,ROJ,2007,Aug,MomPop
1575.82565493,1.805,NE,ROJ,2008,Sep,MomPop
1352.0,1.805,NE,ROJ,2008,Oct,MomPop
1335.0,1.805,NE,ROJ,2008,Nov,MomPop
1407.0,1.805,NE,ROJ,2008,Dec,MomPop
1667.0,1.805,NE,ROJ,2008,Jan,MomPop
1547.0,1.805,NE,ROJ,2008,Feb,MomPop
1372.0,1.805,NE,ROJ,2008,Mar,MomPop
1635.0,1.805,NE,ROJ,2008,Apr,MomPop
1582.0,1.805,NE,ROJ,2008,May,MomPop
1579.0,1.805,NE,ROJ,2008,Jun,MomPop
1792.0,1.805,NE,ROJ,2008,Jul,MomPop
1720.0,1.805,NE,ROJ,2008,Aug,MomPop
1509.64786358,1.805,NE,ROJ,2009,Sep,MomPop
1186.0,1.805,NE,ROJ,2009,Oct,MomPop
1591.0,1.805,NE,ROJ,2009,Nov,MomPop
1403.0,1.805,NE,ROJ,2009,Dec,MomPop
1102.78718132,1.805,NE,ROJ,2009,Jan,MomPop
375.318191228,1.805,NE,ROJ,2009,Feb,MomPop
436.599612952,1.805,NE,ROJ,2009,Mar,MomPop
354.481785736,1.805,NE,ROJ,2009,Apr,MomPop
336.342824992,1.805,NE,ROJ,2009,May,MomPop
430.074346928,1.805,NE,ROJ,2009,Jun,MomPop
481.116191701,1.805,NE,ROJ,2009,Jul,MomPop
407.843588678,1.805,NE,ROJ,2009,Aug,MomPop
417.586733818,3.03870948555,NE,ROJ,2010,Sep,MomPop
489.0,3.03870948555,NE,ROJ,2010,Oct,MomPop
405.0,3.03870948555,NE,ROJ,2010,Nov,MomPop
429.0,3.03870948555,NE,ROJ,2010,Dec,MomPop
486.0,3.03870948555,NE,ROJ,2010,Jan,MomPop
436.0,3.03870948555,NE,ROJ,2010,Feb,MomPop
524.0,3.03870948555,NE,ROJ,2010,Mar,MomPop
549.0,3.03870948555,NE,ROJ,2010,Apr,MomPop
622.0,3.03870948555,NE,ROJ,2010,May,MomPop
442.0,3.03870948555,NE,ROJ,2010,Jun,MomPop
590.0,3.03870948555,NE,ROJ,2010,Jul,MomPop
563.0,3.03870948555,NE,ROJ,2010,Aug,MomPop
673.0,2.52358672628,NE,ROJ,2011,Sep,MomPop
700.0,2.52358672628,NE,ROJ,2011,Oct,MomPop
634.0,2.52358672628,NE,ROJ,2011,Nov,MomPop
651.0,2.52358672628,NE,ROJ,2011,Dec,MomPop
707.0,2.52358672628,NE,ROJ,2011,Jan,MomPop
701.0,2.52358672628,NE,ROJ,2011,Feb,MomPop
759.0,2.52358672628,NE,ROJ,2011,Mar,MomPop
799.0,2.52358672628,NE,ROJ,2011,Apr,MomPop
688.0,2.52358672628,NE,ROJ,2011,May,MomPop
807.0,2.52358672628,NE,ROJ,2011,Jun,MomPop
674.0,2.52358672628,NE,ROJ,2011,Jul,MomPop
765.0,2.52358672628,NE,ROJ,2011,Aug,MomPop
315.0,3.56675304663,NE,ROJ,2012,Sep,MomPop
1996.0,1.64482752885,NE,ROJ,2012,Oct,MomPop
4750.0,1.11933110389,NE,ROJ,2012,Nov,MomPop
405.0,3.24533413336,NE,ROJ,2012,Dec,MomPop
394.0,3.24440849864,NE,ROJ,2012,Jan,MomPop
1925.0,1.72611771137,NE,ROJ,2012,Feb,MomPop
1402.0,1.98457668763,NE,ROJ,2012,Mar,MomPop
4182.0,1.25811265742,NE,ROJ,2012,Apr,MomPop
4072.0,1.08741895763,NE,ROJ,2012,May,MomPop
533.0,2.97872213701,NE,ROJ,2012,Jun,MomPop
1044.0,2.02566789258,NE,ROJ,2012,Jul,MomPop
837.0,2.54259853756,NE,ROJ,2012,Aug,MomPop
1086.0,2.00625,NE,ROJ,2013,Sep,MomPop
1158.0,2.00625,NE,ROJ,2013,Oct,MomPop
1041.0,2.00625,NE,ROJ,2013,Nov,MomPop
1227.0,2.00625,NE,ROJ,2013,Dec,MomPop
1107.0,2.00625,NE,ROJ,2013,Jan,MomPop
1109.0,2.00625,NE,ROJ,2013,Feb,MomPop
1084.0,2.00625,NE,ROJ,2013,Mar,MomPop
1031.0,2.00625,NE,ROJ,2013,Apr,MomPop
1266.0,2.00625,NE,ROJ,2013,May,MomPop
1323.0,2.00625,NE,ROJ,2013,Jun,MomPop
1379.0,2.00625,NE,ROJ,2013,Jul,MomPop
1443.0,2.00625,NE,ROJ,2013,Aug,MomPop
715.0,2.4075,NE,ROJ,2014,Sep,MomPop
735.426349848,2.4075,NE,ROJ,2014,Oct,MomPop
791.259479111,2.4075,NE,ROJ,2014,Nov,MomPop
738.949327202,2.4075,NE,ROJ,2014,Dec,MomPop
766.426645885,2.4075,NE,ROJ,2014,Jan,MomPop
874.974565953,2.4075,NE,ROJ,2014,Feb,MomPop
286.940111487,2.4075,NE,ROJ,2014,Mar,MomPop
218.582547677,2.4075,NE,ROJ,2014,Apr,MomPop
289.96462197,2.4075,NE,ROJ,2014,May,MomPop
254.306568371,2.4075,NE,ROJ,2014,Jun,MomPop
292.469495439,2.4075,NE,ROJ,2014,Jul,MomPop
285.147704315,2.4075,NE,ROJ,2014,Aug,MomPop
0.0,1.0,NE,ROJ,2015p1,Sep,NotGrapefruit
0.0,1.27272727273,NE,ROJ,2015p1,Oct,NotGrapefruit
0.0,1.54545454545,NE,ROJ,2015p1,Nov,NotGrapefruit
0.0,1.81818181818,NE,ROJ,2015p1,Dec,NotGrapefruit
0.0,2.09090909091,NE,ROJ,2015p1,Jan,NotGrapefruit
0.0,2.36363636364,NE,ROJ,2015p1,Feb,NotGrapefruit
0.0,2.63636363636,NE,ROJ,2015p1,Mar,NotGrapefruit
0.0,2.90909090909,NE,ROJ,2015p1,Apr,NotGrapefruit
0.0,3.18181818182,NE,ROJ,2015p1,May,NotGrapefruit
0.0,3.45454545455,NE,ROJ,2015p1,Jun,NotGrapefruit
0.0,3.72727272727,NE,ROJ,2015p1,Jul,NotGrapefruit
0.0,4.0,NE,ROJ,2015p1,Aug,NotGrapefruit
68.0,4.0,NE,ROJ,2015p2,Sep,NotGrapefruit
322.0,3.72727272727,NE,ROJ,2015p2,Oct,NotGrapefruit
263.0,3.45454545455,NE,ROJ,2015p2,Nov,NotGrapefruit
443.0,3.18181818182,NE,ROJ,2015p2,Dec,NotGrapefruit
471.0,2.90909090909,NE,ROJ,2015p2,Jan,NotGrapefruit
642.0,2.63636363636,NE,ROJ,2015p2,Feb,NotGrapefruit
889.0,2.36363636364,NE,ROJ,2015p2,Mar,NotGrapefruit
1233.0,2.09090909091,NE,ROJ,2015p2,Apr,NotGrapefruit
1669.0,1.81818181818,NE,ROJ,2015p2,May,NotGrapefruit
1715.12335937,1.54545454545,NE,ROJ,2015p2,Jun,NotGrapefruit
248.939675633,1.27272727273,NE,ROJ,2015p2,Jul,NotGrapefruit
454.424059916,1.0,NE,ROJ,2015p2,Aug,NotGrapefruit
0.0,4.0,NE,ROJ,2015,Sep,NotGrapefruit
0.0,4.0,NE,ROJ,2015,Oct,NotGrapefruit
0.0,4.0,NE,ROJ,2015,Nov,NotGrapefruit
0.0,4.0,NE,ROJ,2015,Dec,NotGrapefruit
0.0,4.0,NE,ROJ,2015,Jan,NotGrapefruit
0.0,4.0,NE,ROJ,2015,Feb,NotGrapefruit
0.0,4.0,NE,ROJ,2015,Mar,NotGrapefruit
0.0,4.0,NE,ROJ,2015,Apr,NotGrapefruit
0.0,4.0,NE,ROJ,2015,May,NotGrapefruit
0.0,4.0,NE,ROJ,2015,Jun,NotGrapefruit
0.0,4.0,NE,ROJ,2015,Jul,NotGrapefruit
0.0,4.0,NE,ROJ,2015,Aug,NotGrapefruit
183.441233031,3.6,NE,ROJ,2016,Sep,NotGrapefruit
296.022016899,3.6,NE,ROJ,2016,Oct,NotGrapefruit
326.0,3.6,NE,ROJ,2016,Nov,NotGrapefruit
304.0,3.6,NE,ROJ,2016,Dec,NotGrapefruit
297.0,3.6,NE,ROJ,2016,Jan,NotGrapefruit
368.0,3.6,NE,ROJ,2016,Feb,NotGrapefruit
301.0,3.6,NE,ROJ,2016,Mar,NotGrapefruit
336.0,3.6,NE,ROJ,2016,Apr,NotGrapefruit
388.0,3.6,NE,ROJ,2016,May,NotGrapefruit
410.0,3.6,NE,ROJ,2016,Jun,NotGrapefruit
386.0,3.6,NE,ROJ,2016,Jul,NotGrapefruit
386.0,3.6,NE,ROJ,2016,Aug,NotGrapefruit
303.0,3.55,NE,ROJ,2017,Sep,NotGrapefruit
308.0,3.55,NE,ROJ,2017,Oct,NotGrapefruit
336.0,3.55,NE,ROJ,2017,Nov,NotGrapefruit
334.0,3.55,NE,ROJ,2017,Dec,NotGrapefruit
321.0,3.55,NE,ROJ,2017,Jan,NotGrapefruit
351.0,3.55,NE,ROJ,2017,Feb,NotGrapefruit
293.0,3.55,NE,ROJ,2017,Mar,NotGrapefruit
342.0,3.55,NE,ROJ,2017,Apr,NotGrapefruit
367.0,3.55,NE,ROJ,2017,May,NotGrapefruit
382.0,3.55,NE,ROJ,2017,Jun,NotGrapefruit
416.0,3.55,NE,ROJ,2017,Jul,NotGrapefruit
320.0,3.55,NE,ROJ,2017,Aug,NotGrapefruit
211.0,4.0,NE,ROJ,2018,Sep,NotGrapefruit
227.187464141,3.52,NE,ROJ,2018,Oct,NotGrapefruit
240.478534085,3.52,NE,ROJ,2018,Nov,NotGrapefruit
244.594272102,3.52,NE,ROJ,2018,Dec,NotGrapefruit
251.698712901,3.52,NE,ROJ,2018,Jan,NotGrapefruit
228.81811086,3.52,NE,ROJ,2018,Feb,NotGrapefruit
286.568826828,3.52,NE,ROJ,2018,Mar,NotGrapefruit
245.720801427,3.52,NE,ROJ,2018,Apr,NotGrapefruit
239.497407272,3.52,NE,ROJ,2018,May,NotGrapefruit
252.116872059,3.52,NE,ROJ,2018,Jun,NotGrapefruit
249.58586212,3.52,NE,ROJ,2018,Jul,NotGrapefruit
249.068915559,3.52,NE,ROJ,2018,Aug,NotGrapefruit
