demand_pipeline/sales.csv
Sales,Price,Region,Product,Year,Month,Source
0.0,2.20963917367,MA,ROJ,2005,Sep,MomPop
0.0,2.13076135775,MA,ROJ,2005,Oct,MomPop
0.0,2.61287921327,MA,ROJ,2005,Nov,MomPop
0.0,3.05327801772,MA,ROJ,2005,Dec,MomPop
0.0,3.18959916748,MA,ROJ,2005,Jan,MomPop
0.0,3.21618533319,MA,ROJ,2005,Feb,MomPop
0.0,3.23735539544,MA,ROJ,2005,Mar,MomPop
0.0,2.15208986776,MA,ROJ,2005,Apr,MomPop
0.0,2.55570288783,MA,ROJ,2005,May,MomPop
0.0,2.15554577121,MA,ROJ,2005,Jun,MomPop
0.0,1.21547333571,MA,ROJ,2005,Jul,MomPop
0.0,1.61598663732,MA,ROJ,2005,Aug,MomPop
242.471500976,3.22766510383,MA,ROJ,2006,Sep,MomPop
0.0,2.09903125986,MA,ROJ,2006,Oct,MomPop
0.0,1.74004759904,MA,ROJ,2006,Nov,MomPop
0.0,1.19665793904,MA,ROJ,2006,Dec,MomPop
0.0,2.87786198772,MA,ROJ,2006,Jan,MomPop
0.0,1.54961396908,MA,ROJ,2006,Feb,MomPop
0.0,2.72946816872,MA,ROJ,2006,Mar,MomPop
0.0,1.88116737137,MA,ROJ,2006,Apr,MomPop
0.0,3.42625171762,MA,ROJ,2006,May,MomPop
0.0,3.33523573989,MA,ROJ,2006,Jun,MomPop
0.0,1.59378408892,MA,ROJ,2006,Jul,MomPop
0.0,2.73410382739,MA,ROJ,2006,Aug,MomPop
1089.0,2.78808026985,MA,ROJ,2007,Sep,MomPop
3168.0,1.6973293648,MA,ROJ,2007,Oct,MomPop
641.0,3.58350990604,MA,ROJ,2007,Nov,MomPop
1855.0,2.29603085428,MA,ROJ,2007,Dec,MomPop
573.0,3.4854214761,MA,ROJ,2007,Jan,MomPop
7807.0,1.18144806008,MA,ROJ,2007,Feb,MomPop
6119.79299923,1.397958223,MA,ROJ,2007,Mar,MomPop
8030.88262994,1.18759666006,MA,ROJ,2007,Apr,MomPop
5281.0,1.46398615067,MA,ROJ,2007,May,MomPop
777.0,3.20388371111,MA,ROJ,2007,Jun,MomPop
1443.0,2.72881166016,MA,ROJ,2007,Jul,MomPop
2353.28640922,2.0268854216,MA,ROJ,2007,Aug,MomPop
2979.18149112,1.805,MA,ROJ,2008,Sep,MomPop
2580.0,1.805,MA,ROJ,2008,Oct,MomPop
2926.0,1.805,MA,ROJ,2008,Nov,MomPop
2486.0,1.805,MA,ROJ,2008,Dec,MomPop
2552.0,1.805,MA,ROJ,2008,Jan,MomPop
2665.0,1.805,MA,ROJ,2008,Feb,MomPop
3079.0,1.805,MA,ROJ,2008,Mar,MomPop
2971.0,1.805,MA,ROJ,2008,Apr,MomPop
3076.0,1.805,MA,ROJ,2008,May,MomPop
2951.0,1.805,MA,ROJ,2008,Jun,MomPop
2473.0,1.805,MA,ROJ,2008,Jul,MomPop
2680.0,1.805,MA,ROJ,2008,Aug,MomPop
2488.39183912,1.805,MA,ROJ,2009,Sep,MomPop
2634.0,1.805,MA,ROJ,2009,Oct,MomPop
2476.0,1.805,MA,ROJ,2009,Nov,MomPop
2793.0,1.805,MA,ROJ,2009,Dec,MomPop
2206.42331039,1.805,MA,ROJ,2009,Jan,MomPop
821.187927133,1.805,MA,ROJ,2009,Feb,MomPop
759.114872542,1.805,MA,ROJ,2009,Mar,MomPop
733.927832618,1.805,MA,ROJ,2009,Apr,MomPop
817.282559981,1.805,MA,ROJ,2009,May,MomPop
659.209285031,1.805,MA,ROJ,2009,Jun,MomPop
699.121044765,1.805,MA,ROJ,2009,Jul,MomPop
765.929751926,1.805,MA,ROJ,2009,Aug,MomPop
1141.71655106,2.75585989919,MA,ROJ,2010,Sep,MomPop
1205.0,2.75585989919,MA,ROJ,2010,Oct,MomPop
1192.0,2.75585989919,MA,ROJ,2010,Nov,MomPop
1182.0,2.75585989919,MA,ROJ,2010,Dec,MomPop
1124.0,2.75585989919,MA,ROJ,2010,Jan,MomPop
1010.0,2.75585989919,MA,ROJ,2010,Feb,MomPop
1103.0,2.75585989919,MA,ROJ,2010,Mar,MomPop
1112.0,2.75585989919,MA,ROJ,2010,Apr,MomPop
1120.0,2.75585989919,MA,ROJ,2010,May,MomPop
932.0,2.75585989919,MA,ROJ,2010,Jun,MomPop
1323.0,2.75585989919,MA,ROJ,2010,Jul,MomPop
1204.0,2.75585989919,MA,ROJ,2010,Aug,MomPop
2331.0,2.13412407768,MA,ROJ,2011,Sep,MomPop
2002.0,2.13412407768,MA,ROJ,2011,Oct,MomPop
2123.0,2.13412407768,MA,ROJ,2011,Nov,MomPop
2220.0,2.13412407768,MA,ROJ,2011,Dec,MomPop
2004.0,2.13412407768,MA,ROJ,2011,Jan,MomPop
2228.0,2.13412407768,MA,ROJ,2011,Feb,MomPop
1850.0,2.13412407768,MA,ROJ,2011,Mar,MomPop
2286.0,2.13412407768,MA,ROJ,2011,Apr,MomPop
1810.0,2.13412407768,MA,ROJ,2011,May,MomPop
2148.0,2.13412407768,MA,ROJ,2011,Jun,MomPop
2122.0,2.13412407768,MA,ROJ,2011,Jul,MomPop
2305.0,2.13412407768,MA,ROJ,2011,Aug,MomPop
604.0,3.40451368114,MA,ROJ,2012,Sep,MomPop
770.0,3.24649296488,MA,ROJ,2012,Oct,MomPop
1064.0,2.79296704692,MA,ROJ,2012,Nov,MomPop
1354.0,2.51076883029,MA,ROJ,2012,Dec,MomPop
775.0,3.26777842214,MA,ROJ,2012,Jan,MomPop
1504.0,2.48778551235,MA,ROJ,2012,Feb,MomPop
820.0,3.22061482774,MA,ROJ,2012,Mar,MomPop
642.0,3.45215556021,MA,ROJ,2012,Apr,MomPop
2064.0,2.22267470439,MA,ROJ,2012,May,MomPop
3071.0,1.88287664148,MA,ROJ,2012,Jun,MomPop
7994.0,1.18089831726,MA,ROJ,2012,Jul,MomPop
2485.0,1.97916502488,MA,ROJ,2012,Aug,MomPop
2005.0,2.00625,MA,ROJ,2013,Sep,MomPop
2431.0,2.00625,MA,ROJ,2013,Oct,MomPop
2346.0,2.00625,MA,ROJ,2013,Nov,MomPop
2103.0,2.00625,MA,ROJ,2013,Dec,MomPop
2217.0,2.00625,MA,ROJ,2013,Jan,MomPop
2252.0,2.00625,MA,ROJ,2013,Feb,MomPop
2377.0,2.00625,MA,ROJ,2013,Mar,MomPop
2475.0,2.00625,MA,ROJ,2013,Apr,MomPop
2604.0,2.00625,MA,ROJ,2013,May,MomPop
2307.0,2.00625,MA,ROJ,2013,Jun,MomPop
2650.0,2.00625,MA,ROJ,2013,Jul,MomPop
2629.0,2.00625,MA,ROJ,2013,Aug,MomPop
1380.0,2.4075,MA,ROJ,2014,Sep,MomPop
1331.56261196,2.4075,MA,ROJ,2014,Oct,MomPop
1348.77160486,2.4075,MA,ROJ,2014,Nov,MomPop
1223.5493187,2.4075,MA,ROJ,2014,Dec,MomPop
1467.69705986,2.4075,MA,ROJ,2014,Jan,MomPop
1439.53775806,2.4075,MA,ROJ,2014,Feb,MomPop
518.92143166,2.4075,MA,ROJ,2014,Mar,MomPop
540.975112221,2.4075,MA,ROJ,2014,Apr,MomPop
539.041645357,2.4075,MA,ROJ,2014,May,MomPop
553.878243259,2.4075,MA,ROJ,2014,Jun,MomPop
528.855189673,2.4075,MA,ROJ,2014,Jul,MomPop
535.991707342,2.4075,MA,ROJ,2014,Aug,MomPop
0.0,1.0,MA,ROJ,2015p1,Sep,NotGrapefruit
0.0,1.27272727273,MA,ROJ,2015p1,Oct,NotGrapefruit
0.0,1.54545454545,MA,ROJ,2015p1,Nov,NotGrapefruit
0.0,1.81818181818,MA,ROJ,2015p1,Dec,NotGrapefruit
0.0,2.09090909091,MA,ROJ,2015p1,Jan,NotGrapefruit
0.0,2.36363636364,MA,ROJ,2015p1,Feb,NotGrapefruit
0.0,2.63636363636,MA,ROJ,2015p1,Mar,NotGrapefruit
0.0,2.90909090909,MA,ROJ,2015p1,Apr,NotGrapefruit
0.0,3.18181818182,MA,ROJ,2015p1,May,NotGrapefruit
0.0,3.45454545455,MA,ROJ,2015p1,Jun,NotGrapefruit
0.0,3.72727272727,MA,ROJ,2015p1,Jul,NotGrapefruit
0.0,4.0,MA,ROJ,2015p1,Aug,NotGrapefruit
79.0,4.0,MA,ROJ,2015p2,Sep,NotGrapefruit
547.0,3.72727272727,MA,ROJ,2015p2,Oct,NotGrapefruit
733.0,3.45454545455,MA,ROJ,2015p2,Nov,NotGrapefruit
712.0,3.18181818182,MA,ROJ,2015p2,Dec,NotGrapefruit
1096.0,2.90909090909,MA,ROJ,2015p2,Jan,NotGrapefruit
1253.0,2.63636363636,MA,ROJ,2015p2,Feb,NotGrapefruit
1669.0,2.36363636364,MA,ROJ,2015p2,Mar,NotGrapefruit
2428.0,2.09090909091,MA,ROJ,2015p2,Apr,NotGrapefruit
2873.0,1.81818181818,MA,ROJ,2015p2,May,NotGrapefruit
4230.78361315,1.54545454545,MA,ROJ,2015p2,Jun,NotGrapefruit
471.978345883,1.27272727273,MA,ROJ,2015p2,Jul,NotGrapefruit
993.521474146,1.0,MA,ROJ,2015p2,Aug,NotGrapefruit
0.0,4.0,MA,ROJ,2015,Sep,NotGrapefruit
0.0,4.0,MA,ROJ,2015,Oct,NotGrapefruit
0.0,4.0,MA,ROJ,2015,Nov,NotGrapefruit
0.0,4.0,MA,ROJ,2015,Dec,NotGrapefruit
0.0,4.0,MA,ROJ,2015,Jan,NotGrapefruit
0.0,4.0,MA,ROJ,2015,Feb,NotGrapefruit
0.0,4.0,MA,ROJ,2015,Mar,NotGrapefruit
0.0,4.0,MA,ROJ,2015,Apr,NotGrapefruit
0.0,4.0,MA,ROJ,2015,May,NotGrapefruit
0.0,4.0,MA,ROJ,2015,Jun,NotGrapefruit
0.0,4.0,MA,ROJ,2015,Jul,NotGrapefruit
0.0,4.0,MA,ROJ,2015,Aug,NotGrapefruit
446.838455064,3.61,MA,ROJ,2016,Sep,NotGrapefruit
488.907384693,3.61,MA,ROJ,2016,Oct,NotGrapefruit
538.879839015,3.61,MA,ROJ,2016,Nov,NotGrapefruit
538.0,3.61,MA,ROJ,2016,Dec,NotGrapefruit
669.0,3.61,MA,ROJ,2016,Jan,NotGrapefruit
631.0,3.61,MA,ROJ,2016,Feb,NotGrapefruit
696.535730376,3.61,MA,ROJ,2016,Mar,NotGrapefruit
650.0,3.61,MA,ROJ,2016,Apr,NotGrapefruit
594.0,3.61,MA,ROJ,2016,May,NotGrapefruit
514.0,3.61,MA,ROJ,2016,Jun,NotGrapefruit
579.513447734,3.61,MA,ROJ,2016,Jul,NotGrapefruit
737.0,3.61,MA,ROJ,2016,Aug,NotGrapefruit
533.0,3.56,MA,ROJ,2017,Sep,NotGrapefruit
544.485412265,3.56,MA,ROJ,2017,Oct,NotGrapefruit
644.291270031,3.56,MA,ROJ,2017,Nov,NotGrapefruit
559.981862943,3.56,MA,ROJ,2017,Dec,NotGrapefruit
550.451584067,3.56,MA,ROJ,2017,Jan,NotGrapefruit
595.976482006,3.56,MA,ROJ,2017,Feb,NotGrapefruit
616.043278592,3.56,MA,ROJ,2017,Mar,NotGrapefruit
738.515730817,3.56,MA,ROJ,2017,Apr,NotGrapefruit
678.273203577,3.56,MA,ROJ,2017,May,NotGrapefruit
692.055919313,3.56,MA,ROJ,2017,Jun,NotGrapefruit
665.569361669,3.56,MA,ROJ,2017,Jul,NotGrapefruit
802.051560184,3.56,MA,ROJ,2017,Aug,NotGrapefruit
414.006367203,4.0,MA,ROJ,2018,Sep,NotGrapefruit
494.463923681,3.25,MA,ROJ,2018,Oct,NotGrapefruit
559.839215274,3.25,MA,ROJ,2018,Nov,NotGrapefruit
529.80891685,3.25,MA,ROJ,2018,Dec,NotGrapefruit
520.681598302,3.25,MA,ROJ,2018,Jan,NotGrapefruit
523.551105571,3.25,MA,ROJ,2018,Feb,NotGrapefruit
523.05439569,3.25,MA,ROJ,2018,Mar,NotGrapefruit
546.111766051,3.25,MA,ROJ,2018,Apr,NotGrapefruit
561.042388546,3.25,MA,ROJ,2018,May,NotGrapefruit
553.686600824,3.25,MA,ROJ,2018,Jun,NotGrapefruit
563.070582963,3.25,MA,ROJ,2018,Jul,NotGrapefruit
556.954665325,3.25,MA,ROJ,2018,Aug,NotGrapefruit
0.0,1.316454111,SE,ROJ,2005,Sep,MomPop
0.0,1.55820733424,SE,ROJ,2005,Oct,MomPop
0.0,2.79964300076,SE,ROJ,2005,Nov,MomPop
0.0,2.79947191738,SE,ROJ,2005,Dec,MomPop
0.0,2.95857404961,SE,ROJ,2005,Jan,MomPop
0.0,3.56452099062,SE,ROJ,2005,Feb,MomPop
0.0,2.96246103962,SE,ROJ,2005,Mar,MomPop
0.0,1.15472189444,SE,ROJ,2005,Apr,MomPop
0.0,2.07081544742,SE,ROJ,2005,May,MomPop
0.0,3.26896307096,SE,ROJ,2005,Jun,MomPop
0.0,1.8138677611,SE,ROJ,2005,Jul,MomPop
0.0,2.45197979226,SE,ROJ,2005,Aug,MomPop
134.511247317,3.46988892726,SE,ROJ,2006,Sep,MomPop
0.0,2.54861998153,SE,ROJ,2006,Oct,MomPop
0.0,2.01205058874,SE,ROJ,2006,Nov,MomPop
0.0,3.51610018556,SE,ROJ,2006,Dec,MomPop
0.0,2.19365769769,SE,ROJ,2006,Jan,MomPop
0.0,2.98528566947,SE,ROJ,2006,Feb,MomPop
0.0,2.51384290243,SE,ROJ,2006,Mar,MomPop
0.0,1.13486726277,SE,ROJ,2006,Apr,MomPop
0.0,1.8612576182,SE,ROJ,2006,May,MomPop
0.0,1.12209117239,SE,ROJ,2006,Jun,MomPop
0.0,3.20825689428,SE,ROJ,2006,Jul,MomPop
0.0,3.24408580504,SE,ROJ,2006,Aug,MomPop
652.0,2.21584414669,SE,ROJ,2007,Sep,MomPop
241.0,3.59245593461,SE,ROJ,2007,Oct,MomPop
668.0,2.22891356543,SE,ROJ,2007,Nov,MomPop
422.0,2.9467041885,SE,ROJ,2007,Dec,MomPop
588.0,2.49360929844,SE,ROJ,2007,Jan,MomPop
491.0,2.91650822469,SE,ROJ,2007,Feb,MomPop
1769.72069827,1.59190584084,SE,ROJ,2007,Mar,MomPop
886.720483166,2.13813363868,SE,ROJ,2007,Apr,MomPop
2316.0,1.40361171195,SE,ROJ,2007,May,MomPop
319.0,3.200594954,SE,ROJ,2007,Jun,MomPop
1310.62588859,1.61898560781,SE,ROJ,2007,Jul,MomPop
2296.69139844,1.31146600433,SE,ROJ,2007,Aug,MomPop
927.069177898,2.0425,SE,ROJ,2008,Sep,MomPop
970.0,2.0425,SE,ROJ,2008,Oct,MomPop
794.0,2.0425,SE,ROJ,2008,Nov,MomPop
916.0,2.0425,SE,ROJ,2008,Dec,MomPop
979.0,2.0425,SE,ROJ,2008,Jan,MomPop
939.0,2.0425,SE,ROJ,2008,Feb,MomPop
788.0,2.0425,SE,ROJ,2008,Mar,MomPop
968.0,2.0425,SE,ROJ,2008,Apr,MomPop
833.0,2.0425,SE,ROJ,2008,May,MomPop
846.0,2.0425,SE,ROJ,2008,Jun,MomPop
964.0,2.0425,SE,ROJ,2008,Jul,MomPop
842.0,2.0425,SE,ROJ,2008,Aug,MomPop
926.055372717,2.0425,SE,ROJ,2009,Sep,MomPop
881.0,2.0425,SE,ROJ,2009,Oct,MomPop
710.0,2.0425,SE,ROJ,2009,Nov,MomPop
781.0,2.0425,SE,ROJ,2009,Dec,MomPop
581.152728526,2.0425,SE,ROJ,2009,Jan,MomPop
226.72921611,2.0425,SE,ROJ,2009,Feb,MomPop
199.73599491,2.0425,SE,ROJ,2009,Mar,MomPop
257.00073654,2.0425,SE,ROJ,2009,Apr,MomPop
213.77186939,2.0425,SE,ROJ,2009,May,MomPop
264.766819899,2.0425,SE,ROJ,2009,Jun,MomPop
227.466866084,2.0425,SE,ROJ,2009,Jul,MomPop
237.210062515,2.0425,SE,ROJ,2009,Aug,MomPop
689.222541763,2.20150698524,SE,ROJ,2010,Sep,MomPop
814.0,2.20150698524,SE,ROJ,2010,Oct,MomPop
788.0,2.20150698524,SE,ROJ,2010,Nov,MomPop
715.0,2.20150698524,SE,ROJ,2010,Dec,MomPop
820.0,2.20150698524,SE,ROJ,2010,Jan,MomPop
718.0,2.20150698524,SE,ROJ,2010,Feb,MomPop
672.0,2.20150698524,SE,ROJ,2010,Mar,MomPop
608.0,2.20150698524,SE,ROJ,2010,Apr,MomPop
713.0,2.20150698524,SE,ROJ,2010,May,MomPop
824.0,2.20150698524,SE,ROJ,2010,Jun,MomPop
759.0,2.20150698524,SE,ROJ,2010,Jul,MomPop
831.0,2.20150698524,SE,ROJ,2010,Aug,MomPop
1085.0,1.97384121764,SE,ROJ,2011,Sep,MomPop
881.0,1.97384121764,SE,ROJ,2011,Oct,MomPop
910.0,1.97384121764,SE,ROJ,2011,Nov,MomPop
1027.0,1.97384121764,SE,ROJ,2011,Dec,MomPop
864.0,1.97384121764,SE,ROJ,2011,Jan,MomPop
964.0,1.97384121764,SE,ROJ,2011,Feb,MomPop
881.0,1.97384121764,SE,ROJ,2011,Mar,MomPop
1012.0,1.97384121764,SE,ROJ,2011,Apr,MomPop
888.0,1.97384121764,SE,ROJ,2011,May,MomPop
1030.0,1.97384121764,SE,ROJ,2011,Jun,MomPop
1152.0,1.97384121764,SE,ROJ,2011,Jul,MomPop
1030.0,1.97384121764,SE,ROJ,2011,Aug,MomPop
1544.0,1.58683291563,SE,ROJ,2012,Sep,MomPop
1218.0,1.68955643732,SE,ROJ,2012,Oct,MomPop
330.0,3.29173757566,SE,ROJ,2012,Nov,MomPop
598.0,2.53392287786,SE,ROJ,2012,Dec,MomPop
383.0,2.86290744681,SE,ROJ,2012,Jan,MomPop
791.0,2.09390570868,SE,ROJ,2012,Feb,MomPop
497.0,2.7062926578,SE,ROJ,2012,Mar,MomPop
306.0,3.50186619986,SE,ROJ,2012,Apr,MomPop
1958.0,1.4221313929,SE,ROJ,2012,May,MomPop
600.0,2.4771945125,SE,ROJ,2012,Jun,MomPop
257.0,3.52594708471,SE,ROJ,2012,Jul,MomPop
1086.0,2.03547844315,SE,ROJ,2012,Aug,MomPop
601.0,2.303125,SE,ROJ,2013,Sep,MomPop
690.0,2.303125,SE,ROJ,2013,Oct,MomPop
789.0,2.303125,SE,ROJ,2013,Nov,MomPop
578.0,2.303125,SE,ROJ,2013,Dec,MomPop
707.0,2.303125,SE,ROJ,2013,Jan,MomPop
832.0,2.303125,SE,ROJ,2013,Feb,MomPop
756.0,2.303125,SE,ROJ,2013,Mar,MomPop
633.0,2.303125,SE,ROJ,2013,Apr,MomPop
675.0,2.303125,SE,ROJ,2013,May,MomPop
686.0,2.303125,SE,ROJ,2013,Jun,MomPop
802.0,2.303125,SE,ROJ,2013,Jul,MomPop
700.0,2.303125,SE,ROJ,2013,Aug,MomPop
500.0,2.76375,SE,ROJ,2014,Sep,MomPop
456.404615271,2.76375,SE,ROJ,2014,Oct,MomPop
480.350847958,2.76375,SE,ROJ,2014,Nov,MomPop
464.372619476,2.76375,SE,ROJ,2014,Dec,MomPop
433.589113226,2.76375,SE,ROJ,2014,Jan,MomPop
410.185568261,2.76375,SE,ROJ,2014,Feb,MomPop
237.897903369,2.76375,SE,ROJ,2014,Mar,MomPop
182.606148795,2.76375,SE,ROJ,2014,Apr,MomPop
164.319453522,2.76375,SE,ROJ,2014,May,MomPop
161.333612945,2.76375,SE,ROJ,2014,Jun,MomPop
139.151673292,2.76375,SE,ROJ,2014,Jul,MomPop
137.808740961,2.76375,SE,ROJ,2014,Aug,MomPop
0.0,1.0,SE,ROJ,2015p1,Sep,NotGrapefruit
0.0,1.27272727273,SE,ROJ,2015p1,Oct,NotGrapefruit
0.0,1.54545454545,SE,ROJ,2015p1,Nov,NotGrapefruit
0.0,1.81818181818,SE,ROJ,2015p1,Dec,NotGrapefruit
0.0,2.09090909091,SE,ROJ,2015p1,Jan,NotGrapefruit
0.0,2.36363636364,SE,ROJ,2015p1,Feb,NotGrapefruit
0.0,2.63636363636,SE,ROJ,2015p1,Mar,NotGrapefruit
0.0,2.90909090909,SE,ROJ,2015p1,Apr,NotGrapefruit
0.0,3.18181818182,SE,ROJ,2015p1,May,NotGrapefruit
0.0,3.45454545455,SE,ROJ,2015p1,Jun,NotGrapefruit
0.0,3.72727272727,SE,ROJ,2015p1,Jul,NotGrapefruit
0.0,4.0,SE,ROJ,2015p1,Aug,NotGrapefruit
56.0,4.0,SE,ROJ,2015p2,Sep,NotGrapefruit
244.0,3.72727272727,SE,ROJ,2015p2,Oct,NotGrapefruit
309.0,3.45454545455,SE,ROJ,2015p2,Nov,NotGrapefruit
290.0,3.18181818182,SE,ROJ,2015p2,Dec,NotGrapefruit
500.0,2.90909090909,SE,ROJ,2015p2,Jan,NotGrapefruit
520.0,2.63636363636,SE,ROJ,2015p2,Feb,NotGrapefruit
568.0,2.36363636364,SE,ROJ,2015p2,Mar,NotGrapefruit
814.0,2.09090909091,SE,ROJ,2015p2,Apr,NotGrapefruit
1121.0,1.81818181818,SE,ROJ,2015p2,May,NotGrapefruit
1512.00980968,1.54545454545,SE,ROJ,2015p2,Jun,NotGrapefruit
265.148662844,1.27272727273,SE,ROJ,2015p2,Jul,NotGrapefruit
340.565394326,1.0,SE,ROJ,2015p2,Aug,NotGrapefruit
0.0,4.0,SE,ROJ,2015,Sep,NotGrapefruit
0.0,4.0,SE,ROJ,2015,Oct,NotGrapefruit
0.0,4.0,SE,ROJ,2015,Nov,NotGrapefruit
0.0,4.0,SE,ROJ,2015,Dec,NotGrapefruit
0.0,4.0,SE,ROJ,2015,Jan,NotGrapefruit
0.0,4.0,SE,ROJ,2015,Feb,NotGrapefruit
0.0,4.0,SE,ROJ,2015,Mar,NotGrapefruit
0.0,4.0,SE,ROJ,2015,Apr,NotGrapefruit
0.0,4.0,SE,ROJ,2015,May,NotGrapefruit
0.0,4.0,SE,ROJ,2015,Jun,NotGrapefruit
0.0,4.0,SE,ROJ,2015,Jul,NotGrapefruit
0.0,4.0,SE,ROJ,2015,Aug,NotGrapefruit
165.763142777,3.9,SE,ROJ,2016,Sep,NotGrapefruit
207.107991054,3.9,SE,ROJ,2016,Oct,NotGrapefruit
198.0,3.9,SE,ROJ,2016,Nov,NotGrapefruit
195.0,3.9,SE,ROJ,2016,Dec,NotGrapefruit
238.0,3.9,SE,ROJ,2016,Jan,NotGrapefruit
238.0,3.9,SE,ROJ,2016,Feb,NotGrapefruit
223.0,3.9,SE,ROJ,2016,Mar,NotGrapefruit
213.0,3.9,SE,ROJ,2016,Apr,NotGrapefruit
218.0,3.9,SE,ROJ,2016,May,NotGrapefruit
214.0,3.9,SE,ROJ,2016,Jun,NotGrapefruit
235.0,3.9,SE,ROJ,2016,Jul,NotGrapefruit
196.0,3.9,SE,ROJ,2016,Aug,NotGrapefruit
196.0,3.85,SE,ROJ,2017,Sep,NotGrapefruit
227.0,3.85,SE,ROJ,2017,Oct,NotGrapefruit
230.0,3.85,SE,ROJ,2017,Nov,NotGrapefruit
246.0,3.85,SE,ROJ,2017,Dec,NotGrapefruit
230.0,3.85,SE,ROJ,2017,Jan,NotGrapefruit
230.0,3.85,SE,ROJ,2017,Feb,NotGrapefruit
231.0,3.85,SE,ROJ,2017,Mar,NotGrapefruit
227.0,3.85,SE,ROJ,2017,Apr,NotGrapefruit
224.0,3.85,SE,ROJ,2017,May,NotGrapefruit
236.0,3.85,SE,ROJ,2017,Jun,NotGrapefruit
184.0,3.85,SE,ROJ,2017,Jul,NotGrapefruit
205.0,3.85,SE,ROJ,2017,Aug,NotGrapefruit
187.0,4.0,SE,ROJ,2018,Sep,NotGrapefruit
166.822232301,3.67,SE,ROJ,2018,Oct,NotGrapefruit
173.10339266,3.67,SE,ROJ,2018,Nov,NotGrapefruit
180.963474079,3.67,SE,ROJ,2018,Dec,NotGrapefruit
185.754439206,3.67,SE,ROJ,2018,Jan,NotGrapefruit
225.938464356,3.67,SE,ROJ,2018,Feb,NotGrapefruit
205.65679872,3.67,SE,ROJ,2018,Mar,NotGrapefruit
181.980812707,3.67,SE,ROJ,2018,Apr,NotGrapefruit
170.644649028,3.67,SE,ROJ,2018,May,NotGrapefruit
163.449135678,3.67,SE,ROJ,2018,Jun,NotGrapefruit
188.606866284,3.67,SE,ROJ,2018,Jul,NotGrapefruit
194.707597099,3.67,SE,ROJ,2018,Aug,NotGrapefruit
