demand_pipeline/sales.csv
Sales,Price,Region,Product,Year,Month,Source
0.0,1.87026641308,MW,ROJ,2005,Sep,MomPop
0.0,1.53096262006,MW,ROJ,2005,Oct,MomPop
0.0,1.94372252803,MW,ROJ,2005,Nov,MomPop
0.0,3.35037579945,MW,ROJ,2005,Dec,MomPop
0.0,3.15010489629,MW,ROJ,2005,Jan,MomPop
0.0,2.83858658973,MW,ROJ,2005,Feb,MomPop
0.0,1.27120126082,MW,ROJ,2005,Mar,MomPop
0.0,3.23617288381,MW,ROJ,2005,Apr,MomPop
0.0,3.30607481152,MW,ROJ,2005,May,MomPop
0.0,2.7790582889,MW,ROJ,2005,Jun,MomPop
0.0,2.60996337202,MW,ROJ,2005,Jul,MomPop
0.0,1.53814782437,MW,ROJ,2005,Aug,MomPop
1749.79723,1.26371037641,MW,ROJ,2006,Sep,MomPop
88.0,2.77072138076,MW,ROJ,2006,Oct,MomPop
55.0,3.49019823783,MW,ROJ,2006,Nov,MomPop
59.0,3.35812199589,MW,ROJ,2006,Dec,MomPop
506.0,1.20540004333,MW,ROJ,2006,Jan,MomPop
160.0,2.20681396358,MW,ROJ,2006,Feb,MomPop
549.0,1.22457290903,MW,ROJ,2006,Mar,MomPop
49.0,3.46042785568,MW,ROJ,2006,Apr,MomPop
152.0,2.11923825796,MW,ROJ,2006,May,MomPop
45.0,3.59319232383,MW,ROJ,2006,Jun,MomPop
88.0,2.96336406331,MW,ROJ,2006,Jul,MomPop
224.0,1.81083928467,MW,ROJ,2006,Aug,MomPop
1349.0,2.01161021732,MW,ROJ,2007,Sep,MomPop
3258.20245612,1.35184107695,MW,ROJ,2007,Oct,MomPop
433.913173434,3.233736576,MW,ROJ,2007,Nov,MomPop
1943.67086514,1.67194660864,MW,ROJ,2007,Dec,MomPop
2188.43436949,1.58256982634,MW,ROJ,2007,Jan,MomPop
977.791000886,2.34892015151,MW,ROJ,2007,Feb,MomPop
728.647843225,2.61628990331,MW,ROJ,2007,Mar,MomPop
1010.13394672,2.30118843286,MW,ROJ,2007,Apr,MomPop
521.885930747,3.05403773507,MW,ROJ,2007,May,MomPop
348.95831026,3.4509723335,MW,ROJ,2007,Jun,MomPop
1431.7048518,1.82330027865,MW,ROJ,2007,Jul,MomPop
1043.2787886,2.38426142395,MW,ROJ,2007,Aug,MomPop
1157.15055726,2.09,MW,ROJ,2008,Sep,MomPop
1090.07379138,2.09,MW,ROJ,2008,Oct,MomPop
1299.66222071,2.09,MW,ROJ,2008,Nov,MomPop
1134.36407524,2.09,MW,ROJ,2008,Dec,MomPop
1103.83258552,2.09,MW,ROJ,2008,Jan,MomPop
1343.91856637,2.09,MW,ROJ,2008,Feb,MomPop
1342.26948239,2.09,MW,ROJ,2008,Mar,MomPop
1355.08910092,2.09,MW,ROJ,2008,Apr,MomPop
1503.37261301,2.09,MW,ROJ,2008,May,MomPop
1065.48797803,2.09,MW,ROJ,2008,Jun,MomPop
1213.06869821,2.09,MW,ROJ,2008,Jul,MomPop
1042.63576176,2.09,MW,ROJ,2008,Aug,MomPop
1167.41292293,2.09,MW,ROJ,2009,Sep,MomPop
1366.0,2.09,MW,ROJ,2009,Oct,MomPop
1209.0,2.09,MW,ROJ,2009,Nov,MomPop
1015.0,2.09,MW,ROJ,2009,Dec,MomPop
842.47341407,2.09,MW,ROJ,2009,Jan,MomPop
347.328900359,2.09,MW,ROJ,2009,Feb,MomPop
384.113754426,2.09,MW,ROJ,2009,Mar,MomPop
470.153879936,2.09,MW,ROJ,2009,Apr,MomPop
434.166980468,2.09,MW,ROJ,2009,May,MomPop
445.513782973,2.09,MW,ROJ,2009,Jun,MomPop
371.860132281,2.09,MW,ROJ,2009,Jul,MomPop
369.580831712,2.09,MW,ROJ,2009,Aug,MomPop
836.172557686,2.27608675921,MW,ROJ,2010,Sep,MomPop
826.228489933,2.27608675921,MW,ROJ,2010,Oct,MomPop
844.003254997,2.27608675921,MW,ROJ,2010,Nov,MomPop
844.82070575,2.27608675921,MW,ROJ,2010,Dec,MomPop
846.597561143,2.27608675921,MW,ROJ,2010,Jan,MomPop
971.604405217,2.27608675921,MW,ROJ,2010,Feb,MomPop
1060.15406635,2.27608675921,MW,ROJ,2010,Mar,MomPop
1020.97767115,2.27608675921,MW,ROJ,2010,Apr,MomPop
878.001596667,2.27608675921,MW,ROJ,2010,May,MomPop
856.912870998,2.27608675921,MW,ROJ,2010,Jun,MomPop
1071.61893241,2.27608675921,MW,ROJ,2010,Jul,MomPop
1091.94027838,2.27608675921,MW,ROJ,2010,Aug,MomPop
1699.70040471,1.94913795848,MW,ROJ,2011,Sep,MomPop
1109.5125299,1.94913795848,MW,ROJ,2011,Oct,MomPop
1584.35102446,1.94913795848,MW,ROJ,2011,Nov,MomPop
1366.48538803,1.94913795848,MW,ROJ,2011,Dec,MomPop
1246.98129321,1.94913795848,MW,ROJ,2011,Jan,MomPop
1253.79188928,1.94913795848,MW,ROJ,2011,Feb,MomPop
1097.89962637,1.94913795848,MW,ROJ,2011,Mar,MomPop
1272.08732905,1.94913795848,MW,ROJ,2011,Apr,MomPop
1255.70377095,1.94913795848,MW,ROJ,2011,May,MomPop
1300.97846371,1.94913795848,MW,ROJ,2011,Jun,MomPop
1214.83642335,1.94913795848,MW,ROJ,2011,Jul,MomPop
1152.75270236,1.94913795848,MW,ROJ,2011,Aug,MomPop
1233.01460797,2.02120635403,MW,ROJ,2012,Sep,MomPop
1615.82732097,1.73845488862,MW,ROJ,2012,Oct,MomPop
349.113558207,3.46734256687,MW,ROJ,2012,Nov,MomPop
4792.18580715,1.15431061174,MW,ROJ,2012,Dec,MomPop
2530.32605802,1.34807566545,MW,ROJ,2012,Jan,MomPop
383.685886046,3.38122695006,MW,ROJ,2012,Feb,MomPop
1845.60103013,1.67160216815,MW,ROJ,2012,Mar,MomPop
707.762414181,2.42506633521,MW,ROJ,2012,Apr,MomPop
434.589521813,3.35246185354,MW,ROJ,2012,May,MomPop
1315.13852739,2.1159351898,MW,ROJ,2012,Jun,MomPop
3081.83467791,1.20980615586,MW,ROJ,2012,Jul,MomPop
452.546856848,3.15799075619,MW,ROJ,2012,Aug,MomPop
881.548754007,2.3625,MW,ROJ,2013,Sep,MomPop
944.382085102,2.3625,MW,ROJ,2013,Oct,MomPop
806.327279766,2.3625,MW,ROJ,2013,Nov,MomPop
940.827438694,2.3625,MW,ROJ,2013,Dec,MomPop
812.842050775,2.3625,MW,ROJ,2013,Jan,MomPop
1034.22056357,2.3625,MW,ROJ,2013,Feb,MomPop
912.530308246,2.3625,MW,ROJ,2013,Mar,MomPop
1006.93096058,2.3625,MW,ROJ,2013,Apr,MomPop
1034.32297813,2.3625,MW,ROJ,2013,May,MomPop
986.029593229,2.3625,MW,ROJ,2013,Jun,MomPop
978.684270984,2.3625,MW,ROJ,2013,Jul,MomPop
878.405180552,2.3625,MW,ROJ,2013,Aug,MomPop
511.0,2.835,MW,ROJ,2014,Sep,MomPop
668.733207582,2.835,MW,ROJ,2014,Oct,MomPop
639.313153871,2.835,MW,ROJ,2014,Nov,MomPop
562.488278749,2.835,MW,ROJ,2014,Dec,MomPop
589.24211023,2.835,MW,ROJ,2014,Jan,MomPop
688.233889513,2.835,MW,ROJ,2014,Feb,MomPop
278.326035445,2.835,MW,ROJ,2014,Mar,MomPop
255.398434632,2.835,MW,ROJ,2014,Apr,MomPop
238.824978459,2.835,MW,ROJ,2014,May,MomPop
227.688633921,2.835,MW,ROJ,2014,Jun,MomPop
270.282694637,2.835,MW,ROJ,2014,Jul,MomPop
252.871110907,2.835,MW,ROJ,2014,Aug,MomPop
46.9528153492,1.0,MW,ROJ,2015p1,Sep,NotGrapefruit
260.175655235,1.27272727273,MW,ROJ,2015p1,Oct,NotGrapefruit
311.568118497,1.54545454545,MW,ROJ,2015p1,Nov,NotGrapefruit
241.592645286,1.81818181818,MW,ROJ,2015p1,Dec,NotGrapefruit
183.896094204,2.09090909091,MW,ROJ,2015p1,Jan,NotGrapefruit
144.678195384,2.36363636364,MW,ROJ,2015p1,Feb,NotGrapefruit
87.8212636598,2.63636363636,MW,ROJ,2015p1,Mar,NotGrapefruit
88.2852969116,2.90909090909,MW,ROJ,2015p1,Apr,NotGrapefruit
59.7563207583,3.18181818182,MW,ROJ,2015p1,May,NotGrapefruit
46.5954232171,3.45454545455,MW,ROJ,2015p1,Jun,NotGrapefruit
46.9252354471,3.72727272727,MW,ROJ,2015p1,Jul,NotGrapefruit
34.0142390691,4.0,MW,ROJ,2015p1,Aug,NotGrapefruit
44.0,4.0,MW,ROJ,2015p2,Sep,NotGrapefruit
332.0,3.72727272727,MW,ROJ,2015p2,Oct,NotGrapefruit
408.0,3.45454545455,MW,ROJ,2015p2,Nov,NotGrapefruit
513.0,3.18181818182,MW,ROJ,2015p2,Dec,NotGrapefruit
642.0,2.90909090909,MW,ROJ,2015p2,Jan,NotGrapefruit
808.0,2.63636363636,MW,ROJ,2015p2,Feb,NotGrapefruit
797.0,2.36363636364,MW,ROJ,2015p2,Mar,NotGrapefruit
1305.0,2.09090909091,MW,ROJ,2015p2,Apr,NotGrapefruit
1461.0,1.81818181818,MW,ROJ,2015p2,May,NotGrapefruit
1550.19538555,1.54545454545,MW,ROJ,2015p2,Jun,NotGrapefruit
319.222035447,1.27272727273,MW,ROJ,2015p2,Jul,NotGrapefruit
417.595591009,1.0,MW,ROJ,2015p2,Aug,NotGrapefruit
0.0,4.0,MW,ROJ,2015,Sep,NotGrapefruit
0.0,4.0,MW,ROJ,2015,Oct,NotGrapefruit
0.0,4.0,MW,ROJ,2015,Nov,NotGrapefruit
0.0,4.0,MW,ROJ,2015,Dec,NotGrapefruit
0.0,4.0,MW,ROJ,2015,Jan,NotGrapefruit
0.0,4.0,MW,ROJ,2015,Feb,NotGrapefruit
0.0,4.0,MW,ROJ,2015,Mar,NotGrapefruit
0.0,4.0,MW,ROJ,2015,Apr,NotGrapefruit
0.0,4.0,MW,ROJ,2015,May,NotGrapefruit
0.0,4.0,MW,ROJ,2015,Jun,NotGrapefruit
0.0,4.0,MW,ROJ,2015,Jul,NotGrapefruit
0.0,4.0,MW,ROJ,2015,Aug,NotGrapefruit
176.639330656,3.9,MW,ROJ,2016,Sep,NotGrapefruit
294.263441614,3.9,MW,ROJ,2016,Oct,NotGrapefruit
273.334779245,3.9,MW,ROJ,2016,Nov,NotGrapefruit
254.712645669,3.9,MW,ROJ,2016,Dec,NotGrapefruit
318.961902712,3.9,MW,ROJ,2016,Jan,NotGrapefruit
325.050333209,3.9,MW,ROJ,2016,Feb,NotGrapefruit
263.191489422,3.9,MW,ROJ,2016,Mar,NotGrapefruit
261.562125672,3.9,MW,ROJ,2016,Apr,NotGrapefruit
331.942899308,3.9,MW,ROJ,2016,May,NotGrapefruit
318.612340014,3.9,MW,ROJ,2016,Jun,NotGrapefruit
309.985198167,3.9,MW,ROJ,2016,Jul,NotGrapefruit
297.04152842,3.9,MW,ROJ,2016,Aug,NotGrapefruit
63.7038094266,3.9,MW,ROJ,2017,Sep,NotGrapefruit
268.045964877,3.9,MW,ROJ,2017,Oct,NotGrapefruit
318.324523635,3.9,MW,ROJ,2017,Nov,NotGrapefruit
329.290938071,3.9,MW,ROJ,2017,Dec,NotGrapefruit
313.707800935,3.9,MW,ROJ,2017,Jan,NotGrapefruit
308.057693217,3.9,MW,ROJ,2017,Feb,NotGrapefruit
280.776196359,3.9,MW,ROJ,2017,Mar,NotGrapefruit
261.566661842,3.9,MW,ROJ,2017,Apr,NotGrapefruit
286.351936771,3.9,MW,ROJ,2017,May,NotGrapefruit
334.350856772,3.9,MW,ROJ,2017,Jun,NotGrapefruit
280.651826475,3.9,MW,ROJ,2017,Jul,NotGrapefruit
325.163357613,3.9,MW,ROJ,2017,Aug,NotGrapefruit
118.237047657,4.0,MW,ROJ,2018,Sep,NotGrapefruit
275.98572235,2.93,MW,ROJ,2018,Oct,NotGrapefruit
408.865417354,2.93,MW,ROJ,2018,Nov,NotGrapefruit
405.678974683,2.93,MW,ROJ,2018,Dec,NotGrapefruit
365.743192059,2.93,MW,ROJ,2018,Jan,NotGrapefruit
358.246356664,2.93,MW,ROJ,2018,Feb,NotGrapefruit
397.897696466,2.93,MW,ROJ,2018,Mar,NotGrapefruit
373.017338722,2.93,MW,ROJ,2018,Apr,NotGrapefruit
365.99347314,2.93,MW,ROJ,2018,May,NotGrapefruit
351.050419747,2.93,MW,ROJ,2018,Jun,NotGrapefruit
311.632328883,2.93,MW,ROJ,2018,Jul,NotGrapefruit
346.707977097,2.93,MW,ROJ,2018,Aug,NotGrapefruit
0.0,2.55339216561,DS,ROJ,2005,Sep,MomPop
0.0,3.53029871181,DS,ROJ,2005,Oct,MomPop
0.0,1.43127705349,DS,ROJ,2005,Nov,MomPop
0.0,1.99559370812,DS,ROJ,2005,Dec,MomPop
0.0,2.06134567953,DS,ROJ,2005,Jan,MomPop
0.0,1.80234299966,DS,ROJ,2005,Feb,MomPop
0.0,3.2843176897,DS,ROJ,2005,Mar,MomPop
0.0,1.96396741971,DS,ROJ,2005,Apr,MomPop
0.0,2.84554518661,DS,ROJ,2005,May,MomPop
0.0,2.95433542178,DS,ROJ,2005,Jun,MomPop
0.0,1.90883486637,DS,ROJ,2005,Jul,MomPop
0.0,3.15022997301,DS,ROJ,2005,Aug,MomPop
2312.0,1.05757809833,DS,ROJ,2006,Sep,MomPop
2256.0,1.33189700204,DS,ROJ,2006,Oct,MomPop
379.0,2.86482995536,DS,ROJ,2006,Nov,MomPop
419.0,2.70494393693,DS,ROJ,2006,Dec,MomPop
269.0,3.18506364735,DS,ROJ,2006,Jan,MomPop
2483.0,1.1987002954,DS,ROJ,2006,Feb,MomPop
318.0,3.08835720686,DS,ROJ,2006,Mar,MomPop
280.0,3.36686583715,DS,ROJ,2006,Apr,MomPop
404.0,2.99329752323,DS,ROJ,2006,May,MomPop
2764.0,1.16713234665,DS,ROJ,2006,Jun,MomPop
328.0,3.10898727609,DS,ROJ,2006,Jul,MomPop
335.0,3.29358144217,DS,ROJ,2006,Aug,MomPop
991.0,1.8473609626,DS,ROJ,2007,Sep,MomPop
761.0,2.20038643374,DS,ROJ,2007,Oct,MomPop
409.664118234,2.88278633521,DS,ROJ,2007,Nov,MomPop
1347.70572625,1.62076071617,DS,ROJ,2007,Dec,MomPop
852.347275603,2.0727962815,DS,ROJ,2007,Jan,MomPop
2037.22231372,1.30614617511,DS,ROJ,2007,Feb,MomPop
1501.24006681,1.54589997863,DS,ROJ,2007,Mar,MomPop
1815.86718192,1.45360478252,DS,ROJ,2007,Apr,MomPop
911.121720807,2.17153876057,DS,ROJ,2007,May,MomPop
327.085405719,3.19895053708,DS,ROJ,2007,Jun,MomPop
386.370664449,3.0081950869,DS,ROJ,2007,Jul,MomPop
613.495206664,2.70310429694,DS,ROJ,2007,Aug,MomPop
783.40242338,2.09,DS,ROJ,2008,Sep,MomPop
752.609494683,2.09,DS,ROJ,2008,Oct,MomPop
733.361199969,2.09,DS,ROJ,2008,Nov,MomPop
938.645204831,2.09,DS,ROJ,2008,Dec,MomPop
759.711039624,2.09,DS,ROJ,2008,Jan,MomPop
788.958273231,2.09,DS,ROJ,2008,Feb,MomPop
903.517719153,2.09,DS,ROJ,2008,Mar,MomPop
944.145662839,2.09,DS,ROJ,2008,Apr,MomPop
755.798738428,2.09,DS,ROJ,2008,May,MomPop
865.074447009,2.09,DS,ROJ,2008,Jun,MomPop
800.056525753,2.09,DS,ROJ,2008,Jul,MomPop
672.726908288,2.09,DS,ROJ,2008,Aug,MomPop
615.929549884,2.09,DS,ROJ,2009,Sep,MomPop
770.0,2.09,DS,ROJ,2009,Oct,MomPop
750.0,2.09,DS,ROJ,2009,Nov,MomPop
707.0,2.09,DS,ROJ,2009,Dec,MomPop
866.0,2.09,DS,ROJ,2009,Jan,MomPop
768.0,2.09,DS,ROJ,2009,Feb,MomPop
748.0,2.09,DS,ROJ,2009,Mar,MomPop
949.0,2.09,DS,ROJ,2009,Apr,MomPop
801.0,2.09,DS,ROJ,2009,May,MomPop
787.0,2.09,DS,ROJ,2009,Jun,MomPop
774.0,2.09,DS,ROJ,2009,Jul,MomPop
870.0,2.09,DS,ROJ,2009,Aug,MomPop
850.0,2.06723334955,DS,ROJ,2010,Sep,MomPop
913.149274776,2.06723334955,DS,ROJ,2010,Oct,MomPop
868.332452412,2.06723334955,DS,ROJ,2010,Nov,MomPop
810.606268038,2.06723334955,DS,ROJ,2010,Dec,MomPop
889.153220765,2.06723334955,DS,ROJ,2010,Jan,MomPop
822.750523708,2.06723334955,DS,ROJ,2010,Feb,MomPop
834.712361177,2.06723334955,DS,ROJ,2010,Mar,MomPop
772.602085444,2.06723334955,DS,ROJ,2010,Apr,MomPop
846.101765839,2.06723334955,DS,ROJ,2010,May,MomPop
998.07460937,2.06723334955,DS,ROJ,2010,Jun,MomPop
772.253953477,2.06723334955,DS,ROJ,2010,Jul,MomPop
836.939117947,2.06723334955,DS,ROJ,2010,Aug,MomPop
1089.19086243,1.80668891894,DS,ROJ,2011,Sep,MomPop
1097.56007908,1.80668891894,DS,ROJ,2011,Oct,MomPop
955.341324934,1.80668891894,DS,ROJ,2011,Nov,MomPop
716.441740599,1.80668891894,DS,ROJ,2011,Dec,MomPop
149.132403151,1.80668891894,DS,ROJ,2011,Jan,MomPop
138.263800558,1.80668891894,DS,ROJ,2011,Feb,MomPop
144.746784347,1.80668891894,DS,ROJ,2011,Mar,MomPop
145.710677399,1.80668891894,DS,ROJ,2011,Apr,MomPop
145.508844255,1.80668891894,DS,ROJ,2011,May,MomPop
140.645701201,1.80668891894,DS,ROJ,2011,Jun,MomPop
144.835099907,1.80668891894,DS,ROJ,2011,Jul,MomPop
158.050298935,1.80668891894,DS,ROJ,2011,Aug,MomPop
511.562740078,1.69335609938,DS,ROJ,2012,Sep,MomPop
220.82254448,3.50100324902,DS,ROJ,2012,Oct,MomPop
160.094055454,3.09263705764,DS,ROJ,2012,Nov,MomPop
370.91174209,1.49011878056,DS,ROJ,2012,Dec,MomPop
463.933399752,1.64254269313,DS,ROJ,2012,Jan,MomPop
328.3956906,2.166457813,DS,ROJ,2012,Feb,MomPop
682.357236304,1.45960182996,DS,ROJ,2012,Mar,MomPop
195.21712807,2.507276356,DS,ROJ,2012,Apr,MomPop
163.087179142,3.33949084184,DS,ROJ,2012,May,MomPop
187.91423961,3.49896982358,DS,ROJ,2012,Jun,MomPop
203.489089704,3.02318020996,DS,ROJ,2012,Jul,MomPop
405.547351543,2.09380154374,DS,ROJ,2012,Aug,MomPop
422.538692428,2.3625,DS,ROJ,2013,Sep,MomPop
530.343409395,2.3625,DS,ROJ,2013,Oct,MomPop
591.534089116,2.3625,DS,ROJ,2013,Nov,MomPop
698.926917179,2.3625,DS,ROJ,2013,Dec,MomPop
697.406677672,2.3625,DS,ROJ,2013,Jan,MomPop
560.030759544,2.3625,DS,ROJ,2013,Feb,MomPop
678.886861139,2.3625,DS,ROJ,2013,Mar,MomPop
546.279879928,2.3625,DS,ROJ,2013,Apr,MomPop
794.672284931,2.3625,DS,ROJ,2013,May,MomPop
660.137620194,2.3625,DS,ROJ,2013,Jun,MomPop
777.942834719,2.3625,DS,ROJ,2013,Jul,MomPop
682.756136343,2.3625,DS,ROJ,2013,Aug,MomPop
425.0,2.835,DS,ROJ,2014,Sep,MomPop
406.0,2.835,DS,ROJ,2014,Oct,MomPop
356.0,2.835,DS,ROJ,2014,Nov,MomPop
457.0,2.835,DS,ROJ,2014,Dec,MomPop
448.0,2.835,DS,ROJ,2014,Jan,MomPop
338.0,2.835,DS,ROJ,2014,Feb,MomPop
423.0,2.835,DS,ROJ,2014,Mar,MomPop
453.0,2.835,DS,ROJ,2014,Apr,MomPop
328.0,2.835,DS,ROJ,2014,May,MomPop
365.0,2.835,DS,ROJ,2014,Jun,MomPop
430.0,2.835,DS,ROJ,2014,Jul,MomPop
418.0,2.835,DS,ROJ,2014,Aug,MomPop
465.105787225,1.0,DS,ROJ,2015p1,Sep,NotGrapefruit
1349.51604683,1.27272727273,DS,ROJ,2015p1,Oct,NotGrapefruit
1809.35097828,1.54545454545,DS,ROJ,2015p1,Nov,NotGrapefruit
1162.57510927,1.81818181818,DS,ROJ,2015p1,Dec,NotGrapefruit
759.229185618,2.09090909091,DS,ROJ,2015p1,Jan,NotGrapefruit
598.052967412,2.36363636364,DS,ROJ,2015p1,Feb,NotGrapefruit
540.253061542,2.63636363636,DS,ROJ,2015p1,Mar,NotGrapefruit
350.875018656,2.90909090909,DS,ROJ,2015p1,Apr,NotGrapefruit
309.669020372,3.18181818182,DS,ROJ,2015p1,May,NotGrapefruit
257.235346353,3.45454545455,DS,ROJ,2015p1,Jun,NotGrapefruit
212.776297129,3.72727272727,DS,ROJ,2015p1,Jul,NotGrapefruit
193.098379023,4.0,DS,ROJ,2015p1,Aug,NotGrapefruit
52.0,4.0,DS,ROJ,2015p2,Sep,NotGrapefruit
199.0,3.72727272727,DS,ROJ,2015p2,Oct,NotGrapefruit
302.0,3.45454545455,DS,ROJ,2015p2,Nov,NotGrapefruit
311.0,3.18181818182,DS,ROJ,2015p2,Dec,NotGrapefruit
347.0,2.90909090909,DS,ROJ,2015p2,Jan,NotGrapefruit
442.0,2.63636363636,DS,ROJ,2015p2,Feb,NotGrapefruit
664.0,2.36363636364,DS,ROJ,2015p2,Mar,NotGrapefruit
710.0,2.09090909091,DS,ROJ,2015p2,Apr,NotGrapefruit
1064.0,1.81818181818,DS,ROJ,2015p2,May,NotGrapefruit
1107.2759049,1.54545454545,DS,ROJ,2015p2,Jun,NotGrapefruit
216.573789944,1.27272727273,DS,ROJ,2015p2,Jul,NotGrapefruit
385.281698575,1.0,DS,ROJ,2015p2,Aug,NotGrapefruit
0.0,4.0,DS,ROJ,2015,Sep,NotGrapefruit
0.0,4.0,DS,ROJ,2015,Oct,NotGrapefruit
0.0,4.0,DS,ROJ,2015,Nov,NotGrapefruit
0.0,4.0,DS,ROJ,2015,Dec,NotGrapefruit
0.0,4.0,DS,ROJ,2015,Jan,NotGrapefruit
0.0,4.0,DS,ROJ,2015,Feb,NotGrapefruit
0.0,4.0,DS,ROJ,2015,Mar,NotGrapefruit
0.0,4.0,DS,ROJ,2015,Apr,NotGrapefruit
0.0,4.0,DS,ROJ,2015,May,NotGrapefruit
0.0,4.0,DS,ROJ,2015,Jun,NotGrapefruit
0.0,4.0,DS,ROJ,2015,Jul,NotGrapefruit
0.0,4.0,DS,ROJ,2015,Aug,NotGrapefruit
101.292288768,3.9,DS,ROJ,2016,Sep,NotGrapefruit
145.91507839,3.9,DS,ROJ,2016,Oct,NotGrapefruit
152.422696409,3.9,DS,ROJ,2016,Nov,NotGrapefruit
139.614860004,3.9,DS,ROJ,2016,Dec,NotGrapefruit
146.62678185,3.9,DS,ROJ,2016,Jan,NotGrapefruit
142.590318654,3.9,DS,ROJ,2016,Feb,NotGrapefruit
146.420884305,3.9,DS,ROJ,2016,Mar,NotGrapefruit
140.364483729,3.9,DS,ROJ,2016,Apr,NotGrapefruit
140.935065071,3.9,DS,ROJ,2016,May,NotGrapefruit
160.461868849,3.9,DS,ROJ,2016,Jun,NotGrapefruit
157.352095459,3.9,DS,ROJ,2016,Jul,NotGrapefruit
152.140969473,3.9,DS,ROJ,2016,Aug,NotGrapefruit
140.235319159,4.0,DS,ROJ,2017,Sep,NotGrapefruit
144.386204886,4.0,DS,ROJ,2017,Oct,NotGrapefruit
143.718168965,4.0,DS,ROJ,2017,Nov,NotGrapefruit
147.581258724,4.0,DS,ROJ,2017,Dec,NotGrapefruit
145.32472436,4.0,DS,ROJ,2017,Jan,NotGrapefruit
135.530188363,4.0,DS,ROJ,2017,Feb,NotGrapefruit
152.025528115,4.0,DS,ROJ,2017,Mar,NotGrapefruit
139.045374124,4.0,DS,ROJ,2017,Apr,NotGrapefruit
148.373640643,4.0,DS,ROJ,2017,May,NotGrapefruit
160.92869924,4.0,DS,ROJ,2017,Jun,NotGrapefruit
170.633657996,4.0,DS,ROJ,2017,Jul,NotGrapefruit
156.829947224,4.0,DS,ROJ,2017,Aug,NotGrapefruit
34.2380257237,4.0,DS,ROJ,2018,Sep,NotGrapefruit
67.7131765835,3.95,DS,ROJ,2018,Oct,NotGrapefruit
103.349344251,3.95,DS,ROJ,2018,Nov,NotGrapefruit
99.192763684,3.95,DS,ROJ,2018,Dec,NotGrapefruit
103.718576694,3.95,DS,ROJ,2018,Jan,NotGrapefruit
103.311164887,3.95,DS,ROJ,2018,Feb,NotGrapefruit
107.87447523,3.95,DS,ROJ,2018,Mar,NotGrapefruit
93.039163667,3.95,DS,ROJ,2018,Apr,NotGrapefruit
95.7429882756,3.95,DS,ROJ,2018,May,NotGrapefruit
102.339908461,3.95,DS,ROJ,2018,Jun,NotGrapefruit
110.349366897,3.95,DS,ROJ,2018,Jul,NotGrapefruit
98.438911793,3.95,DS,ROJ,2018,Aug,NotGrapefruit
