demand_pipeline/sales.csv
Sales,Price,Region,Product,Year,Month,Source
0.0,3.3994657962,NW,ROJ,2005,Sep,MomPop
0.0,1.78163238622,NW,ROJ,2005,Oct,MomPop
0.0,1.28764619408,NW,ROJ,2005,Nov,MomPop
0.0,2.41149624513,NW,ROJ,2005,Dec,MomPop
0.0,2.09178618495,NW,ROJ,2005,Jan,MomPop
0.0,3.03489452248,NW,ROJ,2005,Feb,MomPop
0.0,2.63197436448,NW,ROJ,2005,Mar,MomPop
0.0,1.78902056161,NW,ROJ,2005,Apr,MomPop
0.0,1.23310751237,NW,ROJ,2005,May,MomPop
0.0,1.4365534942,NW,ROJ,2005,Jun,MomPop
0.0,2.29566593397,NW,ROJ,2005,Jul,MomPop
0.0,3.23765764948,NW,ROJ,2005,Aug,MomPop
199.0,2.3119499763,NW,ROJ,2006,Sep,MomPop
160.0,2.98801341433,NW,ROJ,2006,Oct,MomPop
646.0,1.66635834209,NW,ROJ,2006,Nov,MomPop
959.0,1.29857392362,NW,ROJ,2006,Dec,MomPop
144.0,3.32950677324,NW,ROJ,2006,Jan,MomPop
229.0,2.65869231979,NW,ROJ,2006,Feb,MomPop
130.0,3.38446826838,NW,ROJ,2006,Mar,MomPop
1507.0,1.10075301153,NW,ROJ,2006,Apr,MomPop
416.0,2.03454170415,NW,ROJ,2006,May,MomPop
454.0,1.93332463029,NW,ROJ,2006,Jun,MomPop
133.0,3.24167141336,NW,ROJ,2006,Jul,MomPop
320.0,2.28716661096,NW,ROJ,2006,Aug,MomPop
189.0,2.79408676985,NW,ROJ,2007,Sep,MomPop
202.045101066,2.58083800475,NW,ROJ,2007,Oct,MomPop
938.0,1.36088760626,NW,ROJ,2007,Nov,MomPop
275.0,2.43220603312,NW,ROJ,2007,Dec,MomPop
525.464058083,1.7935672219,NW,ROJ,2007,Jan,MomPop
1311.73887453,1.17266180991,NW,ROJ,2007,Feb,MomPop
215.697659306,2.8514831309,NW,ROJ,2007,Mar,MomPop
638.944144452,1.69026463062,NW,ROJ,2007,Apr,MomPop
237.81206103,2.88895612626,NW,ROJ,2007,May,MomPop
279.36912315,2.5993265598,NW,ROJ,2007,Jun,MomPop
169.235385954,2.99310348294,NW,ROJ,2007,Jul,MomPop
259.53604298,2.63295372146,NW,ROJ,2007,Aug,MomPop
286.494384213,2.38613491157,NW,ROJ,2008,Sep,MomPop
303.556181906,2.38613491157,NW,ROJ,2008,Oct,MomPop
343.790953473,2.38613491157,NW,ROJ,2008,Nov,MomPop
267.432465954,2.38613491157,NW,ROJ,2008,Dec,MomPop
344.606195283,2.38613491157,NW,ROJ,2008,Jan,MomPop
336.583020096,2.38613491157,NW,ROJ,2008,Feb,MomPop
298.358301408,2.38613491157,NW,ROJ,2008,Mar,MomPop
294.896729535,2.38613491157,NW,ROJ,2008,Apr,MomPop
356.714638515,2.38613491157,NW,ROJ,2008,May,MomPop
303.14505557,2.38613491157,NW,ROJ,2008,Jun,MomPop
341.013017396,2.38613491157,NW,ROJ,2008,Jul,MomPop
301.95234825,2.38613491157,NW,ROJ,2008,Aug,MomPop
209.814623406,2.38613491157,NW,ROJ,2009,Sep,MomPop
259.0,2.38613491157,NW,ROJ,2009,Oct,MomPop
306.0,2.38613491157,NW,ROJ,2009,Nov,MomPop
303.0,2.38613491157,NW,ROJ,2009,Dec,MomPop
289.0,2.38613491157,NW,ROJ,2009,Jan,MomPop
250.0,2.38613491157,NW,ROJ,2009,Feb,MomPop
326.0,2.38613491157,NW,ROJ,2009,Mar,MomPop
286.0,2.38613491157,NW,ROJ,2009,Apr,MomPop
263.0,2.38613491157,NW,ROJ,2009,May,MomPop
287.0,2.38613491157,NW,ROJ,2009,Jun,MomPop
327.0,2.38613491157,NW,ROJ,2009,Jul,MomPop
343.0,2.38613491157,NW,ROJ,2009,Aug,MomPop
363.0,2.06637276574,NW,ROJ,2010,Sep,MomPop
372.518134094,2.06637276574,NW,ROJ,2010,Oct,MomPop
456.35515349,2.06637276574,NW,ROJ,2010,Nov,MomPop
385.840968367,2.06637276574,NW,ROJ,2010,Dec,MomPop
418.832473896,2.06637276574,NW,ROJ,2010,Jan,MomPop
480.523560935,2.06637276574,NW,ROJ,2010,Feb,MomPop
387.25957613,2.06637276574,NW,ROJ,2010,Mar,MomPop
482.823353948,2.06637276574,NW,ROJ,2010,Apr,MomPop
461.698127289,2.06637276574,NW,ROJ,2010,May,MomPop
443.380754984,2.06637276574,NW,ROJ,2010,Jun,MomPop
394.392058022,2.06637276574,NW,ROJ,2010,Jul,MomPop
515.385855991,2.06637276574,NW,ROJ,2010,Aug,MomPop
435.844777679,1.83666084155,NW,ROJ,2011,Sep,MomPop
432.3027174,1.83666084155,NW,ROJ,2011,Oct,MomPop
492.366144574,1.83666084155,NW,ROJ,2011,Nov,MomPop
310.554071824,1.83666084155,NW,ROJ,2011,Dec,MomPop
56.2638840581,1.83666084155,NW,ROJ,2011,Jan,MomPop
79.2728781949,1.83666084155,NW,ROJ,2011,Feb,MomPop
63.5864346125,1.83666084155,NW,ROJ,2011,Mar,MomPop
63.2236905094,1.83666084155,NW,ROJ,2011,Apr,MomPop
67.9861904579,1.83666084155,NW,ROJ,2011,May,MomPop
73.8999484595,1.83666084155,NW,ROJ,2011,Jun,MomPop
65.3620230516,1.83666084155,NW,ROJ,2011,Jul,MomPop
61.3047029039,1.83666084155,NW,ROJ,2011,Aug,MomPop
103.301073875,2.53090534538,NW,ROJ,2012,Sep,MomPop
125.780479712,3.51190946526,NW,ROJ,2012,Oct,MomPop
555.821796468,1.08810857749,NW,ROJ,2012,Nov,MomPop
138.506731102,1.72722627736,NW,ROJ,2012,Dec,MomPop
175.619649562,2.00248557486,NW,ROJ,2012,Jan,MomPop
292.206904268,1.80507795297,NW,ROJ,2012,Feb,MomPop
89.2892607644,2.61103092399,NW,ROJ,2012,Mar,MomPop
180.672829839,1.74118863419,NW,ROJ,2012,Apr,MomPop
124.226726923,3.0553377682,NW,ROJ,2012,May,MomPop
113.169711326,3.53015353975,NW,ROJ,2012,Jun,MomPop
238.319774298,2.0047518567,NW,ROJ,2012,Jul,MomPop
139.942166005,2.46240838077,NW,ROJ,2012,Aug,MomPop
189.400147464,2.73266863947,NW,ROJ,2013,Sep,MomPop
231.497570455,2.73266863947,NW,ROJ,2013,Oct,MomPop
252.173416041,2.73266863947,NW,ROJ,2013,Nov,MomPop
210.148430395,2.73266863947,NW,ROJ,2013,Dec,MomPop
224.674955788,2.73266863947,NW,ROJ,2013,Jan,MomPop
202.233646525,2.73266863947,NW,ROJ,2013,Feb,MomPop
198.254938935,2.73266863947,NW,ROJ,2013,Mar,MomPop
253.372232105,2.73266863947,NW,ROJ,2013,Apr,MomPop
280.209510623,2.73266863947,NW,ROJ,2013,May,MomPop
203.53825501,2.73266863947,NW,ROJ,2013,Jun,MomPop
269.894822975,2.73266863947,NW,ROJ,2013,Jul,MomPop
263.993437912,2.73266863947,NW,ROJ,2013,Aug,MomPop
136.0,3.27920236736,NW,ROJ,2014,Sep,MomPop
143.0,3.27920236736,NW,ROJ,2014,Oct,MomPop
125.0,3.27920236736,NW,ROJ,2014,Nov,MomPop
150.0,3.27920236736,NW,ROJ,2014,Dec,MomPop
138.0,3.27920236736,NW,ROJ,2014,Jan,MomPop
160.0,3.27920236736,NW,ROJ,2014,Feb,MomPop
141.0,3.27920236736,NW,ROJ,2014,Mar,MomPop
133.0,3.27920236736,NW,ROJ,2014,Apr,MomPop
143.0,3.27920236736,NW,ROJ,2014,May,MomPop
138.0,3.27920236736,NW,ROJ,2014,Jun,MomPop
169.0,3.27920236736,NW,ROJ,2014,Jul,MomPop
175.0,3.27920236736,NW,ROJ,2014,Aug,MomPop
146.943506091,1.0,NW,ROJ,2015p1,Sep,NotGrapefruit
629.266084302,1.27272727273,NW,ROJ,2015p1,Oct,NotGrapefruit
548.324213121,1.54545454545,NW,ROJ,2015p1,Nov,NotGrapefruit
558.183956022,1.81818181818,NW,ROJ,2015p1,Dec,NotGrapefruit
401.015842923,2.09090909091,NW,ROJ,2015p1,Jan,NotGrapefruit
350.097564501,2.36363636364,NW,ROJ,2015p1,Feb,NotGrapefruit
269.958417422,2.63636363636,NW,ROJ,2015p1,Mar,NotGrapefruit
204.692294038,2.90909090909,NW,ROJ,2015p1,Apr,NotGrapefruit
186.854319663,3.18181818182,NW,ROJ,2015p1,May,NotGrapefruit
154.167154944,3.45454545455,NW,ROJ,2015p1,Jun,NotGrapefruit
132.440836825,3.72727272727,NW,ROJ,2015p1,Jul,NotGrapefruit
111.190199336,4.0,NW,ROJ,2015p1,Aug,NotGrapefruit
23.0,4.0,NW,ROJ,2015p2,Sep,NotGrapefruit
112.0,3.72727272727,NW,ROJ,2015p2,Oct,NotGrapefruit
106.0,3.45454545455,NW,ROJ,2015p2,Nov,NotGrapefruit
164.0,3.18181818182,NW,ROJ,2015p2,Dec,NotGrapefruit
195.0,2.90909090909,NW,ROJ,2015p2,Jan,NotGrapefruit
266.0,2.63636363636,NW,ROJ,2015p2,Feb,NotGrapefruit
331.0,2.36363636364,NW,ROJ,2015p2,Mar,NotGrapefruit
392.0,2.09090909091,NW,ROJ,2015p2,Apr,NotGrapefruit
586.0,1.81818181818,NW,ROJ,2015p2,May,NotGrapefruit
553.954461371,1.54545454545,NW,ROJ,2015p2,Jun,NotGrapefruit
114.42759619,1.27272727273,NW,ROJ,2015p2,Jul,NotGrapefruit
187.011393026,1.0,NW,ROJ,2015p2,Aug,NotGrapefruit
0.0,4.0,NW,ROJ,2015,Sep,NotGrapefruit
0.0,4.0,NW,ROJ,2015,Oct,NotGrapefruit
0.0,4.0,NW,ROJ,2015,Nov,NotGrapefruit
0.0,4.0,NW,ROJ,2015,Dec,NotGrapefruit
0.0,4.0,NW,ROJ,2015,Jan,NotGrapefruit
0.0,4.0,NW,ROJ,2015,Feb,NotGrapefruit
0.0,4.0,NW,ROJ,2015,Mar,NotGrapefruit
0.0,4.0,NW,ROJ,2015,Apr,NotGrapefruit
0.0,4.0,NW,ROJ,2015,May,NotGrapefruit
0.0,4.0,NW,ROJ,2015,Jun,NotGrapefruit
0.0,4.0,NW,ROJ,2015,Jul,NotGrapefruit
0.0,4.0,NW,ROJ,2015,Aug,NotGrapefruit
66.2347269271,3.9,NW,ROJ,2016,Sep,NotGrapefruit
104.0,3.9,NW,ROJ,2016,Oct,NotGrapefruit
106.0,3.9,NW,ROJ,2016,Nov,NotGrapefruit
97.0,3.9,NW,ROJ,2016,Dec,NotGrapefruit
109.0,3.9,NW,ROJ,2016,Jan,NotGrapefruit
120.0,3.9,NW,ROJ,2016,Feb,NotGrapefruit
104.0,3.9,NW,ROJ,2016,Mar,NotGrapefruit
112.0,3.9,NW,ROJ,2016,Apr,NotGrapefruit
124.0,3.9,NW,ROJ,2016,May,NotGrapefruit
127.0,3.9,NW,ROJ,2016,Jun,NotGrapefruit
138.0,3.9,NW,ROJ,2016,Jul,NotGrapefruit
121.0,3.9,NW,ROJ,2016,Aug,NotGrapefruit
103.0,3.9,NW,ROJ,2017,Sep,NotGrapefruit
112.0,3.9,NW,ROJ,2017,Oct,NotGrapefruit
117.0,3.9,NW,ROJ,2017,Nov,NotGrapefruit
84.0,3.9,NW,ROJ,2017,Dec,NotGrapefruit
95.0,3.9,NW,ROJ,2017,Jan,NotGrapefruit
104.0,3.9,NW,ROJ,2017,Feb,NotGrapefruit
128.0,3.9,NW,ROJ,2017,Mar,NotGrapefruit
112.0,3.9,NW,ROJ,2017,Apr,NotGrapefruit
111.0,3.9,NW,ROJ,2017,May,NotGrapefruit
128.0,3.9,NW,ROJ,2017,Jun,NotGrapefruit
134.0,3.9,NW,ROJ,2017,Jul,NotGrapefruit
124.0,3.9,NW,ROJ,2017,Aug,NotGrapefruit
108.0,4.0,NW,ROJ,2018,Sep,NotGrapefruit
72.8286860035,2.86,NW,ROJ,2018,Oct,NotGrapefruit
99.1404618347,2.86,NW,ROJ,2018,Nov,NotGrapefruit
97.1100635727,2.86,NW,ROJ,2018,Dec,NotGrapefruit
114.638163977,2.86,NW,ROJ,2018,Jan,NotGrapefruit
94.1702632667,2.86,NW,ROJ,2018,Feb,NotGrapefruit
106.952505432,2.86,NW,ROJ,2018,Mar,NotGrapefruit
113.485345396,2.86,NW,ROJ,2018,Apr,NotGrapefruit
112.542016266,2.86,NW,ROJ,2018,May,NotGrapefruit
95.5453752827,2.86,NW,ROJ,2018,Jun,NotGrapefruit
89.1993080144,2.86,NW,ROJ,2018,Jul,NotGrapefruit
102.112892465,2.86,NW,ROJ,2018,Aug,NotGrapefruit
0.0,3.18096692176,SW,ROJ,2005,Sep,MomPop
0.0,2.72844203237,SW,ROJ,2005,Oct,MomPop
0.0,2.57818661687,SW,ROJ,2005,Nov,MomPop
0.0,1.36746834539,SW,ROJ,2005,Dec,MomPop
0.0,3.44228908021,SW,ROJ,2005,Jan,MomPop
0.0,1.53271503731,SW,ROJ,2005,Feb,MomPop
0.0,1.87657581692,SW,ROJ,2005,Mar,MomPop
0.0,1.67044702609,SW,ROJ,2005,Apr,MomPop
0.0,1.9431954588,SW,ROJ,2005,May,MomPop
0.0,1.84250728757,SW,ROJ,2005,Jun,MomPop
0.0,2.00903550383,SW,ROJ,2005,Jul,MomPop
0.0,1.0075979319,SW,ROJ,2005,Aug,MomPop
378.0,2.62792964067,SW,ROJ,2006,Sep,MomPop
422.0,3.0187974507,SW,ROJ,2006,Oct,MomPop
364.0,3.18502493137,SW,ROJ,2006,Nov,MomPop
424.0,3.00065192497,SW,ROJ,2006,Dec,MomPop
1321.0,1.73946804971,SW,ROJ,2006,Jan,MomPop
299.0,3.46153811284,SW,ROJ,2006,Feb,MomPop
1411.0,1.5702559146,SW,ROJ,2006,Mar,MomPop
528.0,2.44913377568,SW,ROJ,2006,Apr,MomPop
2919.0,1.11570062801,SW,ROJ,2006,May,MomPop
719.0,2.40110845484,SW,ROJ,2006,Jun,MomPop
1039.0,2.00274049624,SW,ROJ,2006,Jul,MomPop
307.0,3.55862859717,SW,ROJ,2006,Aug,MomPop
479.0,2.93504426998,SW,ROJ,2007,Sep,MomPop
1657.87441584,1.44335177736,SW,ROJ,2007,Oct,MomPop
370.543243078,2.90893307997,SW,ROJ,2007,Nov,MomPop
545.414659072,2.72005142903,SW,ROJ,2007,Dec,MomPop
374.154311925,2.98812754374,SW,ROJ,2007,Jan,MomPop
969.362211487,1.98040098856,SW,ROJ,2007,Feb,MomPop
1227.72384722,1.83474709123,SW,ROJ,2007,Mar,MomPop
420.658711311,2.89089256609,SW,ROJ,2007,Apr,MomPop
1253.33931391,1.74584601695,SW,ROJ,2007,May,MomPop
332.743505266,3.11643031809,SW,ROJ,2007,Jun,MomPop
2316.27191372,1.26907583007,SW,ROJ,2007,Jul,MomPop
2510.74597206,1.24624413777,SW,ROJ,2007,Aug,MomPop
1073.24048845,1.9,SW,ROJ,2008,Sep,MomPop
844.37270742,2.09,SW,ROJ,2008,Oct,MomPop
817.978657635,2.09,SW,ROJ,2008,Nov,MomPop
867.106332574,2.09,SW,ROJ,2008,Dec,MomPop
766.491266384,2.09,SW,ROJ,2008,Jan,MomPop
1016.83002541,2.09,SW,ROJ,2008,Feb,MomPop
978.384915982,2.09,SW,ROJ,2008,Mar,MomPop
941.25214629,2.09,SW,ROJ,2008,Apr,MomPop
727.019744286,2.09,SW,ROJ,2008,May,MomPop
884.182968982,2.09,SW,ROJ,2008,Jun,MomPop
832.39037128,2.09,SW,ROJ,2008,Jul,MomPop
854.385842565,2.09,SW,ROJ,2008,Aug,MomPop
787.629889018,1.8,SW,ROJ,2009,Sep,MomPop
1245.0,1.8,SW,ROJ,2009,Oct,MomPop
620.0,2.09,SW,ROJ,2009,Nov,MomPop
914.0,2.09,SW,ROJ,2009,Dec,MomPop
909.0,2.09,SW,ROJ,2009,Jan,MomPop
728.0,2.09,SW,ROJ,2009,Feb,MomPop
785.0,2.09,SW,ROJ,2009,Mar,MomPop
939.0,2.09,SW,ROJ,2009,Apr,MomPop
907.0,2.09,SW,ROJ,2009,May,MomPop
821.0,2.09,SW,ROJ,2009,Jun,MomPop
917.0,2.09,SW,ROJ,2009,Jul,MomPop
819.0,2.09,SW,ROJ,2009,Aug,MomPop
598.0,2.45559397869,SW,ROJ,2010,Sep,MomPop
657.319635057,2.45559397869,SW,ROJ,2010,Oct,MomPop
639.870376844,2.45559397869,SW,ROJ,2010,Nov,MomPop
714.137037516,2.45559397869,SW,ROJ,2010,Dec,MomPop
560.973978766,2.45559397869,SW,ROJ,2010,Jan,MomPop
670.265360032,2.45559397869,SW,ROJ,2010,Feb,MomPop
598.958968559,2.45559397869,SW,ROJ,2010,Mar,MomPop
730.581516035,2.45559397869,SW,ROJ,2010,Apr,MomPop
602.244079677,2.45559397869,SW,ROJ,2010,May,MomPop
664.697428697,2.45559397869,SW,ROJ,2010,Jun,MomPop
673.962470198,2.45559397869,SW,ROJ,2010,Jul,MomPop
613.366581427,2.45559397869,SW,ROJ,2010,Aug,MomPop
752.073004712,2.24167043407,SW,ROJ,2011,Sep,MomPop
805.534817128,2.24167043407,SW,ROJ,2011,Oct,MomPop
783.450994341,2.24167043407,SW,ROJ,2011,Nov,MomPop
473.650542851,2.24167043407,SW,ROJ,2011,Dec,MomPop
104.853622914,2.24167043407,SW,ROJ,2011,Jan,MomPop
91.9026352963,2.24167043407,SW,ROJ,2011,Feb,MomPop
106.998358006,2.24167043407,SW,ROJ,2011,Mar,MomPop
98.2095063717,2.24167043407,SW,ROJ,2011,Apr,MomPop
98.032397665,2.24167043407,SW,ROJ,2011,May,MomPop
95.7070899629,2.24167043407,SW,ROJ,2011,Jun,MomPop
103.197657027,2.24167043407,SW,ROJ,2011,Jul,MomPop
94.1234991356,2.24167043407,SW,ROJ,2011,Aug,MomPop
190.815458676,2.8045649168,SW,ROJ,2012,Sep,MomPop
470.4064744,2.57025352205,SW,ROJ,2012,Oct,MomPop
644.313843115,1.61930004599,SW,ROJ,2012,Nov,MomPop
429.107309528,1.3047852019,SW,ROJ,2012,Dec,MomPop
277.123255645,2.14171588686,SW,ROJ,2012,Jan,MomPop
402.226292113,2.28850704951,SW,ROJ,2012,Feb,MomPop
183.26724583,2.79124442658,SW,ROJ,2012,Mar,MomPop
638.862400937,1.49461915629,SW,ROJ,2012,Apr,MomPop
726.61134515,1.82834262669,SW,ROJ,2012,May,MomPop
600.64670114,2.16553256133,SW,ROJ,2012,Jun,MomPop
458.180508998,2.32232558853,SW,ROJ,2012,Jul,MomPop
570.167127138,1.59386791077,SW,ROJ,2012,Aug,MomPop
517.515704685,2.1875,SW,ROJ,2013,Sep,MomPop
843.926944362,2.1875,SW,ROJ,2013,Oct,MomPop
737.631394661,2.1875,SW,ROJ,2013,Nov,MomPop
883.771203193,2.1875,SW,ROJ,2013,Dec,MomPop
785.422917816,2.1875,SW,ROJ,2013,Jan,MomPop
923.53973382,2.1875,SW,ROJ,2013,Feb,MomPop
746.632592147,2.1875,SW,ROJ,2013,Mar,MomPop
883.818468113,2.1875,SW,ROJ,2013,Apr,MomPop
723.599889167,2.1875,SW,ROJ,2013,May,MomPop
847.860284559,2.1875,SW,ROJ,2013,Jun,MomPop
881.582764184,2.1875,SW,ROJ,2013,Jul,MomPop
902.155052395,2.1875,SW,ROJ,2013,Aug,MomPop
509.0,2.625,SW,ROJ,2014,Sep,MomPop
470.0,2.625,SW,ROJ,2014,Oct,MomPop
472.0,2.625,SW,ROJ,2014,Nov,MomPop
442.0,2.625,SW,ROJ,2014,Dec,MomPop
484.0,2.625,SW,ROJ,2014,Jan,MomPop
436.0,2.625,SW,ROJ,2014,Feb,MomPop
588.0,2.625,SW,ROJ,2014,Mar,MomPop
414.0,2.625,SW,ROJ,2014,Apr,MomPop
610.0,2.625,SW,ROJ,2014,May,MomPop
569.0,2.625,SW,ROJ,2014,Jun,MomPop
539.0,2.625,SW,ROJ,2014,Jul,MomPop
631.0,2.625,SW,ROJ,2014,Aug,MomPop
396.740152338,1.0,SW,ROJ,2015p1,Sep,NotGrapefruit
1500.43919253,1.27272727273,SW,ROJ,2015p1,Oct,NotGrapefruit
1556.77261745,1.54545454545,SW,ROJ,2015p1,Nov,NotGrapefruit
1280.50130225,1.81818181818,SW,ROJ,2015p1,Dec,NotGrapefruit
901.649807809,2.09090909091,SW,ROJ,2015p1,Jan,NotGrapefruit
583.016048035,2.36363636364,SW,ROJ,2015p1,Feb,NotGrapefruit
548.949970787,2.63636363636,SW,ROJ,2015p1,Mar,NotGrapefruit
460.11790552,2.90909090909,SW,ROJ,2015p1,Apr,NotGrapefruit
332.433718735,3.18181818182,SW,ROJ,2015p1,May,NotGrapefruit
320.162315076,3.45454545455,SW,ROJ,2015p1,Jun,NotGrapefruit
217.607551561,3.72727272727,SW,ROJ,2015p1,Jul,NotGrapefruit
223.377809751,4.0,SW,ROJ,2015p1,Aug,NotGrapefruit
59.0,4.0,SW,ROJ,2015p2,Sep,NotGrapefruit
277.0,3.72727272727,SW,ROJ,2015p2,Oct,NotGrapefruit
291.0,3.45454545455,SW,ROJ,2015p2,Nov,NotGrapefruit
376.0,3.18181818182,SW,ROJ,2015p2,Dec,NotGrapefruit
431.0,2.90909090909,SW,ROJ,2015p2,Jan,NotGrapefruit
437.0,2.63636363636,SW,ROJ,2015p2,Feb,NotGrapefruit
671.0,2.36363636364,SW,ROJ,2015p2,Mar,NotGrapefruit
904.0,2.09090909091,SW,ROJ,2015p2,Apr,NotGrapefruit
1070.0,1.81818181818,SW,ROJ,2015p2,May,NotGrapefruit
1211.3688178,1.54545454545,SW,ROJ,2015p2,Jun,NotGrapefruit
190.357562914,1.27272727273,SW,ROJ,2015p2,Jul,NotGrapefruit
388.164749696,1.0,SW,ROJ,2015p2,Aug,NotGrapefruit
0.0,4.0,SW,ROJ,2015,Sep,NotGrapefruit
0.0,4.0,SW,ROJ,2015,Oct,NotGrapefruit
0.0,4.0,SW,ROJ,2015,Nov,NotGrapefruit
0.0,4.0,SW,ROJ,2015,Dec,NotGrapefruit
0.0,4.0,SW,ROJ,2015,Jan,NotGrapefruit
0.0,4.0,SW,ROJ,2015,Feb,NotGrapefruit
0.0,4.0,SW,ROJ,2015,Mar,NotGrapefruit
0.0,4.0,SW,ROJ,2015,Apr,NotGrapefruit
0.0,4.0,SW,ROJ,2015,May,NotGrapefruit
0.0,4.0,SW,ROJ,2015,Jun,NotGrapefruit
0.0,4.0,SW,ROJ,2015,Jul,NotGrapefruit
0.0,4.0,SW,ROJ,2015,Aug,NotGrapefruit
176.901979671,3.9,SW,ROJ,2016,Sep,NotGrapefruit
202.721312529,3.9,SW,ROJ,2016,Oct,NotGrapefruit
231.168220296,3.9,SW,ROJ,2016,Nov,NotGrapefruit
228.700966097,3.9,SW,ROJ,2016,Dec,NotGrapefruit
267.914093228,3.9,SW,ROJ,2016,Jan,NotGrapefruit
225.594972917,3.9,SW,ROJ,2016,Feb,NotGrapefruit
233.857109383,3.9,SW,ROJ,2016,Mar,NotGrapefruit
221.30901538,3.9,SW,ROJ,2016,Apr,NotGrapefruit
227.947660401,3.9,SW,ROJ,2016,May,NotGrapefruit
206.509388461,3.9,SW,ROJ,2016,Jun,NotGrapefruit
214.40385995,3.9,SW,ROJ,2016,Jul,NotGrapefruit
223.819117735,3.9,SW,ROJ,2016,Aug,NotGrapefruit
257.886496195,3.9,SW,ROJ,2017,Sep,NotGrapefruit
255.699908213,3.9,SW,ROJ,2017,Oct,NotGrapefruit
246.652950448,3.9,SW,ROJ,2017,Nov,NotGrapefruit
206.007367799,3.9,SW,ROJ,2017,Dec,NotGrapefruit
201.906711998,3.9,SW,ROJ,2017,Jan,NotGrapefruit
197.718882157,3.9,SW,ROJ,2017,Feb,NotGrapefruit
212.930905441,3.9,SW,ROJ,2017,Mar,NotGrapefruit
253.379967546,3.9,SW,ROJ,2017,Apr,NotGrapefruit
216.718392994,3.9,SW,ROJ,2017,May,NotGrapefruit
190.847599314,3.9,SW,ROJ,2017,Jun,NotGrapefruit
227.943207239,3.9,SW,ROJ,2017,Jul,NotGrapefruit
186.147185211,3.9,SW,ROJ,2017,Aug,NotGrapefruit
240.083557845,3.6,SW,ROJ,2018,Sep,NotGrapefruit
143.111049021,2.86,SW,ROJ,2018,Oct,NotGrapefruit
209.051338173,2.86,SW,ROJ,2018,Nov,NotGrapefruit
200.052777139,2.86,SW,ROJ,2018,Dec,NotGrapefruit
204.243390261,2.86,SW,ROJ,2018,Jan,NotGrapefruit
219.895247033,2.86,SW,ROJ,2018,Feb,NotGrapefruit
208.822885515,2.86,SW,ROJ,2018,Mar,NotGrapefruit
201.176277335,2.86,SW,ROJ,2018,Apr,NotGrapefruit
200.222643142,2.86,SW,ROJ,2018,May,NotGrapefruit
212.184191966,2.86,SW,ROJ,2018,Jun,NotGrapefruit
224.950637161,2.86,SW,ROJ,2018,Jul,NotGrapefruit
216.898628254,2.86,SW,ROJ,2018,Aug,NotGrapefruit
