demand_pipeline/sales.csv
Sales,Price,Region,Product,Year,Month,Source
0.0,3.37602949825,NE,FCOJ,2005,Sep,MomPop
0.0,3.42538469682,NE,FCOJ,2005,Oct,MomPop
0.0,2.60341168193,NE,FCOJ,2005,Nov,MomPop
0.0,1.43481217008,NE,FCOJ,2005,Dec,MomPop
0.0,3.22749560053,NE,FCOJ,2005,Jan,MomPop
0.0,2.04239659957,NE,FCOJ,2005,Feb,MomPop
0.0,2.90356865506,NE,FCOJ,2005,Mar,MomPop
0.0,2.57032372926,NE,FCOJ,2005,Apr,MomPop
0.0,1.36869915171,NE,FCOJ,2005,May,MomPop
0.0,3.25784476913,NE,FCOJ,2005,Jun,MomPop
0.0,1.44452280579,NE,FCOJ,2005,Jul,MomPop
0.0,2.38134786827,NE,FCOJ,2005,Aug,MomPop
930.0,2.06683008582,NE,FCOJ,2006,Sep,MomPop
699.0,2.27231121593,NE,FCOJ,2006,Oct,MomPop
2644.0,1.2396588842,NE,FCOJ,2006,Nov,MomPop
480.0,2.79996981999,NE,FCOJ,2006,Dec,MomPop
292.0,3.42248297128,NE,FCOJ,2006,Jan,MomPop
377.0,2.97226176038,NE,FCOJ,2006,Feb,MomPop
499.0,2.65924314164,NE,FCOJ,2006,Mar,MomPop
1821.0,1.68401429579,NE,FCOJ,2006,Apr,MomPop
2384.0,1.53932819998,NE,FCOJ,2006,May,MomPop
335.0,3.40548829236,NE,FCOJ,2006,Jun,MomPop
769.0,2.45267651802,NE,FCOJ,2006,Jul,MomPop
1009.0,2.25442000476,NE,FCOJ,2006,Aug,MomPop
302.0,3.27898082295,NE,FCOJ,2007,Sep,MomPop
279.0,3.12081160134,NE,FCOJ,2007,Oct,MomPop
3669.0,1.09207006985,NE,FCOJ,2007,Nov,MomPop
364.0,3.00597439504,NE,FCOJ,2007,Dec,MomPop
317.0,3.34112146544,NE,FCOJ,2007,Jan,MomPop
289.0,3.26389378054,NE,FCOJ,2007,Feb,MomPop
1229.0,1.94779567295,NE,FCOJ,2007,Mar,MomPop
1032.57364164,1.9781520545,NE,FCOJ,2007,Apr,MomPop
1398.0,1.84538129671,NE,FCOJ,2007,May,MomPop
3008.0,1.31236646153,NE,FCOJ,2007,Jun,MomPop
504.799333586,2.5510834716,NE,FCOJ,2007,Jul,MomPop
1161.73346973,1.96249620246,NE,FCOJ,2007,Aug,MomPop
1224.82565493,1.81725198036,NE,FCOJ,2008,Sep,MomPop
1070.0,1.81725198036,NE,FCOJ,2008,Oct,MomPop
1465.0,1.81725198036,NE,FCOJ,2008,Nov,MomPop
1129.0,1.81725198036,NE,FCOJ,2008,Dec,MomPop
1279.0,1.81725198036,NE,FCOJ,2008,Jan,MomPop
1344.0,1.81725198036,NE,FCOJ,2008,Feb,MomPop
1317.0,1.81725198036,NE,FCOJ,2008,Mar,MomPop
1557.0,1.81725198036,NE,FCOJ,2008,Apr,MomPop
1222.0,1.81725198036,NE,FCOJ,2008,May,MomPop
1533.0,1.81725198036,NE,FCOJ,2008,Jun,MomPop
1060.0,1.81725198036,NE,FCOJ,2008,Jul,MomPop
1359.0,1.81725198036,NE,FCOJ,2008,Aug,MomPop
917.397320863,1.81725198036,NE,FCOJ,2009,Sep,MomPop
598.722167594,1.81725198036,NE,FCOJ,2009,Oct,MomPop
564.804666651,1.81725198036,NE,FCOJ,2009,Nov,MomPop
541.268170845,1.81725198036,NE,FCOJ,2009,Dec,MomPop
722.906735411,1.81725198036,NE,FCOJ,2009,Jan,MomPop
732.506494251,1.81725198036,NE,FCOJ,2009,Feb,MomPop
552.42671056,1.81725198036,NE,FCOJ,2009,Mar,MomPop
683.480743469,1.81725198036,NE,FCOJ,2009,Apr,MomPop
629.754465889,1.81725198036,NE,FCOJ,2009,May,MomPop
705.404455435,1.81725198036,NE,FCOJ,2009,Jun,MomPop
659.660741067,1.81725198036,NE,FCOJ,2009,Jul,MomPop
652.291750519,1.81725198036,NE,FCOJ,2009,Aug,MomPop
1162.86075473,1.805,NE,FCOJ,2010,Sep,MomPop
1268.0,1.805,NE,FCOJ,2010,Oct,MomPop
1223.0,1.805,NE,FCOJ,2010,Nov,MomPop
1275.0,1.805,NE,FCOJ,2010,Dec,MomPop
1178.0,1.805,NE,FCOJ,2010,Jan,MomPop
1254.0,1.805,NE,FCOJ,2010,Feb,MomPop
1455.0,1.805,NE,FCOJ,2010,Mar,MomPop
1429.0,1.805,NE,FCOJ,2010,Apr,MomPop
1237.0,1.805,NE,FCOJ,2010,May,MomPop
1279.0,1.805,NE,FCOJ,2010,Jun,MomPop
1450.0,1.805,NE,FCOJ,2010,Jul,MomPop
1232.0,1.805,NE,FCOJ,2010,Aug,MomPop
250.0,3.03870948555,NE,FCOJ,2011,Sep,MomPop
365.0,3.03870948555,NE,FCOJ,2011,Oct,MomPop
358.0,3.03870948555,NE,FCOJ,2011,Nov,MomPop
346.0,3.03870948555,NE,FCOJ,2011,Dec,MomPop
383.0,3.03870948555,NE,FCOJ,2011,Jan,MomPop
324.0,3.03870948555,NE,FCOJ,2011,Feb,MomPop
393.0,3.03870948555,NE,FCOJ,2011,Mar,MomPop
387.0,3.03870948555,NE,FCOJ,2011,Apr,MomPop
456.0,3.03870948555,NE,FCOJ,2011,May,MomPop
353.0,3.03870948555,NE,FCOJ,2011,Jun,MomPop
480.0,3.03870948555,NE,FCOJ,2011,Jul,MomPop
444.0,3.03870948555,NE,FCOJ,2011,Aug,MomPop
419.0,2.92538761955,NE,FCOJ,2012,Sep,MomPop
1718.0,1.55031556015,NE,FCOJ,2012,Oct,MomPop
722.0,2.19864852734,NE,FCOJ,2012,Nov,MomPop
2969.0,1.2335345108,NE,FCOJ,2012,Dec,MomPop
4301.5243515,1.11739944866,NE,FCOJ,2012,Jan,MomPop
927.0,2.06321514955,NE,FCOJ,2012,Feb,MomPop
902.0,2.10747872088,NE,FCOJ,2012,Mar,MomPop
531.0,2.73708492181,NE,FCOJ,2012,Apr,MomPop
730.0,2.51733606695,NE,FCOJ,2012,May,MomPop
530.0,2.75606481517,NE,FCOJ,2012,Jun,MomPop
1886.0,1.68705143358,NE,FCOJ,2012,Jul,MomPop
477.0,2.87256847288,NE,FCOJ,2012,Aug,MomPop
862.0,2.02156497545,NE,FCOJ,2013,Sep,MomPop
916.0,2.02156497545,NE,FCOJ,2013,Oct,MomPop
924.0,2.02156497545,NE,FCOJ,2013,Nov,MomPop
817.0,2.02156497545,NE,FCOJ,2013,Dec,MomPop
1016.0,2.02156497545,NE,FCOJ,2013,Jan,MomPop
1135.0,2.02156497545,NE,FCOJ,2013,Feb,MomPop
1000.0,2.02156497545,NE,FCOJ,2013,Mar,MomPop
903.0,2.02156497545,NE,FCOJ,2013,Apr,MomPop
1100.0,2.02156497545,NE,FCOJ,2013,May,MomPop
961.0,2.02156497545,NE,FCOJ,2013,Jun,MomPop
1029.0,2.02156497545,NE,FCOJ,2013,Jul,MomPop
946.0,2.02156497545,NE,FCOJ,2013,Aug,MomPop
549.0,2.42587797054,NE,FCOJ,2014,Sep,MomPop
615.426349848,2.42587797054,NE,FCOJ,2014,Oct,MomPop
532.259479111,2.42587797054,NE,FCOJ,2014,Nov,MomPop
639.417198343,2.42587797054,NE,FCOJ,2014,Dec,MomPop
597.021444303,2.42587797054,NE,FCOJ,2014,Jan,MomPop
641.929550227,2.42587797054,NE,FCOJ,2014,Feb,MomPop
636.934040966,2.42587797054,NE,FCOJ,2014,Mar,MomPop
599.216013037,2.42587797054,NE,FCOJ,2014,Apr,MomPop
554.579407168,2.42587797054,NE,FCOJ,2014,May,MomPop
595.942801561,2.42587797054,NE,FCOJ,2014,Jun,MomPop
598.954942505,2.42587797054,NE,FCOJ,2014,Jul,MomPop
692.736818308,2.42587797054,NE,FCOJ,2014,Aug,MomPop
0.0,1.0,NE,FCOJ,2015p1,Sep,NotGrapefruit
0.0,1.27272727273,NE,FCOJ,2015p1,Oct,NotGrapefruit
0.0,1.54545454545,NE,FCOJ,2015p1,Nov,NotGrapefruit
0.0,1.81818181818,NE,FCOJ,2015p1,Dec,NotGrapefruit
0.0,2.09090909091,NE,FCOJ,2015p1,Jan,NotGrapefruit
0.0,2.36363636364,NE,FCOJ,2015p1,Feb,NotGrapefruit
0.0,2.63636363636,NE,FCOJ,2015p1,Mar,NotGrapefruit
0.0,2.90909090909,NE,FCOJ,2015p1,Apr,NotGrapefruit
0.0,3.18181818182,NE,FCOJ,2015p1,May,NotGrapefruit
0.0,3.45454545455,NE,FCOJ,2015p1,Jun,NotGrapefruit
0.0,3.72727272727,NE,FCOJ,2015p1,Jul,NotGrapefruit
0.0,4.0,NE,FCOJ,2015p1,Aug,NotGrapefruit
112.0,4.0,NE,FCOJ,2015p2,Sep,NotGrapefruit
237.0,3.72727272727,NE,FCOJ,2015p2,Oct,NotGrapefruit
308.0,3.45454545455,NE,FCOJ,2015p2,Nov,NotGrapefruit
362.0,3.18181818182,NE,FCOJ,2015p2,Dec,NotGrapefruit
428.0,2.90909090909,NE,FCOJ,2015p2,Jan,NotGrapefruit
529.0,2.63636363636,NE,FCOJ,2015p2,Feb,NotGrapefruit
637.0,2.36363636364,NE,FCOJ,2015p2,Mar,NotGrapefruit
1010.0,2.09090909091,NE,FCOJ,2015p2,Apr,NotGrapefruit
962.756743746,1.81818181818,NE,FCOJ,2015p2,May,NotGrapefruit
815.322177703,1.54545454545,NE,FCOJ,2015p2,Jun,NotGrapefruit
899.34283051,1.27272727273,NE,FCOJ,2015p2,Jul,NotGrapefruit
618.675953187,1.0,NE,FCOJ,2015p2,Aug,NotGrapefruit
0.0,4.0,NE,FCOJ,2015,Sep,NotGrapefruit
0.0,4.0,NE,FCOJ,2015,Oct,NotGrapefruit
0.0,4.0,NE,FCOJ,2015,Nov,NotGrapefruit
0.0,4.0,NE,FCOJ,2015,Dec,NotGrapefruit
0.0,4.0,NE,FCOJ,2015,Jan,NotGrapefruit
0.0,4.0,NE,FCOJ,2015,Feb,NotGrapefruit
0.0,4.0,NE,FCOJ,2015,Mar,NotGrapefruit
0.0,4.0,NE,FCOJ,2015,Apr,NotGrapefruit
0.0,4.0,NE,FCOJ,2015,May,NotGrapefruit
0.0,4.0,NE,FCOJ,2015,Jun,NotGrapefruit
0.0,4.0,NE,FCOJ,2015,Jul,NotGrapefruit
0.0,4.0,NE,FCOJ,2015,Aug,NotGrapefruit
1388.6112366,1.6,NE,FCOJ,2016,Sep,NotGrapefruit
1318.40718115,1.6,NE,FCOJ,2016,Oct,NotGrapefruit
1584.98767067,1.6,NE,FCOJ,2016,Nov,NotGrapefruit
1410.93512977,1.6,NE,FCOJ,2016,Dec,NotGrapefruit
1440.71698746,1.6,NE,FCOJ,2016,Jan,NotGrapefruit
1737.06998402,1.6,NE,FCOJ,2016,Feb,NotGrapefruit
1244.17138705,1.6,NE,FCOJ,2016,Mar,NotGrapefruit
1430.79896297,1.6,NE,FCOJ,2016,Apr,NotGrapefruit
1591.95872505,1.6,NE,FCOJ,2016,May,NotGrapefruit
1773.0,1.6,NE,FCOJ,2016,Jun,NotGrapefruit
1893.62386804,1.6,NE,FCOJ,2016,Jul,NotGrapefruit
1634.72335146,1.6,NE,FCOJ,2016,Aug,NotGrapefruit
1400.68154094,1.65,NE,FCOJ,2017,Sep,NotGrapefruit
1454.92721752,1.65,NE,FCOJ,2017,Oct,NotGrapefruit
1326.69484238,1.65,NE,FCOJ,2017,Nov,NotGrapefruit
1469.37049965,1.65,NE,FCOJ,2017,Dec,NotGrapefruit
1493.84579557,1.65,NE,FCOJ,2017,Jan,NotGrapefruit
1513.50100231,1.65,NE,FCOJ,2017,Feb,NotGrapefruit
1672.35803505,1.65,NE,FCOJ,2017,Mar,NotGrapefruit
1458.35593295,1.65,NE,FCOJ,2017,Apr,NotGrapefruit
1567.75723438,1.65,NE,FCOJ,2017,May,NotGrapefruit
1610.63940357,1.65,NE,FCOJ,2017,Jun,NotGrapefruit
1702.3317108,1.65,NE,FCOJ,2017,Jul,NotGrapefruit
1783.03701165,1.65,NE,FCOJ,2017,Aug,NotGrapefruit
140.440649312,2.8,NE,FCOJ,2018,Sep,NotGrapefruit
2059.95753331,1.34,NE,FCOJ,2018,Oct,NotGrapefruit
2376.47979554,1.34,NE,FCOJ,2018,Nov,NotGrapefruit
2161.93718524,1.34,NE,FCOJ,2018,Dec,NotGrapefruit
2378.02993809,1.34,NE,FCOJ,2018,Jan,NotGrapefruit
2370.6969226,1.34,NE,FCOJ,2018,Feb,NotGrapefruit
2263.06300714,1.34,NE,FCOJ,2018,Mar,NotGrapefruit
2333.84108213,1.34,NE,FCOJ,2018,Apr,NotGrapefruit
2146.44612589,1.34,NE,FCOJ,2018,May,NotGrapefruit
2391.3055027,1.34,NE,FCOJ,2018,Jun,NotGrapefruit
2273.08626946,1.34,NE,FCOJ,2018,Jul,NotGrapefruit
2500.66026737,1.34,NE,FCOJ,2018,Aug,NotGrapefruit
0.0,3.11873543151,MA,FCOJ,2005,Sep,MomPop
0.0,1.54644342176,MA,FCOJ,2005,Oct,MomPop
0.0,3.01153901102,MA,FCOJ,2005,Nov,MomPop
0.0,3.14882759509,MA,FCOJ,2005,Dec,MomPop
0.0,1.93235898853,MA,FCOJ,2005,Jan,MomPop
0.0,1.32728648925,MA,FCOJ,2005,Feb,MomPop
0.0,3.29753438198,MA,FCOJ,2005,Mar,MomPop
0.0,1.87553278195,MA,FCOJ,2005,Apr,MomPop
0.0,3.33773777655,MA,FCOJ,2005,May,MomPop
0.0,1.54775450317,MA,FCOJ,2005,Jun,MomPop
0.0,1.4378090341,MA,FCOJ,2005,Jul,MomPop
0.0,1.52638712903,MA,FCOJ,2005,Aug,MomPop
307.0,3.05788863742,MA,FCOJ,2006,Sep,MomPop
353.0,2.96893308868,MA,FCOJ,2006,Oct,MomPop
644.0,2.41055381553,MA,FCOJ,2006,Nov,MomPop
1583.0,1.67892271303,MA,FCOJ,2006,Dec,MomPop
312.0,3.15936569238,MA,FCOJ,2006,Jan,MomPop
306.0,3.22250713043,MA,FCOJ,2006,Feb,MomPop
2432.0,1.26270396829,MA,FCOJ,2006,Mar,MomPop
657.0,2.42355150741,MA,FCOJ,2006,Apr,MomPop
568.0,2.45790520595,MA,FCOJ,2006,May,MomPop
680.0,2.49785089753,MA,FCOJ,2006,Jun,MomPop
797.0,2.24113687142,MA,FCOJ,2006,Jul,MomPop
2852.0,1.25555418874,MA,FCOJ,2006,Aug,MomPop
4678.0,1.04412546814,MA,FCOJ,2007,Sep,MomPop
783.0,2.19197769975,MA,FCOJ,2007,Oct,MomPop
1780.0,1.40135717298,MA,FCOJ,2007,Nov,MomPop
674.0,2.09095548726,MA,FCOJ,2007,Dec,MomPop
876.0,2.15591492962,MA,FCOJ,2007,Jan,MomPop
326.0,3.14381260102,MA,FCOJ,2007,Feb,MomPop
312.792999229,3.27671920203,MA,FCOJ,2007,Mar,MomPop
500.882629937,2.78200689749,MA,FCOJ,2007,Apr,MomPop
498.0,2.6028958457,MA,FCOJ,2007,May,MomPop
461.0,2.7677397688,MA,FCOJ,2007,Jun,MomPop
3536.0,1.14931907398,MA,FCOJ,2007,Jul,MomPop
1032.28640922,1.98641073254,MA,FCOJ,2007,Aug,MomPop
859.181491119,1.9627019,MA,FCOJ,2008,Sep,MomPop
931.0,1.9627019,MA,FCOJ,2008,Oct,MomPop
995.0,1.9627019,MA,FCOJ,2008,Nov,MomPop
1116.0,1.9627019,MA,FCOJ,2008,Dec,MomPop
1108.0,1.9627019,MA,FCOJ,2008,Jan,MomPop
847.0,1.9627019,MA,FCOJ,2008,Feb,MomPop
915.0,1.9627019,MA,FCOJ,2008,Mar,MomPop
1159.0,1.9627019,MA,FCOJ,2008,Apr,MomPop
1003.0,1.9627019,MA,FCOJ,2008,May,MomPop
1229.0,1.9627019,MA,FCOJ,2008,Jun,MomPop
1380.0,1.9627019,MA,FCOJ,2008,Jul,MomPop
1262.0,1.9627019,MA,FCOJ,2008,Aug,MomPop
950.772738259,1.9627019,MA,FCOJ,2009,Sep,MomPop
500.100229175,1.9627019,MA,FCOJ,2009,Oct,MomPop
491.591789203,1.9627019,MA,FCOJ,2009,Nov,MomPop
559.596330968,1.9627019,MA,FCOJ,2009,Dec,MomPop
504.591349653,1.9627019,MA,FCOJ,2009,Jan,MomPop
518.030973373,1.9627019,MA,FCOJ,2009,Feb,MomPop
589.171760393,1.9627019,MA,FCOJ,2009,Mar,MomPop
572.660818324,1.9627019,MA,FCOJ,2009,Apr,MomPop
561.521473503,1.9627019,MA,FCOJ,2009,May,MomPop
503.131326826,1.9627019,MA,FCOJ,2009,Jun,MomPop
538.985311716,1.9627019,MA,FCOJ,2009,Jul,MomPop
515.843005954,1.9627019,MA,FCOJ,2009,Aug,MomPop
946.700373542,1.805,MA,FCOJ,2010,Sep,MomPop
1260.0,1.805,MA,FCOJ,2010,Oct,MomPop
1432.0,1.805,MA,FCOJ,2010,Nov,MomPop
1261.0,1.805,MA,FCOJ,2010,Dec,MomPop
1484.0,1.805,MA,FCOJ,2010,Jan,MomPop
1185.0,1.805,MA,FCOJ,2010,Feb,MomPop
1371.0,1.805,MA,FCOJ,2010,Mar,MomPop
1148.0,1.805,MA,FCOJ,2010,Apr,MomPop
1372.0,1.805,MA,FCOJ,2010,May,MomPop
1385.0,1.805,MA,FCOJ,2010,Jun,MomPop
1364.0,1.805,MA,FCOJ,2010,Jul,MomPop
1406.0,1.805,MA,FCOJ,2010,Aug,MomPop
450.0,2.75585989919,MA,FCOJ,2011,Sep,MomPop
528.0,2.75585989919,MA,FCOJ,2011,Oct,MomPop
471.0,2.75585989919,MA,FCOJ,2011,Nov,MomPop
427.0,2.75585989919,MA,FCOJ,2011,Dec,MomPop
452.0,2.75585989919,MA,FCOJ,2011,Jan,MomPop
474.0,2.75585989919,MA,FCOJ,2011,Feb,MomPop
514.0,2.75585989919,MA,FCOJ,2011,Mar,MomPop
459.0,2.75585989919,MA,FCOJ,2011,Apr,MomPop
561.0,2.75585989919,MA,FCOJ,2011,May,MomPop
451.0,2.75585989919,MA,FCOJ,2011,Jun,MomPop
660.0,2.75585989919,MA,FCOJ,2011,Jul,MomPop
528.0,2.75585989919,MA,FCOJ,2011,Aug,MomPop
230.0,3.47556587729,MA,FCOJ,2012,Sep,MomPop
390.0,2.82616772217,MA,FCOJ,2012,Oct,MomPop
3341.0,1.20178162726,MA,FCOJ,2012,Nov,MomPop
285.0,3.46197333647,MA,FCOJ,2012,Dec,MomPop
3324.84207292,1.13542903805,MA,FCOJ,2012,Jan,MomPop
2592.0,1.34122473857,MA,FCOJ,2012,Feb,MomPop
555.0,2.55742991856,MA,FCOJ,2012,Mar,MomPop
1186.0,1.96820127717,MA,FCOJ,2012,Apr,MomPop
3092.0,1.29161262833,MA,FCOJ,2012,May,MomPop
354.0,3.1942451615,MA,FCOJ,2012,Jun,MomPop
317.0,3.47236345206,MA,FCOJ,2012,Jul,MomPop
2771.0,1.34088124414,MA,FCOJ,2012,Aug,MomPop
627.0,2.203377375,MA,FCOJ,2013,Sep,MomPop
944.0,2.203377375,MA,FCOJ,2013,Oct,MomPop
847.0,2.203377375,MA,FCOJ,2013,Nov,MomPop
837.0,2.203377375,MA,FCOJ,2013,Dec,MomPop
855.0,2.203377375,MA,FCOJ,2013,Jan,MomPop
791.0,2.203377375,MA,FCOJ,2013,Feb,MomPop
919.0,2.203377375,MA,FCOJ,2013,Mar,MomPop
816.0,2.203377375,MA,FCOJ,2013,Apr,MomPop
727.0,2.203377375,MA,FCOJ,2013,May,MomPop
877.0,2.203377375,MA,FCOJ,2013,Jun,MomPop
897.0,2.203377375,MA,FCOJ,2013,Jul,MomPop
920.0,2.203377375,MA,FCOJ,2013,Aug,MomPop
406.0,2.64405285,MA,FCOJ,2014,Sep,MomPop
597.562611958,2.64405285,MA,FCOJ,2014,Oct,MomPop
530.771604861,2.64405285,MA,FCOJ,2014,Nov,MomPop
535.1626417,2.64405285,MA,FCOJ,2014,Dec,MomPop
500.40171169,2.64405285,MA,FCOJ,2014,Jan,MomPop
469.851346798,2.64405285,MA,FCOJ,2014,Feb,MomPop
525.597987278,2.64405285,MA,FCOJ,2014,Mar,MomPop
472.363441772,2.64405285,MA,FCOJ,2014,Apr,MomPop
590.823780043,2.64405285,MA,FCOJ,2014,May,MomPop
557.636146978,2.64405285,MA,FCOJ,2014,Jun,MomPop
535.024143599,2.64405285,MA,FCOJ,2014,Jul,MomPop
539.365367681,2.64405285,MA,FCOJ,2014,Aug,MomPop
0.0,1.0,MA,FCOJ,2015p1,Sep,NotGrapefruit
0.0,1.27272727273,MA,FCOJ,2015p1,Oct,NotGrapefruit
0.0,1.54545454545,MA,FCOJ,2015p1,Nov,NotGrapefruit
0.0,1.81818181818,MA,FCOJ,2015p1,Dec,NotGrapefruit
0.0,2.09090909091,MA,FCOJ,2015p1,Jan,NotGrapefruit
0.0,2.36363636364,MA,FCOJ,2015p1,Feb,NotGrapefruit
0.0,2.63636363636,MA,FCOJ,2015p1,Mar,NotGrapefruit
0.0,2.90909090909,MA,FCOJ,2015p1,Apr,NotGrapefruit
0.0,3.18181818182,MA,FCOJ,2015p1,May,NotGrapefruit
0.0,3.45454545455,MA,FCOJ,2015p1,Jun,NotGrapefruit
0.0,3.72727272727,MA,FCOJ,2015p1,Jul,NotGrapefruit
0.0,4.0,MA,FCOJ,2015p1,Aug,NotGrapefruit
96.0,4.0,MA,FCOJ,2015p2,Sep,NotGrapefruit
236.0,3.72727272727,MA,FCOJ,2015p2,Oct,NotGrapefruit
280.0,3.45454545455,MA,FCOJ,2015p2,Nov,NotGrapefruit
366.0,3.18181818182,MA,FCOJ,2015p2,Dec,NotGrapefruit
392.0,2.90909090909,MA,FCOJ,2015p2,Jan,NotGrapefruit
530.0,2.63636363636,MA,FCOJ,2015p2,Feb,NotGrapefruit
608.0,2.36363636364,MA,FCOJ,2015p2,Mar,NotGrapefruit
812.0,2.09090909091,MA,FCOJ,2015p2,Apr,NotGrapefruit
841.879066522,1.81818181818,MA,FCOJ,2015p2,May,NotGrapefruit
788.718857797,1.54545454545,MA,FCOJ,2015p2,Jun,NotGrapefruit
809.456435495,1.27272727273,MA,FCOJ,2015p2,Jul,NotGrapefruit
632.068496269,1.0,MA,FCOJ,2015p2,Aug,NotGrapefruit
0.0,4.0,MA,FCOJ,2015,Sep,NotGrapefruit
0.0,4.0,MA,FCOJ,2015,Oct,NotGrapefruit
0.0,4.0,MA,FCOJ,2015,Nov,NotGrapefruit
0.0,4.0,MA,FCOJ,2015,Dec,NotGrapefruit
0.0,4.0,MA,FCOJ,2015,Jan,NotGrapefruit
0.0,4.0,MA,FCOJ,2015,Feb,NotGrapefruit
0.0,4.0,MA,FCOJ,2015,Mar,NotGrapefruit
0.0,4.0,MA,FCOJ,2015,Apr,NotGrapefruit
0.0,4.0,MA,FCOJ,2015,May,NotGrapefruit
0.0,4.0,MA,FCOJ,2015,Jun,NotGrapefruit
0.0,4.0,MA,FCOJ,2015,Jul,NotGrapefruit
0.0,4.0,MA,FCOJ,2015,Aug,NotGrapefruit
1606.76864245,1.6,MA,FCOJ,2016,Sep,NotGrapefruit
1457.78523383,1.6,MA,FCOJ,2016,Oct,NotGrapefruit
1784.18323974,1.6,MA,FCOJ,2016,Nov,NotGrapefruit
1805.30359199,1.6,MA,FCOJ,2016,Dec,NotGrapefruit
1742.5365819,1.6,MA,FCOJ,2016,Jan,NotGrapefruit
1193.37159254,1.6,MA,FCOJ,2016,Feb,NotGrapefruit
1845.52310435,1.6,MA,FCOJ,2016,Mar,NotGrapefruit
1797.28691256,1.6,MA,FCOJ,2016,Apr,NotGrapefruit
1746.25661022,1.6,MA,FCOJ,2016,May,NotGrapefruit
1812.0,1.6,MA,FCOJ,2016,Jun,NotGrapefruit
1915.83138579,1.6,MA,FCOJ,2016,Jul,NotGrapefruit
1548.18761131,1.6,MA,FCOJ,2016,Aug,NotGrapefruit
1774.31041723,1.65,MA,FCOJ,2017,Sep,NotGrapefruit
1558.92670372,1.65,MA,FCOJ,2017,Oct,NotGrapefruit
1525.88641674,1.65,MA,FCOJ,2017,Nov,NotGrapefruit
1572.74950801,1.65,MA,FCOJ,2017,Dec,NotGrapefruit
1329.53107068,1.65,MA,FCOJ,2017,Jan,NotGrapefruit
1408.00378411,1.65,MA,FCOJ,2017,Feb,NotGrapefruit
1524.30527654,1.65,MA,FCOJ,2017,Mar,NotGrapefruit
1530.35811636,1.65,MA,FCOJ,2017,Apr,NotGrapefruit
1344.76119565,1.65,MA,FCOJ,2017,May,NotGrapefruit
1816.74269907,1.65,MA,FCOJ,2017,Jun,NotGrapefruit
1587.22436679,1.65,MA,FCOJ,2017,Jul,NotGrapefruit
1539.86306146,1.65,MA,FCOJ,2017,Aug,NotGrapefruit
209.617895232,2.6,MA,FCOJ,2018,Sep,NotGrapefruit
2665.25637948,1.28,MA,FCOJ,2018,Oct,NotGrapefruit
3000.29831924,1.28,MA,FCOJ,2018,Nov,NotGrapefruit
2653.59970598,1.28,MA,FCOJ,2018,Dec,NotGrapefruit
2890.71879114,1.28,MA,FCOJ,2018,Jan,NotGrapefruit
2406.43668558,1.28,MA,FCOJ,2018,Feb,NotGrapefruit
2707.7862071,1.28,MA,FCOJ,2018,Mar,NotGrapefruit
3052.47898865,1.28,MA,FCOJ,2018,Apr,NotGrapefruit
2762.44345311,1.28,MA,FCOJ,2018,May,NotGrapefruit
2804.08912453,1.28,MA,FCOJ,2018,Jun,NotGrapefruit
2590.29248525,1.28,MA,FCOJ,2018,Jul,NotGrapefruit
2803.93657934,1.28,MA,FCOJ,2018,Aug,NotGrapefruit
