demand_pipeline/sales.csv
Sales,Price,Region,Product,Year,Month,Source
0.0,2.28380471408,SE,FCOJ,2005,Sep,MomPop
0.0,1.0851180458,SE,FCOJ,2005,Oct,MomPop
0.0,3.29548966547,SE,FCOJ,2005,Nov,MomPop
0.0,1.11086009764,SE,FCOJ,2005,Dec,MomPop
0.0,1.20130702734,SE,FCOJ,2005,Jan,MomPop
0.0,1.76983681836,SE,FCOJ,2005,Feb,MomPop
0.0,3.0450982162,SE,FCOJ,2005,Mar,MomPop
0.0,1.23372427586,SE,FCOJ,2005,Apr,MomPop
0.0,1.56492231299,SE,FCOJ,2005,May,MomPop
0.0,2.57681697512,SE,FCOJ,2005,Jun,MomPop
0.0,3.24926835366,SE,FCOJ,2005,Jul,MomPop
0.0,3.00973535395,SE,FCOJ,2005,Aug,MomPop
379.0,3.23661769296,SE,FCOJ,2006,Sep,MomPop
625.0,2.6436592956,SE,FCOJ,2006,Oct,MomPop
417.0,3.02375662371,SE,FCOJ,2006,Nov,MomPop
2944.0,1.34743132911,SE,FCOJ,2006,Dec,MomPop
2549.0,1.34712844063,SE,FCOJ,2006,Jan,MomPop
306.0,3.41429977317,SE,FCOJ,2006,Feb,MomPop
4594.0,1.04695010031,SE,FCOJ,2006,Mar,MomPop
1556.0,1.86574262508,SE,FCOJ,2006,Apr,MomPop
526.0,2.85231548254,SE,FCOJ,2006,May,MomPop
781.0,2.40073916892,SE,FCOJ,2006,Jun,MomPop
1694.0,1.66792242112,SE,FCOJ,2006,Jul,MomPop
777.0,2.50285979271,SE,FCOJ,2006,Aug,MomPop
887.0,2.28507235215,SE,FCOJ,2007,Sep,MomPop
251.0,3.59179116974,SE,FCOJ,2007,Oct,MomPop
446.0,3.23382123617,SE,FCOJ,2007,Nov,MomPop
996.0,2.03869062163,SE,FCOJ,2007,Dec,MomPop
955.0,1.9792405642,SE,FCOJ,2007,Jan,MomPop
3450.0,1.20361342311,SE,FCOJ,2007,Feb,MomPop
4029.72069827,1.12987592376,SE,FCOJ,2007,Mar,MomPop
383.720483166,3.44157785451,SE,FCOJ,2007,Apr,MomPop
546.0,2.80616759766,SE,FCOJ,2007,May,MomPop
717.0,2.42074224993,SE,FCOJ,2007,Jun,MomPop
2632.62588859,1.49580910906,SE,FCOJ,2007,Jul,MomPop
486.691398443,2.77415177743,SE,FCOJ,2007,Aug,MomPop
1330.0691779,1.85840041042,SE,FCOJ,2008,Sep,MomPop
1192.0,1.85840041042,SE,FCOJ,2008,Oct,MomPop
1324.0,1.85840041042,SE,FCOJ,2008,Nov,MomPop
1219.0,1.85840041042,SE,FCOJ,2008,Dec,MomPop
1313.0,1.85840041042,SE,FCOJ,2008,Jan,MomPop
1406.0,1.85840041042,SE,FCOJ,2008,Feb,MomPop
1491.0,1.85840041042,SE,FCOJ,2008,Mar,MomPop
1478.0,1.85840041042,SE,FCOJ,2008,Apr,MomPop
1420.0,1.85840041042,SE,FCOJ,2008,May,MomPop
1161.0,1.85840041042,SE,FCOJ,2008,Jun,MomPop
1583.0,1.85840041042,SE,FCOJ,2008,Jul,MomPop
1366.0,1.85840041042,SE,FCOJ,2008,Aug,MomPop
1149.96327428,1.85840041042,SE,FCOJ,2009,Sep,MomPop
755.633306251,1.85840041042,SE,FCOJ,2009,Oct,MomPop
654.915639153,1.85840041042,SE,FCOJ,2009,Nov,MomPop
735.835983016,1.85840041042,SE,FCOJ,2009,Dec,MomPop
643.002946521,1.85840041042,SE,FCOJ,2009,Jan,MomPop
578.799888094,1.85840041042,SE,FCOJ,2009,Feb,MomPop
714.008797335,1.85840041042,SE,FCOJ,2009,Mar,MomPop
638.005924165,1.85840041042,SE,FCOJ,2009,Apr,MomPop
680.259639702,1.85840041042,SE,FCOJ,2009,May,MomPop
725.015952288,1.85840041042,SE,FCOJ,2009,Jun,MomPop
736.16747302,1.85840041042,SE,FCOJ,2009,Jul,MomPop
706.391596317,1.85840041042,SE,FCOJ,2009,Aug,MomPop
1153.13033763,2.0425,SE,FCOJ,2010,Sep,MomPop
1106.0,2.0425,SE,FCOJ,2010,Oct,MomPop
1141.0,2.0425,SE,FCOJ,2010,Nov,MomPop
1005.0,2.0425,SE,FCOJ,2010,Dec,MomPop
904.0,2.0425,SE,FCOJ,2010,Jan,MomPop
941.0,2.0425,SE,FCOJ,2010,Feb,MomPop
1123.0,2.0425,SE,FCOJ,2010,Mar,MomPop
1230.0,2.0425,SE,FCOJ,2010,Apr,MomPop
1175.0,2.0425,SE,FCOJ,2010,May,MomPop
1247.0,2.0425,SE,FCOJ,2010,Jun,MomPop
1057.0,2.0425,SE,FCOJ,2010,Jul,MomPop
1144.0,2.0425,SE,FCOJ,2010,Aug,MomPop
1042.0,2.20150698524,SE,FCOJ,2011,Sep,MomPop
961.0,2.20150698524,SE,FCOJ,2011,Oct,MomPop
956.0,2.20150698524,SE,FCOJ,2011,Nov,MomPop
889.0,2.20150698524,SE,FCOJ,2011,Dec,MomPop
875.0,2.20150698524,SE,FCOJ,2011,Jan,MomPop
867.0,2.20150698524,SE,FCOJ,2011,Feb,MomPop
1127.0,2.20150698524,SE,FCOJ,2011,Mar,MomPop
954.0,2.20150698524,SE,FCOJ,2011,Apr,MomPop
1061.0,2.20150698524,SE,FCOJ,2011,May,MomPop
956.0,2.20150698524,SE,FCOJ,2011,Jun,MomPop
984.0,2.20150698524,SE,FCOJ,2011,Jul,MomPop
1069.0,2.20150698524,SE,FCOJ,2011,Aug,MomPop
3903.0,1.19077434369,SE,FCOJ,2012,Sep,MomPop
294.0,3.41872598311,SE,FCOJ,2012,Oct,MomPop
5428.0,1.06635234069,SE,FCOJ,2012,Nov,MomPop
344.0,3.07926349519,SE,FCOJ,2012,Dec,MomPop
1732.47399003,1.79523292525,SE,FCOJ,2012,Jan,MomPop
1496.0,1.71855049348,SE,FCOJ,2012,Feb,MomPop
1037.0,2.12410644959,SE,FCOJ,2012,Mar,MomPop
742.0,2.34554670649,SE,FCOJ,2012,Apr,MomPop
453.0,3.18365165017,SE,FCOJ,2012,May,MomPop
801.0,2.39695866249,SE,FCOJ,2012,Jun,MomPop
3463.0,1.18212407284,SE,FCOJ,2012,Jul,MomPop
319.0,3.28748512159,SE,FCOJ,2012,Aug,MomPop
1228.0,2.07300051302,SE,FCOJ,2013,Sep,MomPop
1057.0,2.07300051302,SE,FCOJ,2013,Oct,MomPop
987.0,2.07300051302,SE,FCOJ,2013,Nov,MomPop
1039.0,2.07300051302,SE,FCOJ,2013,Dec,MomPop
888.0,2.07300051302,SE,FCOJ,2013,Jan,MomPop
1130.0,2.07300051302,SE,FCOJ,2013,Feb,MomPop
1247.0,2.07300051302,SE,FCOJ,2013,Mar,MomPop
1136.0,2.07300051302,SE,FCOJ,2013,Apr,MomPop
1022.0,2.07300051302,SE,FCOJ,2013,May,MomPop
982.0,2.07300051302,SE,FCOJ,2013,Jun,MomPop
1046.0,2.07300051302,SE,FCOJ,2013,Jul,MomPop
1042.0,2.07300051302,SE,FCOJ,2013,Aug,MomPop
626.0,2.48760061562,SE,FCOJ,2014,Sep,MomPop
774.404615271,2.48760061562,SE,FCOJ,2014,Oct,MomPop
610.350847958,2.48760061562,SE,FCOJ,2014,Nov,MomPop
635.103529169,2.48760061562,SE,FCOJ,2014,Dec,MomPop
635.820926182,2.48760061562,SE,FCOJ,2014,Jan,MomPop
652.759979798,2.48760061562,SE,FCOJ,2014,Feb,MomPop
644.066038229,2.48760061562,SE,FCOJ,2014,Mar,MomPop
653.02464319,2.48760061562,SE,FCOJ,2014,Apr,MomPop
670.321591255,2.48760061562,SE,FCOJ,2014,May,MomPop
608.075438086,2.48760061562,SE,FCOJ,2014,Jun,MomPop
590.985690764,2.48760061562,SE,FCOJ,2014,Jul,MomPop
556.878095538,2.48760061562,SE,FCOJ,2014,Aug,MomPop
0.0,1.0,SE,FCOJ,2015p1,Sep,NotGrapefruit
0.0,1.27272727273,SE,FCOJ,2015p1,Oct,NotGrapefruit
0.0,1.54545454545,SE,FCOJ,2015p1,Nov,NotGrapefruit
0.0,1.81818181818,SE,FCOJ,2015p1,Dec,NotGrapefruit
0.0,2.09090909091,SE,FCOJ,2015p1,Jan,NotGrapefruit
0.0,2.36363636364,SE,FCOJ,2015p1,Feb,NotGrapefruit
0.0,2.63636363636,SE,FCOJ,2015p1,Mar,NotGrapefruit
0.0,2.90909090909,SE,FCOJ,2015p1,Apr,NotGrapefruit
0.0,3.18181818182,SE,FCOJ,2015p1,May,NotGrapefruit
0.0,3.45454545455,SE,FCOJ,2015p1,Jun,NotGrapefruit
0.0,3.72727272727,SE,FCOJ,2015p1,Jul,NotGrapefruit
0.0,4.0,SE,FCOJ,2015p1,Aug,NotGrapefruit
138.0,4.0,SE,FCOJ,2015p2,Sep,NotGrapefruit
272.0,3.72727272727,SE,FCOJ,2015p2,Oct,NotGrapefruit
329.0,3.45454545455,SE,FCOJ,2015p2,Nov,NotGrapefruit
361.0,3.18181818182,SE,FCOJ,2015p2,Dec,NotGrapefruit
457.0,2.90909090909,SE,FCOJ,2015p2,Jan,NotGrapefruit
574.0,2.63636363636,SE,FCOJ,2015p2,Feb,NotGrapefruit
734.0,2.36363636364,SE,FCOJ,2015p2,Mar,NotGrapefruit
937.0,2.09090909091,SE,FCOJ,2015p2,Apr,NotGrapefruit
1000.62712371,1.81818181818,SE,FCOJ,2015p2,May,NotGrapefruit
921.262523586,1.54545454545,SE,FCOJ,2015p2,Jun,NotGrapefruit
632.884385281,1.27272727273,SE,FCOJ,2015p2,Jul,NotGrapefruit
579.121398944,1.0,SE,FCOJ,2015p2,Aug,NotGrapefruit
0.0,4.0,SE,FCOJ,2015,Sep,NotGrapefruit
0.0,4.0,SE,FCOJ,2015,Oct,NotGrapefruit
0.0,4.0,SE,FCOJ,2015,Nov,NotGrapefruit
0.0,4.0,SE,FCOJ,2015,Dec,NotGrapefruit
0.0,4.0,SE,FCOJ,2015,Jan,NotGrapefruit
0.0,4.0,SE,FCOJ,2015,Feb,NotGrapefruit
0.0,4.0,SE,FCOJ,2015,Mar,NotGrapefruit
0.0,4.0,SE,FCOJ,2015,Apr,NotGrapefruit
0.0,4.0,SE,FCOJ,2015,May,NotGrapefruit
0.0,4.0,SE,FCOJ,2015,Jun,NotGrapefruit
0.0,4.0,SE,FCOJ,2015,Jul,NotGrapefruit
0.0,4.0,SE,FCOJ,2015,Aug,NotGrapefruit
1618.83909187,1.63,SE,FCOJ,2016,Sep,NotGrapefruit
1723.83813279,1.63,SE,FCOJ,2016,Oct,NotGrapefruit
1858.39739363,1.63,SE,FCOJ,2016,Nov,NotGrapefruit
1662.20039375,1.63,SE,FCOJ,2016,Dec,NotGrapefruit
1737.14607841,1.63,SE,FCOJ,2016,Jan,NotGrapefruit
1874.63800903,1.63,SE,FCOJ,2016,Feb,NotGrapefruit
1902.18977074,1.63,SE,FCOJ,2016,Mar,NotGrapefruit
1730.31116799,1.63,SE,FCOJ,2016,Apr,NotGrapefruit
1775.7297534,1.63,SE,FCOJ,2016,May,NotGrapefruit
1573.0,1.63,SE,FCOJ,2016,Jun,NotGrapefruit
1785.10341812,1.63,SE,FCOJ,2016,Jul,NotGrapefruit
1844.61858097,1.63,SE,FCOJ,2016,Aug,NotGrapefruit
1781.23038418,1.7,SE,FCOJ,2017,Sep,NotGrapefruit
1723.31015846,1.7,SE,FCOJ,2017,Oct,NotGrapefruit
1732.91159822,1.7,SE,FCOJ,2017,Nov,NotGrapefruit
1509.00715597,1.7,SE,FCOJ,2017,Dec,NotGrapefruit
1664.55839778,1.7,SE,FCOJ,2017,Jan,NotGrapefruit
1597.47995995,1.7,SE,FCOJ,2017,Feb,NotGrapefruit
1776.17965164,1.7,SE,FCOJ,2017,Mar,NotGrapefruit
1541.89176949,1.7,SE,FCOJ,2017,Apr,NotGrapefruit
1963.16529826,1.7,SE,FCOJ,2017,May,NotGrapefruit
1743.4331781,1.7,SE,FCOJ,2017,Jun,NotGrapefruit
1926.18363219,1.7,SE,FCOJ,2017,Jul,NotGrapefruit
1627.04814195,1.7,SE,FCOJ,2017,Aug,NotGrapefruit
261.201228036,2.5,SE,FCOJ,2018,Sep,NotGrapefruit
1995.66157235,1.55,SE,FCOJ,2018,Oct,NotGrapefruit
1815.49668431,1.55,SE,FCOJ,2018,Nov,NotGrapefruit
2136.17939183,1.55,SE,FCOJ,2018,Dec,NotGrapefruit
1674.45250128,1.55,SE,FCOJ,2018,Jan,NotGrapefruit
2172.36553502,1.55,SE,FCOJ,2018,Feb,NotGrapefruit
2047.2907919,1.55,SE,FCOJ,2018,Mar,NotGrapefruit
1717.38804437,1.55,SE,FCOJ,2018,Apr,NotGrapefruit
1991.42505203,1.55,SE,FCOJ,2018,May,NotGrapefruit
1901.16676399,1.55,SE,FCOJ,2018,Jun,NotGrapefruit
1977.15481524,1.55,SE,FCOJ,2018,Jul,NotGrapefruit
1781.67435459,1.55,SE,FCOJ,2018,Aug,NotGrapefruit
