demand_pipeline/sales.csv
Sales,Price,Region,Product,Year,Month,Source
0.0,2.62534562732,MW,FCOJ,2005,Sep,MomPop
0.0,1.34713149864,MW,FCOJ,2005,Oct,MomPop
0.0,3.12881521886,MW,FCOJ,2005,Nov,MomPop
0.0,2.34002485508,MW,FCOJ,2005,Dec,MomPop
0.0,2.46352401457,MW,FCOJ,2005,Jan,MomPop
0.0,3.04897565864,MW,FCOJ,2005,Feb,MomPop
0.0,2.44232469933,MW,FCOJ,2005,Mar,MomPop
0.0,2.93706087274,MW,FCOJ,2005,Apr,MomPop
0.0,3.35441916047,MW,FCOJ,2005,May,MomPop
0.0,1.01352339504,MW,FCOJ,2005,Jun,MomPop
0.0,1.51715815874,MW,FCOJ,2005,Jul,MomPop
0.0,3.30488403419,MW,FCOJ,2005,Aug,MomPop
1937.0,1.89384314128,MW,FCOJ,2006,Sep,MomPop
575.0,2.92396313247,MW,FCOJ,2006,Oct,MomPop
1112.0,2.18012279354,MW,FCOJ,2006,Nov,MomPop
3005.0,1.45557845838,MW,FCOJ,2006,Dec,MomPop
353.0,3.48916060924,MW,FCOJ,2006,Jan,MomPop
797.0,2.57216209718,MW,FCOJ,2006,Feb,MomPop
2028.0,1.63151552007,MW,FCOJ,2006,Mar,MomPop
718.0,2.73674562812,MW,FCOJ,2006,Apr,MomPop
383.0,3.45079023619,MW,FCOJ,2006,May,MomPop
1189.0,2.04396749847,MW,FCOJ,2006,Jun,MomPop
436.0,3.2142985659,MW,FCOJ,2006,Jul,MomPop
1146.0,2.32771141785,MW,FCOJ,2006,Aug,MomPop
857.0,2.50968156897,MW,FCOJ,2007,Sep,MomPop
1079.20245612,2.19734760184,MW,FCOJ,2007,Oct,MomPop
436.913173434,3.52683859154,MW,FCOJ,2007,Nov,MomPop
696.670865145,2.7664925924,MW,FCOJ,2007,Dec,MomPop
1285.43436949,2.10495840452,MW,FCOJ,2007,Jan,MomPop
4030.79100089,1.16527312236,MW,FCOJ,2007,Feb,MomPop
1594.64784323,1.98198430637,MW,FCOJ,2007,Mar,MomPop
2221.15725496,1.80425456073,MW,FCOJ,2007,Apr,MomPop
365.550827578,3.55523276757,MW,FCOJ,2007,May,MomPop
1914.60263288,1.74175530192,MW,FCOJ,2007,Jun,MomPop
4244.7048518,1.26171648073,MW,FCOJ,2007,Jul,MomPop
4841.2787886,1.1848940909,MW,FCOJ,2007,Aug,MomPop
1170.15055726,2.14058151932,MW,FCOJ,2008,Sep,MomPop
1451.07379138,2.14058151932,MW,FCOJ,2008,Oct,MomPop
1199.66222071,2.14058151932,MW,FCOJ,2008,Nov,MomPop
1475.36407524,2.14058151932,MW,FCOJ,2008,Dec,MomPop
1273.83258552,2.14058151932,MW,FCOJ,2008,Jan,MomPop
1468.91856637,2.14058151932,MW,FCOJ,2008,Feb,MomPop
1109.26948239,2.14058151932,MW,FCOJ,2008,Mar,MomPop
1349.08910092,2.14058151932,MW,FCOJ,2008,Apr,MomPop
1131.37261301,2.14058151932,MW,FCOJ,2008,May,MomPop
1125.9548125,2.14058151932,MW,FCOJ,2008,Jun,MomPop
1276.06869821,2.14058151932,MW,FCOJ,2008,Jul,MomPop
1157.12854701,2.14058151932,MW,FCOJ,2008,Aug,MomPop
1093.93975624,2.14058151932,MW,FCOJ,2009,Sep,MomPop
696.384980773,2.14058151932,MW,FCOJ,2009,Oct,MomPop
874.528588786,2.14058151932,MW,FCOJ,2009,Nov,MomPop
712.140198965,2.14058151932,MW,FCOJ,2009,Dec,MomPop
675.339652208,2.14058151932,MW,FCOJ,2009,Jan,MomPop
742.503328075,2.14058151932,MW,FCOJ,2009,Feb,MomPop
698.233415506,2.14058151932,MW,FCOJ,2009,Mar,MomPop
653.693197836,2.14058151932,MW,FCOJ,2009,Apr,MomPop
696.3051047,2.14058151932,MW,FCOJ,2009,May,MomPop
602.288949245,2.14058151932,MW,FCOJ,2009,Jun,MomPop
603.027157991,2.14058151932,MW,FCOJ,2009,Jul,MomPop
693.314331004,2.14058151932,MW,FCOJ,2009,Aug,MomPop
1329.86585973,2.09,MW,FCOJ,2010,Sep,MomPop
1447.22848993,2.09,MW,FCOJ,2010,Oct,MomPop
1435.003255,2.09,MW,FCOJ,2010,Nov,MomPop
1261.82070575,2.09,MW,FCOJ,2010,Dec,MomPop
1338.59756114,2.09,MW,FCOJ,2010,Jan,MomPop
1283.60440522,2.09,MW,FCOJ,2010,Feb,MomPop
1330.15406635,2.09,MW,FCOJ,2010,Mar,MomPop
1206.97767115,2.09,MW,FCOJ,2010,Apr,MomPop
1202.00159667,2.09,MW,FCOJ,2010,May,MomPop
1195.912871,2.09,MW,FCOJ,2010,Jun,MomPop
1222.61893241,2.09,MW,FCOJ,2010,Jul,MomPop
1330.94027838,2.09,MW,FCOJ,2010,Aug,MomPop
1145.11922862,2.27608675921,MW,FCOJ,2011,Sep,MomPop
1049.14575984,2.27608675921,MW,FCOJ,2011,Oct,MomPop
1136.74465787,2.27608675921,MW,FCOJ,2011,Nov,MomPop
925.220778869,2.27608675921,MW,FCOJ,2011,Dec,MomPop
1067.05357754,2.27608675921,MW,FCOJ,2011,Jan,MomPop
935.084635498,2.27608675921,MW,FCOJ,2011,Feb,MomPop
778.177541584,2.27608675921,MW,FCOJ,2011,Mar,MomPop
1069.29267536,2.27608675921,MW,FCOJ,2011,Apr,MomPop
937.73620224,2.27608675921,MW,FCOJ,2011,May,MomPop
1000.6119774,2.27608675921,MW,FCOJ,2011,Jun,MomPop
970.031294331,2.27608675921,MW,FCOJ,2011,Jul,MomPop
1012.47819691,2.27608675921,MW,FCOJ,2011,Aug,MomPop
5364.65698134,1.17436892404,MW,FCOJ,2012,Sep,MomPop
3569.58999252,1.29142498417,MW,FCOJ,2012,Oct,MomPop
847.25028963,2.34556207671,MW,FCOJ,2012,Nov,MomPop
4251.74563922,1.1938035727,MW,FCOJ,2012,Dec,MomPop
833.702038943,2.48349506207,MW,FCOJ,2012,Jan,MomPop
1133.27858043,2.13110440746,MW,FCOJ,2012,Feb,MomPop
774.012541043,2.4491490317,MW,FCOJ,2012,Mar,MomPop
1632.28966836,1.93945687916,MW,FCOJ,2012,Apr,MomPop
1506.42843094,2.10971038275,MW,FCOJ,2012,May,MomPop
1207.7499179,2.28017102736,MW,FCOJ,2012,Jun,MomPop
1148.64233007,2.31221090518,MW,FCOJ,2012,Jul,MomPop
801.295698924,2.65697177966,MW,FCOJ,2012,Aug,MomPop
965.670175838,2.42572689915,MW,FCOJ,2013,Sep,MomPop
1071.51525497,2.42572689915,MW,FCOJ,2013,Oct,MomPop
913.327279766,2.42572689915,MW,FCOJ,2013,Nov,MomPop
880.827438694,2.42572689915,MW,FCOJ,2013,Dec,MomPop
1028.45385346,2.42572689915,MW,FCOJ,2013,Jan,MomPop
774.220563571,2.42572689915,MW,FCOJ,2013,Feb,MomPop
1075.53030825,2.42572689915,MW,FCOJ,2013,Mar,MomPop
1001.93096058,2.42572689915,MW,FCOJ,2013,Apr,MomPop
903.466621793,2.42572689915,MW,FCOJ,2013,May,MomPop
952.029593229,2.42572689915,MW,FCOJ,2013,Jun,MomPop
907.684270984,2.42572689915,MW,FCOJ,2013,Jul,MomPop
966.405180552,2.42572689915,MW,FCOJ,2013,Aug,MomPop
573.0,2.91087227898,MW,FCOJ,2014,Sep,MomPop
639.733207582,2.91087227898,MW,FCOJ,2014,Oct,MomPop
556.313153871,2.91087227898,MW,FCOJ,2014,Nov,MomPop
579.383936587,2.91087227898,MW,FCOJ,2014,Dec,MomPop
598.134275922,2.91087227898,MW,FCOJ,2014,Jan,MomPop
589.587584151,2.91087227898,MW,FCOJ,2014,Feb,MomPop
512.155228619,2.91087227898,MW,FCOJ,2014,Mar,MomPop
546.179785736,2.91087227898,MW,FCOJ,2014,Apr,MomPop
535.592163655,2.91087227898,MW,FCOJ,2014,May,MomPop
566.23536926,2.91087227898,MW,FCOJ,2014,Jun,MomPop
580.177715386,2.91087227898,MW,FCOJ,2014,Jul,MomPop
529.605397498,2.91087227898,MW,FCOJ,2014,Aug,MomPop
66.2991325539,1.0,MW,FCOJ,2015p1,Sep,NotGrapefruit
424.701541198,1.27272727273,MW,FCOJ,2015p1,Oct,NotGrapefruit
281.146623772,1.54545454545,MW,FCOJ,2015p1,Nov,NotGrapefruit
255.497853661,1.81818181818,MW,FCOJ,2015p1,Dec,NotGrapefruit
177.896094204,2.09090909091,MW,FCOJ,2015p1,Jan,NotGrapefruit
151.678195384,2.36363636364,MW,FCOJ,2015p1,Feb,NotGrapefruit
99.8212636598,2.63636363636,MW,FCOJ,2015p1,Mar,NotGrapefruit
85.2852969116,2.90909090909,MW,FCOJ,2015p1,Apr,NotGrapefruit
71.1391490179,3.18181818182,MW,FCOJ,2015p1,May,NotGrapefruit
62.2494590713,3.45454545455,MW,FCOJ,2015p1,Jun,NotGrapefruit
48.4827825419,3.72727272727,MW,FCOJ,2015p1,Jul,NotGrapefruit
40.0142390691,4.0,MW,FCOJ,2015p1,Aug,NotGrapefruit
123.0,4.0,MW,FCOJ,2015p2,Sep,NotGrapefruit
397.0,3.72727272727,MW,FCOJ,2015p2,Oct,NotGrapefruit
382.0,3.45454545455,MW,FCOJ,2015p2,Nov,NotGrapefruit
505.0,3.18181818182,MW,FCOJ,2015p2,Dec,NotGrapefruit
588.0,2.90909090909,MW,FCOJ,2015p2,Jan,NotGrapefruit
850.0,2.63636363636,MW,FCOJ,2015p2,Feb,NotGrapefruit
947.0,2.36363636364,MW,FCOJ,2015p2,Mar,NotGrapefruit
1252.15788711,2.09090909091,MW,FCOJ,2015p2,Apr,NotGrapefruit
1288.44889759,1.81818181818,MW,FCOJ,2015p2,May,NotGrapefruit
1060.45113926,1.54545454545,MW,FCOJ,2015p2,Jun,NotGrapefruit
1154.8353426,1.27272727273,MW,FCOJ,2015p2,Jul,NotGrapefruit
817.665438679,1.0,MW,FCOJ,2015p2,Aug,NotGrapefruit
0.0,4.0,MW,FCOJ,2015,Sep,NotGrapefruit
0.0,4.0,MW,FCOJ,2015,Oct,NotGrapefruit
0.0,4.0,MW,FCOJ,2015,Nov,NotGrapefruit
0.0,4.0,MW,FCOJ,2015,Dec,NotGrapefruit
0.0,4.0,MW,FCOJ,2015,Jan,NotGrapefruit
0.0,4.0,MW,FCOJ,2015,Feb,NotGrapefruit
0.0,4.0,MW,FCOJ,2015,Mar,NotGrapefruit
0.0,4.0,MW,FCOJ,2015,Apr,NotGrapefruit
0.0,4.0,MW,FCOJ,2015,May,NotGrapefruit
0.0,4.0,MW,FCOJ,2015,Jun,NotGrapefruit
0.0,4.0,MW,FCOJ,2015,Jul,NotGrapefruit
0.0,4.0,MW,FCOJ,2015,Aug,NotGrapefruit
2811.59648986,1.48,MW,FCOJ,2016,Sep,NotGrapefruit
2885.14211422,1.48,MW,FCOJ,2016,Oct,NotGrapefruit
3038.18555084,1.48,MW,FCOJ,2016,Nov,NotGrapefruit
2478.20159065,1.48,MW,FCOJ,2016,Dec,NotGrapefruit
3616.23254323,1.48,MW,FCOJ,2016,Jan,NotGrapefruit
3218.46421084,1.48,MW,FCOJ,2016,Feb,NotGrapefruit
3174.35299061,1.48,MW,FCOJ,2016,Mar,NotGrapefruit
3220.33579094,1.48,MW,FCOJ,2016,Apr,NotGrapefruit
2940.90382678,1.48,MW,FCOJ,2016,May,NotGrapefruit
3032.2550235,1.48,MW,FCOJ,2016,Jun,NotGrapefruit
2531.97428583,1.48,MW,FCOJ,2016,Jul,NotGrapefruit
2841.79551505,1.48,MW,FCOJ,2016,Aug,NotGrapefruit
2715.21585709,1.35,MW,FCOJ,2017,Sep,NotGrapefruit
4185.4000935,1.35,MW,FCOJ,2017,Oct,NotGrapefruit
3579.92102544,1.35,MW,FCOJ,2017,Nov,NotGrapefruit
3509.20914986,1.35,MW,FCOJ,2017,Dec,NotGrapefruit
3563.4966259,1.35,MW,FCOJ,2017,Jan,NotGrapefruit
3723.23568095,1.35,MW,FCOJ,2017,Feb,NotGrapefruit
3637.22498298,1.35,MW,FCOJ,2017,Mar,NotGrapefruit
3438.25532404,1.35,MW,FCOJ,2017,Apr,NotGrapefruit
3456.99297567,1.35,MW,FCOJ,2017,May,NotGrapefruit
3586.23492758,1.35,MW,FCOJ,2017,Jun,NotGrapefruit
3692.69543442,1.35,MW,FCOJ,2017,Jul,NotGrapefruit
3599.76091145,1.35,MW,FCOJ,2017,Aug,NotGrapefruit
179.256992262,4.0,MW,FCOJ,2018,Sep,NotGrapefruit
2301.65485927,1.59,MW,FCOJ,2018,Oct,NotGrapefruit
2172.66865767,1.59,MW,FCOJ,2018,Nov,NotGrapefruit
2604.20150769,1.59,MW,FCOJ,2018,Dec,NotGrapefruit
2569.55379559,1.59,MW,FCOJ,2018,Jan,NotGrapefruit
2281.75313102,1.59,MW,FCOJ,2018,Feb,NotGrapefruit
2500.99819435,1.59,MW,FCOJ,2018,Mar,NotGrapefruit
2482.01476822,1.59,MW,FCOJ,2018,Apr,NotGrapefruit
2530.9871447,1.59,MW,FCOJ,2018,May,NotGrapefruit
2377.78986195,1.59,MW,FCOJ,2018,Jun,NotGrapefruit
2578.25417954,1.59,MW,FCOJ,2018,Jul,NotGrapefruit
2544.43159685,1.59,MW,FCOJ,2018,Aug,NotGrapefruit
