demand_pipeline/sales.csv
Sales,Price,Region,Product,Year,Month,Source
0.0,1.64659305822,DS,FCOJ,2005,Sep,MomPop
0.0,1.6115617595,DS,FCOJ,2005,Oct,MomPop
0.0,2.46939213869,DS,FCOJ,2005,Nov,MomPop
0.0,2.12432378945,DS,FCOJ,2005,Dec,MomPop
0.0,2.75449949286,DS,FCOJ,2005,Jan,MomPop
0.0,1.22602747172,DS,FCOJ,2005,Feb,MomPop
0.0,1.02988221895,DS,FCOJ,2005,Mar,MomPop
0.0,2.67469158952,DS,FCOJ,2005,Apr,MomPop
0.0,2.86301171015,DS,FCOJ,2005,May,MomPop
0.0,2.75591335416,DS,FCOJ,2005,Jun,MomPop
0.0,1.42666728797,DS,FCOJ,2005,Jul,MomPop
0.0,3.07790601126,DS,FCOJ,2005,Aug,MomPop
4351.0,1.00936324227,DS,FCOJ,2006,Sep,MomPop
220.0,3.39252594769,DS,FCOJ,2006,Oct,MomPop
4414.0,1.004924352,DS,FCOJ,2006,Nov,MomPop
4518.0,1.02505731136,DS,FCOJ,2006,Dec,MomPop
2999.0,1.18918467744,DS,FCOJ,2006,Jan,MomPop
2091.0,1.34558043193,DS,FCOJ,2006,Feb,MomPop
379.0,2.99577358774,DS,FCOJ,2006,Mar,MomPop
3072.0,1.28484815973,DS,FCOJ,2006,Apr,MomPop
1147.0,1.66602378951,DS,FCOJ,2006,May,MomPop
235.0,3.57819170955,DS,FCOJ,2006,Jun,MomPop
408.0,2.88341993614,DS,FCOJ,2006,Jul,MomPop
357.0,3.09262199354,DS,FCOJ,2006,Aug,MomPop
324.0,3.27322120859,DS,FCOJ,2007,Sep,MomPop
422.0,3.02475234067,DS,FCOJ,2007,Oct,MomPop
1659.66411823,1.41129412171,DS,FCOJ,2007,Nov,MomPop
813.705726251,2.07574011826,DS,FCOJ,2007,Dec,MomPop
415.347275603,3.14831287872,DS,FCOJ,2007,Jan,MomPop
285.222313723,3.52796792464,DS,FCOJ,2007,Feb,MomPop
555.240066812,2.61585029558,DS,FCOJ,2007,Mar,MomPop
2509.40248994,1.36603193848,DS,FCOJ,2007,Apr,MomPop
446.121720807,2.86446308394,DS,FCOJ,2007,May,MomPop
493.085405719,2.69775515475,DS,FCOJ,2007,Jun,MomPop
1058.37066445,2.02100199912,DS,FCOJ,2007,Jul,MomPop
252.842705528,3.46144871502,DS,FCOJ,2007,Aug,MomPop
1128.40242338,1.78974074375,DS,FCOJ,2008,Sep,MomPop
1194.51608193,1.78974074375,DS,FCOJ,2008,Oct,MomPop
1286.36119997,1.78974074375,DS,FCOJ,2008,Nov,MomPop
1160.64520483,1.78974074375,DS,FCOJ,2008,Dec,MomPop
1151.71103962,1.78974074375,DS,FCOJ,2008,Jan,MomPop
1511.95827323,1.78974074375,DS,FCOJ,2008,Feb,MomPop
1356.51771915,1.78974074375,DS,FCOJ,2008,Mar,MomPop
1370.14566284,1.78974074375,DS,FCOJ,2008,Apr,MomPop
1320.79873843,1.78974074375,DS,FCOJ,2008,May,MomPop
1471.74678093,1.78974074375,DS,FCOJ,2008,Jun,MomPop
1166.05652575,1.78974074375,DS,FCOJ,2008,Jul,MomPop
1149.37048177,1.78974074375,DS,FCOJ,2008,Aug,MomPop
1293.49501412,1.78974074375,DS,FCOJ,2009,Sep,MomPop
1363.0,1.78974074375,DS,FCOJ,2009,Oct,MomPop
1386.0,1.78974074375,DS,FCOJ,2009,Nov,MomPop
1203.0,1.78974074375,DS,FCOJ,2009,Dec,MomPop
1332.0,1.78974074375,DS,FCOJ,2009,Jan,MomPop
1191.0,1.78974074375,DS,FCOJ,2009,Feb,MomPop
1401.0,1.78974074375,DS,FCOJ,2009,Mar,MomPop
1045.0,1.78974074375,DS,FCOJ,2009,Apr,MomPop
1105.0,1.78974074375,DS,FCOJ,2009,May,MomPop
1250.0,1.78974074375,DS,FCOJ,2009,Jun,MomPop
1252.0,1.78974074375,DS,FCOJ,2009,Jul,MomPop
1534.0,1.78974074375,DS,FCOJ,2009,Aug,MomPop
738.0,2.09,DS,FCOJ,2010,Sep,MomPop
833.149274776,2.09,DS,FCOJ,2010,Oct,MomPop
908.332452412,2.09,DS,FCOJ,2010,Nov,MomPop
781.606268038,2.09,DS,FCOJ,2010,Dec,MomPop
834.153220765,2.09,DS,FCOJ,2010,Jan,MomPop
920.002590138,2.09,DS,FCOJ,2010,Feb,MomPop
910.712361177,2.09,DS,FCOJ,2010,Mar,MomPop
872.602085444,2.09,DS,FCOJ,2010,Apr,MomPop
955.669933384,2.09,DS,FCOJ,2010,May,MomPop
939.07460937,2.09,DS,FCOJ,2010,Jun,MomPop
905.253953477,2.09,DS,FCOJ,2010,Jul,MomPop
1007.93911795,2.09,DS,FCOJ,2010,Aug,MomPop
449.385887574,2.06723334955,DS,FCOJ,2011,Sep,MomPop
249.191969367,2.06723334955,DS,FCOJ,2011,Oct,MomPop
197.067549807,2.06723334955,DS,FCOJ,2011,Nov,MomPop
227.874060517,2.06723334955,DS,FCOJ,2011,Dec,MomPop
213.404335958,2.06723334955,DS,FCOJ,2011,Jan,MomPop
214.184128194,2.06723334955,DS,FCOJ,2011,Feb,MomPop
223.4431953,2.06723334955,DS,FCOJ,2011,Mar,MomPop
209.358011773,2.06723334955,DS,FCOJ,2011,Apr,MomPop
214.461488811,2.06723334955,DS,FCOJ,2011,May,MomPop
217.775031254,2.06723334955,DS,FCOJ,2011,Jun,MomPop
233.071880896,2.06723334955,DS,FCOJ,2011,Jul,MomPop
242.077015716,2.06723334955,DS,FCOJ,2011,Aug,MomPop
1261.74028831,1.26163326824,DS,FCOJ,2012,Sep,MomPop
259.661234771,3.52315515652,DS,FCOJ,2012,Oct,MomPop
1305.27268599,1.34674814697,DS,FCOJ,2012,Nov,MomPop
602.315783528,2.95262871229,DS,FCOJ,2012,Dec,MomPop
1167.1497425,1.73645489974,DS,FCOJ,2012,Jan,MomPop
413.943195286,2.4029595186,DS,FCOJ,2012,Feb,MomPop
1037.46773152,1.76908629983,DS,FCOJ,2012,Mar,MomPop
1263.69684239,1.38230102662,DS,FCOJ,2012,Apr,MomPop
403.712953827,2.40543386971,DS,FCOJ,2012,May,MomPop
278.793482839,3.50652251956,DS,FCOJ,2012,Jun,MomPop
641.159027499,2.49547514815,DS,FCOJ,2012,Jul,MomPop
1042.94849146,1.52533092077,DS,FCOJ,2012,Aug,MomPop
952.41646742,1.98717592969,DS,FCOJ,2013,Sep,MomPop
1202.39634143,1.98717592969,DS,FCOJ,2013,Oct,MomPop
939.702387144,1.98717592969,DS,FCOJ,2013,Nov,MomPop
965.151402776,1.98717592969,DS,FCOJ,2013,Dec,MomPop
921.406677672,1.98717592969,DS,FCOJ,2013,Jan,MomPop
748.030759544,1.98717592969,DS,FCOJ,2013,Feb,MomPop
1035.88686114,1.98717592969,DS,FCOJ,2013,Mar,MomPop
1081.8655014,1.98717592969,DS,FCOJ,2013,Apr,MomPop
1246.67228493,1.98717592969,DS,FCOJ,2013,May,MomPop
1195.13762019,1.98717592969,DS,FCOJ,2013,Jun,MomPop
1169.94283472,1.98717592969,DS,FCOJ,2013,Jul,MomPop
1079.75613634,1.98717592969,DS,FCOJ,2013,Aug,MomPop
574.0,2.38461111562,DS,FCOJ,2014,Sep,MomPop
704.0,2.38461111562,DS,FCOJ,2014,Oct,MomPop
454.0,2.38461111562,DS,FCOJ,2014,Nov,MomPop
651.0,2.38461111562,DS,FCOJ,2014,Dec,MomPop
649.0,2.38461111562,DS,FCOJ,2014,Jan,MomPop
800.0,2.38461111562,DS,FCOJ,2014,Feb,MomPop
554.0,2.38461111562,DS,FCOJ,2014,Mar,MomPop
703.0,2.38461111562,DS,FCOJ,2014,Apr,MomPop
646.0,2.38461111562,DS,FCOJ,2014,May,MomPop
585.0,2.38461111562,DS,FCOJ,2014,Jun,MomPop
587.0,2.38461111562,DS,FCOJ,2014,Jul,MomPop
758.0,2.38461111562,DS,FCOJ,2014,Aug,MomPop
540.441045276,1.0,DS,FCOJ,2015p1,Sep,NotGrapefruit
1729.96135824,1.27272727273,DS,FCOJ,2015p1,Oct,NotGrapefruit
1553.14710464,1.54545454545,DS,FCOJ,2015p1,Nov,NotGrapefruit
1392.65262347,1.81818181818,DS,FCOJ,2015p1,Dec,NotGrapefruit
834.229185618,2.09090909091,DS,FCOJ,2015p1,Jan,NotGrapefruit
787.052967412,2.36363636364,DS,FCOJ,2015p1,Feb,NotGrapefruit
489.253061542,2.63636363636,DS,FCOJ,2015p1,Mar,NotGrapefruit
340.875018656,2.90909090909,DS,FCOJ,2015p1,Apr,NotGrapefruit
360.669020372,3.18181818182,DS,FCOJ,2015p1,May,NotGrapefruit
309.235346353,3.45454545455,DS,FCOJ,2015p1,Jun,NotGrapefruit
186.776297129,3.72727272727,DS,FCOJ,2015p1,Jul,NotGrapefruit
196.098379023,4.0,DS,FCOJ,2015p1,Aug,NotGrapefruit
103.0,4.0,DS,FCOJ,2015p2,Sep,NotGrapefruit
208.0,3.72727272727,DS,FCOJ,2015p2,Oct,NotGrapefruit
268.0,3.45454545455,DS,FCOJ,2015p2,Nov,NotGrapefruit
358.0,3.18181818182,DS,FCOJ,2015p2,Dec,NotGrapefruit
371.0,2.90909090909,DS,FCOJ,2015p2,Jan,NotGrapefruit
578.0,2.63636363636,DS,FCOJ,2015p2,Feb,NotGrapefruit
607.0,2.36363636364,DS,FCOJ,2015p2,Mar,NotGrapefruit
573.126840762,2.09090909091,DS,FCOJ,2015p2,Apr,NotGrapefruit
809.642805552,1.81818181818,DS,FCOJ,2015p2,May,NotGrapefruit
513.853745922,1.54545454545,DS,FCOJ,2015p2,Jun,NotGrapefruit
685.411061435,1.27272727273,DS,FCOJ,2015p2,Jul,NotGrapefruit
479.092162162,1.0,DS,FCOJ,2015p2,Aug,NotGrapefruit
0.0,4.0,DS,FCOJ,2015,Sep,NotGrapefruit
0.0,4.0,DS,FCOJ,2015,Oct,NotGrapefruit
0.0,4.0,DS,FCOJ,2015,Nov,NotGrapefruit
0.0,4.0,DS,FCOJ,2015,Dec,NotGrapefruit
0.0,4.0,DS,FCOJ,2015,Jan,NotGrapefruit
0.0,4.0,DS,FCOJ,2015,Feb,NotGrapefruit
0.0,4.0,DS,FCOJ,2015,Mar,NotGrapefruit
0.0,4.0,DS,FCOJ,2015,Apr,NotGrapefruit
0.0,4.0,DS,FCOJ,2015,May,NotGrapefruit
0.0,4.0,DS,FCOJ,2015,Jun,NotGrapefruit
0.0,4.0,DS,FCOJ,2015,Jul,NotGrapefruit
0.0,4.0,DS,FCOJ,2015,Aug,NotGrapefruit
1350.30113269,1.5,DS,FCOJ,2016,Sep,NotGrapefruit
1356.46374954,1.5,DS,FCOJ,2016,Oct,NotGrapefruit
1517.58543791,1.5,DS,FCOJ,2016,Nov,NotGrapefruit
1499.71922812,1.5,DS,FCOJ,2016,Dec,NotGrapefruit
1346.80500043,1.5,DS,FCOJ,2016,Jan,NotGrapefruit
1423.01163677,1.5,DS,FCOJ,2016,Feb,NotGrapefruit
1443.70641888,1.5,DS,FCOJ,2016,Mar,NotGrapefruit
1409.3380763,1.5,DS,FCOJ,2016,Apr,NotGrapefruit
1444.73012525,1.5,DS,FCOJ,2016,May,NotGrapefruit
1532.37761485,1.5,DS,FCOJ,2016,Jun,NotGrapefruit
1593.10788253,1.5,DS,FCOJ,2016,Jul,NotGrapefruit
1434.47775231,1.5,DS,FCOJ,2016,Aug,NotGrapefruit
1430.94732514,1.6,DS,FCOJ,2017,Sep,NotGrapefruit
1219.59614776,1.6,DS,FCOJ,2017,Oct,NotGrapefruit
1330.43775993,1.6,DS,FCOJ,2017,Nov,NotGrapefruit
1311.38746362,1.6,DS,FCOJ,2017,Dec,NotGrapefruit
1318.58895953,1.6,DS,FCOJ,2017,Jan,NotGrapefruit
1225.26688452,1.6,DS,FCOJ,2017,Feb,NotGrapefruit
1309.38175935,1.6,DS,FCOJ,2017,Mar,NotGrapefruit
1408.44217956,1.6,DS,FCOJ,2017,Apr,NotGrapefruit
1335.26462222,1.6,DS,FCOJ,2017,May,NotGrapefruit
1511.7940297,1.6,DS,FCOJ,2017,Jun,NotGrapefruit
1465.00779469,1.6,DS,FCOJ,2017,Jul,NotGrapefruit
1339.52576857,1.6,DS,FCOJ,2017,Aug,NotGrapefruit
86.6357979314,2.4,DS,FCOJ,2018,Sep,NotGrapefruit
1302.75015637,1.64,DS,FCOJ,2018,Oct,NotGrapefruit
1434.93140318,1.64,DS,FCOJ,2018,Nov,NotGrapefruit
1339.96832548,1.64,DS,FCOJ,2018,Dec,NotGrapefruit
1300.72490236,1.64,DS,FCOJ,2018,Jan,NotGrapefruit
1381.31526229,1.64,DS,FCOJ,2018,Feb,NotGrapefruit
1300.89771582,1.64,DS,FCOJ,2018,Mar,NotGrapefruit
1285.35158814,1.64,DS,FCOJ,2018,Apr,NotGrapefruit
1320.16109924,1.64,DS,FCOJ,2018,May,NotGrapefruit
1370.41775379,1.64,DS,FCOJ,2018,Jun,NotGrapefruit
1318.14847962,1.64,DS,FCOJ,2018,Jul,NotGrapefruit
1231.35747721,1.64,DS,FCOJ,2018,Aug,NotGrapefruit
