demand_pipeline/sales.csv
Sales,Price,Region,Product,Year,Month,Source
0.0,2.57246657911,NW,FCOJ,2005,Sep,MomPop
0.0,2.21687049885,NW,FCOJ,2005,Oct,MomPop
0.0,2.24203359878,NW,FCOJ,2005,Nov,MomPop
0.0,1.56862538583,NW,FCOJ,2005,Dec,MomPop
0.0,3.38998734126,NW,FCOJ,2005,Jan,MomPop
0.0,1.19107446628,NW,FCOJ,2005,Feb,MomPop
0.0,1.23783179993,NW,FCOJ,2005,Mar,MomPop
0.0,2.96966070948,NW,FCOJ,2005,Apr,MomPop
0.0,1.74653659745,NW,FCOJ,2005,May,MomPop
0.0,2.25860148,NW,FCOJ,2005,Jun,MomPop
0.0,2.19518963611,NW,FCOJ,2005,Jul,MomPop
0.0,1.44279043257,NW,FCOJ,2005,Aug,MomPop
144.0,3.13918933733,NW,FCOJ,2006,Sep,MomPop
841.0,1.39810008861,NW,FCOJ,2006,Oct,MomPop
130.0,3.37906377282,NW,FCOJ,2006,Nov,MomPop
157.0,3.0061026871,NW,FCOJ,2006,Dec,MomPop
177.0,2.92792861682,NW,FCOJ,2006,Jan,MomPop
241.0,2.68557510176,NW,FCOJ,2006,Feb,MomPop
590.0,1.99880515757,NW,FCOJ,2006,Mar,MomPop
428.0,2.08628127824,NW,FCOJ,2006,Apr,MomPop
617.0,1.81780287503,NW,FCOJ,2006,May,MomPop
860.0,1.58262665471,NW,FCOJ,2006,Jun,MomPop
827.0,1.57098572329,NW,FCOJ,2006,Jul,MomPop
1214.0,1.3627757,NW,FCOJ,2006,Aug,MomPop
1153.0,1.17273901522,NW,FCOJ,2007,Sep,MomPop
295.045101066,2.548890343,NW,FCOJ,2007,Oct,MomPop
114.0,3.34924865009,NW,FCOJ,2007,Nov,MomPop
166.0,3.09078742392,NW,FCOJ,2007,Dec,MomPop
379.464058083,2.28424951093,NW,FCOJ,2007,Jan,MomPop
176.73887453,3.2069091032,NW,FCOJ,2007,Feb,MomPop
295.544841276,2.42006045943,NW,FCOJ,2007,Mar,MomPop
240.362791043,2.69184079166,NW,FCOJ,2007,Apr,MomPop
2054.81206103,1.02775967394,NW,FCOJ,2007,May,MomPop
261.36912315,2.66799997162,NW,FCOJ,2007,Jun,MomPop
347.235385954,2.27890449891,NW,FCOJ,2007,Jul,MomPop
240.53604298,2.92985385416,NW,FCOJ,2007,Aug,MomPop
464.494384213,1.94971094688,NW,FCOJ,2008,Sep,MomPop
493.556181906,1.94971094688,NW,FCOJ,2008,Oct,MomPop
428.790953473,1.94971094688,NW,FCOJ,2008,Nov,MomPop
446.432465954,1.94971094688,NW,FCOJ,2008,Dec,MomPop
468.606195283,1.94971094688,NW,FCOJ,2008,Jan,MomPop
516.583020096,1.94971094688,NW,FCOJ,2008,Feb,MomPop
466.358301408,1.94971094688,NW,FCOJ,2008,Mar,MomPop
473.896729535,1.94971094688,NW,FCOJ,2008,Apr,MomPop
590.714638515,1.94971094688,NW,FCOJ,2008,May,MomPop
551.564844531,1.94971094688,NW,FCOJ,2008,Jun,MomPop
561.013017396,1.94971094688,NW,FCOJ,2008,Jul,MomPop
577.719247752,1.94971094688,NW,FCOJ,2008,Aug,MomPop
478.195597248,1.94971094688,NW,FCOJ,2009,Sep,MomPop
526.0,1.94971094688,NW,FCOJ,2009,Oct,MomPop
409.0,1.94971094688,NW,FCOJ,2009,Nov,MomPop
522.0,1.94971094688,NW,FCOJ,2009,Dec,MomPop
476.0,1.94971094688,NW,FCOJ,2009,Jan,MomPop
593.0,1.94971094688,NW,FCOJ,2009,Feb,MomPop
523.0,1.94971094688,NW,FCOJ,2009,Mar,MomPop
524.0,1.94971094688,NW,FCOJ,2009,Apr,MomPop
460.0,1.94971094688,NW,FCOJ,2009,May,MomPop
527.0,1.94971094688,NW,FCOJ,2009,Jun,MomPop
494.0,1.94971094688,NW,FCOJ,2009,Jul,MomPop
564.0,1.94971094688,NW,FCOJ,2009,Aug,MomPop
278.0,2.38613491157,NW,FCOJ,2010,Sep,MomPop
321.518134094,2.38613491157,NW,FCOJ,2010,Oct,MomPop
284.35515349,2.38613491157,NW,FCOJ,2010,Nov,MomPop
317.840968367,2.38613491157,NW,FCOJ,2010,Dec,MomPop
330.832473896,2.38613491157,NW,FCOJ,2010,Jan,MomPop
308.523560935,2.38613491157,NW,FCOJ,2010,Feb,MomPop
357.25957613,2.38613491157,NW,FCOJ,2010,Mar,MomPop
350.823353948,2.38613491157,NW,FCOJ,2010,Apr,MomPop
370.698127289,2.38613491157,NW,FCOJ,2010,May,MomPop
301.380754984,2.38613491157,NW,FCOJ,2010,Jun,MomPop
370.392058022,2.38613491157,NW,FCOJ,2010,Jul,MomPop
332.385855991,2.38613491157,NW,FCOJ,2010,Aug,MomPop
202.625469969,2.06637276574,NW,FCOJ,2011,Sep,MomPop
94.7848551045,2.06637276574,NW,FCOJ,2011,Oct,MomPop
103.613707636,2.06637276574,NW,FCOJ,2011,Nov,MomPop
99.2641653926,2.06637276574,NW,FCOJ,2011,Dec,MomPop
92.9141091182,2.06637276574,NW,FCOJ,2011,Jan,MomPop
118.109579706,2.06637276574,NW,FCOJ,2011,Feb,MomPop
98.8556470868,2.06637276574,NW,FCOJ,2011,Mar,MomPop
121.044699207,2.06637276574,NW,FCOJ,2011,Apr,MomPop
101.797989794,2.06637276574,NW,FCOJ,2011,May,MomPop
110.253589634,2.06637276574,NW,FCOJ,2011,Jun,MomPop
103.339449569,2.06637276574,NW,FCOJ,2011,Jul,MomPop
109.634686993,2.06637276574,NW,FCOJ,2011,Aug,MomPop
103.379331007,2.62762471173,NW,FCOJ,2012,Sep,MomPop
354.341630574,2.15040043069,NW,FCOJ,2012,Oct,MomPop
375.151635378,1.47283394067,NW,FCOJ,2012,Nov,MomPop
292.315528754,2.69567539346,NW,FCOJ,2012,Dec,MomPop
326.220355876,2.15171303952,NW,FCOJ,2012,Jan,MomPop
308.654397464,1.82827542631,NW,FCOJ,2012,Feb,MomPop
186.459165744,2.52176457136,NW,FCOJ,2012,Mar,MomPop
213.517407409,2.38050219308,NW,FCOJ,2012,Apr,MomPop
990.072492295,1.19100692522,NW,FCOJ,2012,May,MomPop
146.582644285,3.45430944352,NW,FCOJ,2012,Jun,MomPop
591.950007839,1.98119954475,NW,FCOJ,2012,Jul,MomPop
618.169221439,1.36856102386,NW,FCOJ,2012,Aug,MomPop
304.883590996,2.18713868359,NW,FCOJ,2013,Sep,MomPop
377.927287473,2.18713868359,NW,FCOJ,2013,Oct,MomPop
403.173416041,2.18713868359,NW,FCOJ,2013,Nov,MomPop
363.148430395,2.18713868359,NW,FCOJ,2013,Dec,MomPop
389.018240912,2.18713868359,NW,FCOJ,2013,Jan,MomPop
362.038160827,2.18713868359,NW,FCOJ,2013,Feb,MomPop
402.770681154,2.18713868359,NW,FCOJ,2013,Mar,MomPop
347.483353242,2.18713868359,NW,FCOJ,2013,Apr,MomPop
434.209510623,2.18713868359,NW,FCOJ,2013,May,MomPop
396.728302755,2.18713868359,NW,FCOJ,2013,Jun,MomPop
389.894822975,2.18713868359,NW,FCOJ,2013,Jul,MomPop
449.993437912,2.18713868359,NW,FCOJ,2013,Aug,MomPop
238.0,2.62456642031,NW,FCOJ,2014,Sep,MomPop
243.0,2.62456642031,NW,FCOJ,2014,Oct,MomPop
264.0,2.62456642031,NW,FCOJ,2014,Nov,MomPop
202.0,2.62456642031,NW,FCOJ,2014,Dec,MomPop
282.0,2.62456642031,NW,FCOJ,2014,Jan,MomPop
279.0,2.62456642031,NW,FCOJ,2014,Feb,MomPop
221.0,2.62456642031,NW,FCOJ,2014,Mar,MomPop
261.0,2.62456642031,NW,FCOJ,2014,Apr,MomPop
295.0,2.62456642031,NW,FCOJ,2014,May,MomPop
302.0,2.62456642031,NW,FCOJ,2014,Jun,MomPop
230.0,2.62456642031,NW,FCOJ,2014,Jul,MomPop
293.0,2.62456642031,NW,FCOJ,2014,Aug,MomPop
183.382464012,1.0,NW,FCOJ,2015p1,Sep,NotGrapefruit
843.892618898,1.27272727273,NW,FCOJ,2015p1,Oct,NotGrapefruit
654.835713915,1.54545454545,NW,FCOJ,2015p1,Nov,NotGrapefruit
438.88719159,1.81818181818,NW,FCOJ,2015p1,Dec,NotGrapefruit
488.015842923,2.09090909091,NW,FCOJ,2015p1,Jan,NotGrapefruit
347.097564501,2.36363636364,NW,FCOJ,2015p1,Feb,NotGrapefruit
241.958417422,2.63636363636,NW,FCOJ,2015p1,Mar,NotGrapefruit
215.692294038,2.90909090909,NW,FCOJ,2015p1,Apr,NotGrapefruit
181.854319663,3.18181818182,NW,FCOJ,2015p1,May,NotGrapefruit
161.825167064,3.45454545455,NW,FCOJ,2015p1,Jun,NotGrapefruit
127.440836825,3.72727272727,NW,FCOJ,2015p1,Jul,NotGrapefruit
109.190199336,4.0,NW,FCOJ,2015p1,Aug,NotGrapefruit
51.0,4.0,NW,FCOJ,2015p2,Sep,NotGrapefruit
115.0,3.72727272727,NW,FCOJ,2015p2,Oct,NotGrapefruit
125.0,3.45454545455,NW,FCOJ,2015p2,Nov,NotGrapefruit
126.0,3.18181818182,NW,FCOJ,2015p2,Dec,NotGrapefruit
229.0,2.90909090909,NW,FCOJ,2015p2,Jan,NotGrapefruit
261.0,2.63636363636,NW,FCOJ,2015p2,Feb,NotGrapefruit
295.0,2.36363636364,NW,FCOJ,2015p2,Mar,NotGrapefruit
317.430729376,2.09090909091,NW,FCOJ,2015p2,Apr,NotGrapefruit
342.025538399,1.81818181818,NW,FCOJ,2015p2,May,NotGrapefruit
234.493298496,1.54545454545,NW,FCOJ,2015p2,Jun,NotGrapefruit
353.854314779,1.27272727273,NW,FCOJ,2015p2,Jul,NotGrapefruit
231.929417601,1.0,NW,FCOJ,2015p2,Aug,NotGrapefruit
0.0,4.0,NW,FCOJ,2015,Sep,NotGrapefruit
0.0,4.0,NW,FCOJ,2015,Oct,NotGrapefruit
0.0,4.0,NW,FCOJ,2015,Nov,NotGrapefruit
0.0,4.0,NW,FCOJ,2015,Dec,NotGrapefruit
0.0,4.0,NW,FCOJ,2015,Jan,NotGrapefruit
0.0,4.0,NW,FCOJ,2015,Feb,NotGrapefruit
0.0,4.0,NW,FCOJ,2015,Mar,NotGrapefruit
0.0,4.0,NW,FCOJ,2015,Apr,NotGrapefruit
0.0,4.0,NW,FCOJ,2015,May,NotGrapefruit
0.0,4.0,NW,FCOJ,2015,Jun,NotGrapefruit
0.0,4.0,NW,FCOJ,2015,Jul,NotGrapefruit
0.0,4.0,NW,FCOJ,2015,Aug,NotGrapefruit
395.986381241,2.2,NW,FCOJ,2016,Sep,NotGrapefruit
391.0,2.2,NW,FCOJ,2016,Oct,NotGrapefruit
391.0,2.2,NW,FCOJ,2016,Nov,NotGrapefruit
497.0,2.2,NW,FCOJ,2016,Dec,NotGrapefruit
315.366138062,2.2,NW,FCOJ,2016,Jan,NotGrapefruit
457.0,2.2,NW,FCOJ,2016,Feb,NotGrapefruit
409.0,2.2,NW,FCOJ,2016,Mar,NotGrapefruit
419.0,2.2,NW,FCOJ,2016,Apr,NotGrapefruit
405.0,2.2,NW,FCOJ,2016,May,NotGrapefruit
480.0,2.2,NW,FCOJ,2016,Jun,NotGrapefruit
499.731789684,2.2,NW,FCOJ,2016,Jul,NotGrapefruit
483.011974291,2.2,NW,FCOJ,2016,Aug,NotGrapefruit
431.0,2.1,NW,FCOJ,2017,Sep,NotGrapefruit
401.804385243,2.1,NW,FCOJ,2017,Oct,NotGrapefruit
453.504791253,2.1,NW,FCOJ,2017,Nov,NotGrapefruit
447.30561127,2.1,NW,FCOJ,2017,Dec,NotGrapefruit
463.466430957,2.1,NW,FCOJ,2017,Jan,NotGrapefruit
462.443668607,2.1,NW,FCOJ,2017,Feb,NotGrapefruit
418.734292638,2.1,NW,FCOJ,2017,Mar,NotGrapefruit
498.777014654,2.1,NW,FCOJ,2017,Apr,NotGrapefruit
343.035538343,2.1,NW,FCOJ,2017,May,NotGrapefruit
516.862911932,2.1,NW,FCOJ,2017,Jun,NotGrapefruit
555.016799817,2.1,NW,FCOJ,2017,Jul,NotGrapefruit
480.399344626,2.1,NW,FCOJ,2017,Aug,NotGrapefruit
64.768894516,4.0,NW,FCOJ,2018,Sep,NotGrapefruit
616.028526391,1.43,NW,FCOJ,2018,Oct,NotGrapefruit
671.890753903,1.43,NW,FCOJ,2018,Nov,NotGrapefruit
701.262227898,1.43,NW,FCOJ,2018,Dec,NotGrapefruit
682.702828004,1.43,NW,FCOJ,2018,Jan,NotGrapefruit
691.626305374,1.43,NW,FCOJ,2018,Feb,NotGrapefruit
699.822584518,1.43,NW,FCOJ,2018,Mar,NotGrapefruit
715.164198711,1.43,NW,FCOJ,2018,Apr,NotGrapefruit
699.057764993,1.43,NW,FCOJ,2018,May,NotGrapefruit
777.320200926,1.43,NW,FCOJ,2018,Jun,NotGrapefruit
748.307705426,1.43,NW,FCOJ,2018,Jul,NotGrapefruit
707.595923083,1.43,NW,FCOJ,2018,Aug,NotGrapefruit
