demand_pipeline/sales.csv
Sales,Price,Region,Product,Year,Month,Source
0.0,2.86326865508,SW,FCOJ,2005,Sep,MomPop
0.0,3.48953592685,SW,FCOJ,2005,Oct,MomPop
0.0,2.22306470851,SW,FCOJ,2005,Nov,MomPop
0.0,2.6986510771,SW,FCOJ,2005,Dec,MomPop
0.0,1.26572006975,SW,FCOJ,2005,Jan,MomPop
0.0,3.47615856321,SW,FCOJ,2005,Feb,MomPop
0.0,2.33832252923,SW,FCOJ,2005,Mar,MomPop
0.0,2.14497841101,SW,FCOJ,2005,Apr,MomPop
0.0,3.03955802413,SW,FCOJ,2005,May,MomPop
0.0,2.00603530647,SW,FCOJ,2005,Jun,MomPop
0.0,3.48541307835,SW,FCOJ,2005,Jul,MomPop
0.0,3.29252980987,SW,FCOJ,2005,Aug,MomPop
248.0,3.44591719564,SW,FCOJ,2006,Sep,MomPop
243.0,3.40155426477,SW,FCOJ,2006,Oct,MomPop
282.0,2.95699716233,SW,FCOJ,2006,Nov,MomPop
1158.0,1.38529666794,SW,FCOJ,2006,Dec,MomPop
532.0,2.38991926768,SW,FCOJ,2006,Jan,MomPop
1788.0,1.35179091407,SW,FCOJ,2006,Feb,MomPop
1661.0,1.38358324475,SW,FCOJ,2006,Mar,MomPop
371.0,2.67143323222,SW,FCOJ,2006,Apr,MomPop
972.0,1.73422054638,SW,FCOJ,2006,May,MomPop
716.0,2.06344570408,SW,FCOJ,2006,Jun,MomPop
327.0,2.90459746765,SW,FCOJ,2006,Jul,MomPop
333.0,3.01871385185,SW,FCOJ,2006,Aug,MomPop
230.0,3.37565661808,SW,FCOJ,2007,Sep,MomPop
479.874415842,2.4593005784,SW,FCOJ,2007,Oct,MomPop
1142.54324308,1.77515439416,SW,FCOJ,2007,Nov,MomPop
358.414659072,2.7300465916,SW,FCOJ,2007,Dec,MomPop
472.154311925,2.47267642821,SW,FCOJ,2007,Jan,MomPop
705.362211487,2.01630669244,SW,FCOJ,2007,Feb,MomPop
263.723847221,3.18540502482,SW,FCOJ,2007,Mar,MomPop
1035.37982398,1.79689854778,SW,FCOJ,2007,Apr,MomPop
268.339313912,3.18773885022,SW,FCOJ,2007,May,MomPop
258.361775116,3.57263630647,SW,FCOJ,2007,Jun,MomPop
877.271913716,1.85924386158,SW,FCOJ,2007,Jul,MomPop
2031.74597206,1.24084565171,SW,FCOJ,2007,Aug,MomPop
742.240488452,1.98758719427,SW,FCOJ,2008,Sep,MomPop
826.37270742,1.98758719427,SW,FCOJ,2008,Oct,MomPop
829.978657635,1.98758719427,SW,FCOJ,2008,Nov,MomPop
717.106332574,1.98758719427,SW,FCOJ,2008,Dec,MomPop
649.491266384,1.98758719427,SW,FCOJ,2008,Jan,MomPop
841.830025414,1.98758719427,SW,FCOJ,2008,Feb,MomPop
907.384915982,1.98758719427,SW,FCOJ,2008,Mar,MomPop
847.25214629,1.98758719427,SW,FCOJ,2008,Apr,MomPop
758.019744286,1.98758719427,SW,FCOJ,2008,May,MomPop
840.412917011,1.98758719427,SW,FCOJ,2008,Jun,MomPop
768.39037128,1.98758719427,SW,FCOJ,2008,Jul,MomPop
940.097327701,1.98758719427,SW,FCOJ,2008,Aug,MomPop
742.339284684,1.98758719427,SW,FCOJ,2009,Sep,MomPop
762.0,1.98758719427,SW,FCOJ,2009,Oct,MomPop
680.0,1.98758719427,SW,FCOJ,2009,Nov,MomPop
799.0,1.98758719427,SW,FCOJ,2009,Dec,MomPop
791.0,1.98758719427,SW,FCOJ,2009,Jan,MomPop
687.0,1.98758719427,SW,FCOJ,2009,Feb,MomPop
746.0,1.98758719427,SW,FCOJ,2009,Mar,MomPop
924.0,1.98758719427,SW,FCOJ,2009,Apr,MomPop
896.0,1.98758719427,SW,FCOJ,2009,May,MomPop
730.0,1.98758719427,SW,FCOJ,2009,Jun,MomPop
906.0,1.98758719427,SW,FCOJ,2009,Jul,MomPop
722.0,1.98758719427,SW,FCOJ,2009,Aug,MomPop
660.0,2.09,SW,FCOJ,2010,Sep,MomPop
826.319635057,2.09,SW,FCOJ,2010,Oct,MomPop
797.870376844,2.09,SW,FCOJ,2010,Nov,MomPop
796.137037516,2.09,SW,FCOJ,2010,Dec,MomPop
635.973978766,2.09,SW,FCOJ,2010,Jan,MomPop
660.265360032,2.09,SW,FCOJ,2010,Feb,MomPop
700.958968559,2.09,SW,FCOJ,2010,Mar,MomPop
676.581516035,2.09,SW,FCOJ,2010,Apr,MomPop
689.244079677,2.09,SW,FCOJ,2010,May,MomPop
832.697428697,2.09,SW,FCOJ,2010,Jun,MomPop
794.962470198,2.09,SW,FCOJ,2010,Jul,MomPop
729.366581427,2.09,SW,FCOJ,2010,Aug,MomPop
234.750070217,2.45559397869,SW,FCOJ,2011,Sep,MomPop
109.435590273,2.45559397869,SW,FCOJ,2011,Oct,MomPop
145.882514237,2.45559397869,SW,FCOJ,2011,Nov,MomPop
127.493742272,2.45559397869,SW,FCOJ,2011,Dec,MomPop
135.059773215,2.45559397869,SW,FCOJ,2011,Jan,MomPop
114.932333056,2.45559397869,SW,FCOJ,2011,Feb,MomPop
133.508574484,2.45559397869,SW,FCOJ,2011,Mar,MomPop
107.751411687,2.45559397869,SW,FCOJ,2011,Apr,MomPop
127.031961541,2.45559397869,SW,FCOJ,2011,May,MomPop
111.763190454,2.45559397869,SW,FCOJ,2011,Jun,MomPop
103.674866003,2.45559397869,SW,FCOJ,2011,Jul,MomPop
96.3094739235,2.45559397869,SW,FCOJ,2011,Aug,MomPop
149.756677058,3.08180951399,SW,FCOJ,2012,Sep,MomPop
277.809746024,2.97162241395,SW,FCOJ,2012,Oct,MomPop
259.437128102,2.4949578778,SW,FCOJ,2012,Nov,MomPop
292.395520313,3.57166472945,SW,FCOJ,2012,Dec,MomPop
238.025452406,3.5552652964,SW,FCOJ,2012,Jan,MomPop
1023.87474702,1.23515528482,SW,FCOJ,2012,Feb,MomPop
530.197121772,2.08071694682,SW,FCOJ,2012,Mar,MomPop
252.622831008,2.68317121096,SW,FCOJ,2012,Apr,MomPop
294.143233292,2.93538244652,SW,FCOJ,2012,May,MomPop
1163.46576489,1.5871787104,SW,FCOJ,2012,Jun,MomPop
250.998883115,3.58303888371,SW,FCOJ,2012,Jul,MomPop
209.396482338,2.99177205557,SW,FCOJ,2012,Aug,MomPop
511.142185229,2.23448399284,SW,FCOJ,2013,Sep,MomPop
662.926944362,2.23448399284,SW,FCOJ,2013,Oct,MomPop
629.631394661,2.23448399284,SW,FCOJ,2013,Nov,MomPop
534.771203193,2.23448399284,SW,FCOJ,2013,Dec,MomPop
547.422917816,2.23448399284,SW,FCOJ,2013,Jan,MomPop
486.53973382,2.23448399284,SW,FCOJ,2013,Feb,MomPop
617.632592147,2.23448399284,SW,FCOJ,2013,Mar,MomPop
596.818468113,2.23448399284,SW,FCOJ,2013,Apr,MomPop
686.599889167,2.23448399284,SW,FCOJ,2013,May,MomPop
731.860284559,2.23448399284,SW,FCOJ,2013,Jun,MomPop
656.582764184,2.23448399284,SW,FCOJ,2013,Jul,MomPop
666.155052395,2.23448399284,SW,FCOJ,2013,Aug,MomPop
421.0,2.68138079141,SW,FCOJ,2014,Sep,MomPop
394.0,2.68138079141,SW,FCOJ,2014,Oct,MomPop
409.0,2.68138079141,SW,FCOJ,2014,Nov,MomPop
383.0,2.68138079141,SW,FCOJ,2014,Dec,MomPop
356.0,2.68138079141,SW,FCOJ,2014,Jan,MomPop
459.0,2.68138079141,SW,FCOJ,2014,Feb,MomPop
344.0,2.68138079141,SW,FCOJ,2014,Mar,MomPop
442.0,2.68138079141,SW,FCOJ,2014,Apr,MomPop
411.0,2.68138079141,SW,FCOJ,2014,May,MomPop
360.0,2.68138079141,SW,FCOJ,2014,Jun,MomPop
395.0,2.68138079141,SW,FCOJ,2014,Jul,MomPop
391.0,2.68138079141,SW,FCOJ,2014,Aug,MomPop
382.613010241,1.0,SW,FCOJ,2015p1,Sep,NotGrapefruit
1410.8087129,1.27272727273,SW,FCOJ,2015p1,Oct,NotGrapefruit
1013.08066946,1.54545454545,SW,FCOJ,2015p1,Nov,NotGrapefruit
1036.38469857,1.81818181818,SW,FCOJ,2015p1,Dec,NotGrapefruit
642.649807809,2.09090909091,SW,FCOJ,2015p1,Jan,NotGrapefruit
617.016048035,2.36363636364,SW,FCOJ,2015p1,Feb,NotGrapefruit
443.949970787,2.63636363636,SW,FCOJ,2015p1,Mar,NotGrapefruit
431.11790552,2.90909090909,SW,FCOJ,2015p1,Apr,NotGrapefruit
269.433718735,3.18181818182,SW,FCOJ,2015p1,May,NotGrapefruit
222.162315076,3.45454545455,SW,FCOJ,2015p1,Jun,NotGrapefruit
214.607551561,3.72727272727,SW,FCOJ,2015p1,Jul,NotGrapefruit
179.377809751,4.0,SW,FCOJ,2015p1,Aug,NotGrapefruit
102.0,4.0,SW,FCOJ,2015p2,Sep,NotGrapefruit
195.0,3.72727272727,SW,FCOJ,2015p2,Oct,NotGrapefruit
199.0,3.45454545455,SW,FCOJ,2015p2,Nov,NotGrapefruit
288.0,3.18181818182,SW,FCOJ,2015p2,Dec,NotGrapefruit
295.0,2.90909090909,SW,FCOJ,2015p2,Jan,NotGrapefruit
460.0,2.63636363636,SW,FCOJ,2015p2,Feb,NotGrapefruit
548.0,2.36363636364,SW,FCOJ,2015p2,Mar,NotGrapefruit
678.329001947,2.09090909091,SW,FCOJ,2015p2,Apr,NotGrapefruit
583.630369172,1.81818181818,SW,FCOJ,2015p2,May,NotGrapefruit
295.661374312,1.54545454545,SW,FCOJ,2015p2,Jun,NotGrapefruit
598.316459173,1.27272727273,SW,FCOJ,2015p2,Jul,NotGrapefruit
335.880303891,1.0,SW,FCOJ,2015p2,Aug,NotGrapefruit
0.0,4.0,SW,FCOJ,2015,Sep,NotGrapefruit
0.0,4.0,SW,FCOJ,2015,Oct,NotGrapefruit
0.0,4.0,SW,FCOJ,2015,Nov,NotGrapefruit
0.0,4.0,SW,FCOJ,2015,Dec,NotGrapefruit
0.0,4.0,SW,FCOJ,2015,Jan,NotGrapefruit
0.0,4.0,SW,FCOJ,2015,Feb,NotGrapefruit
0.0,4.0,SW,FCOJ,2015,Mar,NotGrapefruit
0.0,4.0,SW,FCOJ,2015,Apr,NotGrapefruit
0.0,4.0,SW,FCOJ,2015,May,NotGrapefruit
0.0,4.0,SW,FCOJ,2015,Jun,NotGrapefruit
0.0,4.0,SW,FCOJ,2015,Jul,NotGrapefruit
0.0,4.0,SW,FCOJ,2015,Aug,NotGrapefruit
686.550873604,2.1,SW,FCOJ,2016,Sep,NotGrapefruit
707.720912798,2.1,SW,FCOJ,2016,Oct,NotGrapefruit
726.935277702,2.1,SW,FCOJ,2016,Nov,NotGrapefruit
747.904309485,2.1,SW,FCOJ,2016,Dec,NotGrapefruit
652.352525588,2.1,SW,FCOJ,2016,Jan,NotGrapefruit
753.960868976,2.1,SW,FCOJ,2016,Feb,NotGrapefruit
851.216007057,2.1,SW,FCOJ,2016,Mar,NotGrapefruit
633.831416725,2.1,SW,FCOJ,2016,Apr,NotGrapefruit
751.20207561,2.1,SW,FCOJ,2016,May,NotGrapefruit
828.082859979,2.1,SW,FCOJ,2016,Jun,NotGrapefruit
898.420682737,2.1,SW,FCOJ,2016,Jul,NotGrapefruit
647.342845066,2.1,SW,FCOJ,2016,Aug,NotGrapefruit
780.756738169,2.0,SW,FCOJ,2017,Sep,NotGrapefruit
816.192970173,2.0,SW,FCOJ,2017,Oct,NotGrapefruit
825.985358999,2.0,SW,FCOJ,2017,Nov,NotGrapefruit
819.699809987,2.0,SW,FCOJ,2017,Dec,NotGrapefruit
800.492269023,2.0,SW,FCOJ,2017,Jan,NotGrapefruit
798.846111176,2.0,SW,FCOJ,2017,Feb,NotGrapefruit
737.081509212,2.0,SW,FCOJ,2017,Mar,NotGrapefruit
777.6413388,2.0,SW,FCOJ,2017,Apr,NotGrapefruit
876.014377551,2.0,SW,FCOJ,2017,May,NotGrapefruit
829.153760963,2.0,SW,FCOJ,2017,Jun,NotGrapefruit
808.183973281,2.0,SW,FCOJ,2017,Jul,NotGrapefruit
781.381471575,2.0,SW,FCOJ,2017,Aug,NotGrapefruit
107.813607458,4.0,SW,FCOJ,2018,Sep,NotGrapefruit
266.605407348,2.84,SW,FCOJ,2018,Oct,NotGrapefruit
292.486122592,2.84,SW,FCOJ,2018,Nov,NotGrapefruit
265.431945888,2.84,SW,FCOJ,2018,Dec,NotGrapefruit
323.352899376,2.84,SW,FCOJ,2018,Jan,NotGrapefruit
308.313361338,2.84,SW,FCOJ,2018,Feb,NotGrapefruit
305.604201508,2.84,SW,FCOJ,2018,Mar,NotGrapefruit
284.332549435,2.84,SW,FCOJ,2018,Apr,NotGrapefruit
238.739804241,2.84,SW,FCOJ,2018,May,NotGrapefruit
256.432418345,2.84,SW,FCOJ,2018,Jun,NotGrapefruit
246.526127608,2.84,SW,FCOJ,2018,Jul,NotGrapefruit
312.179728222,2.84,SW,FCOJ,2018,Aug,NotGrapefruit
